Component: ARM Compiler 5.06 update 7 (build 960) Tool: armlink [4d3601]

==============================================================================

Section Cross References

    startup_stm32f103xe.o(STACK) refers (Special) to heapauxi.o(.text) for __use_two_region_memory
    startup_stm32f103xe.o(HEAP) refers (Special) to heapauxi.o(.text) for __use_two_region_memory
    startup_stm32f103xe.o(RESET) refers (Special) to heapauxi.o(.text) for __use_two_region_memory
    startup_stm32f103xe.o(RESET) refers to startup_stm32f103xe.o(STACK) for __initial_sp
    startup_stm32f103xe.o(RESET) refers to startup_stm32f103xe.o(.text) for Reset_Handler
    startup_stm32f103xe.o(RESET) refers to stm32f1xx_it.o(i.NMI_Handler) for NMI_Handler
    startup_stm32f103xe.o(RESET) refers to stm32f1xx_it.o(i.HardFault_Handler) for HardFault_Handler
    startup_stm32f103xe.o(RESET) refers to stm32f1xx_it.o(i.MemManage_Handler) for MemManage_Handler
    startup_stm32f103xe.o(RESET) refers to stm32f1xx_it.o(i.BusFault_Handler) for BusFault_Handler
    startup_stm32f103xe.o(RESET) refers to stm32f1xx_it.o(i.UsageFault_Handler) for UsageFault_Handler
    startup_stm32f103xe.o(RESET) refers to port.o(.emb_text) for SVC_Handler
    startup_stm32f103xe.o(RESET) refers to stm32f1xx_it.o(i.DebugMon_Handler) for DebugMon_Handler
    startup_stm32f103xe.o(RESET) refers to stm32f1xx_it.o(i.SysTick_Handler) for SysTick_Handler
    startup_stm32f103xe.o(RESET) refers to stm32f1xx_it.o(i.DMA1_Channel6_IRQHandler) for DMA1_Channel6_IRQHandler
    startup_stm32f103xe.o(RESET) refers to stm32f1xx_it.o(i.USART1_IRQHandler) for USART1_IRQHandler
    startup_stm32f103xe.o(RESET) refers to stm32f1xx_it.o(i.USART2_IRQHandler) for USART2_IRQHandler
    startup_stm32f103xe.o(RESET) refers to stm32f1xx_it.o(i.USART3_IRQHandler) for USART3_IRQHandler
    startup_stm32f103xe.o(RESET) refers to stm32f1xx_it.o(i.UART4_IRQHandler) for UART4_IRQHandler
    startup_stm32f103xe.o(RESET) refers to stm32f1xx_it.o(i.UART5_IRQHandler) for UART5_IRQHandler
    startup_stm32f103xe.o(.text) refers (Special) to heapauxi.o(.text) for __use_two_region_memory
    startup_stm32f103xe.o(.text) refers to system_stm32f1xx.o(i.SystemInit) for SystemInit
    startup_stm32f103xe.o(.text) refers to __main.o(!!!main) for __main
    startup_stm32f103xe.o(.text) refers to startup_stm32f103xe.o(HEAP) for Heap_Mem
    startup_stm32f103xe.o(.text) refers to startup_stm32f103xe.o(STACK) for Stack_Mem
    main.o(i.SystemClock_Config) refers to rt_memclr_w.o(.text) for __aeabi_memclr4
    main.o(i.SystemClock_Config) refers to stm32f1xx_hal_rcc.o(i.HAL_RCC_OscConfig) for HAL_RCC_OscConfig
    main.o(i.SystemClock_Config) refers to stm32f1xx_hal_rcc.o(i.HAL_RCC_ClockConfig) for HAL_RCC_ClockConfig
    main.o(i.main) refers to stm32f1xx_hal.o(i.HAL_Init) for HAL_Init
    main.o(i.main) refers to main.o(i.SystemClock_Config) for SystemClock_Config
    main.o(i.main) refers to gpio.o(i.MX_GPIO_Init) for MX_GPIO_Init
    main.o(i.main) refers to dma.o(i.MX_DMA_Init) for MX_DMA_Init
    main.o(i.main) refers to usart.o(i.MX_UART4_Init) for MX_UART4_Init
    main.o(i.main) refers to usart.o(i.MX_USART2_UART_Init) for MX_USART2_UART_Init
    main.o(i.main) refers to usart.o(i.MX_USART3_UART_Init) for MX_USART3_UART_Init
    main.o(i.main) refers to usart.o(i.MX_UART5_Init) for MX_UART5_Init
    main.o(i.main) refers to usart.o(i.MX_USART1_UART_Init) for MX_USART1_UART_Init
    main.o(i.main) refers to robot_communication.o(i.robot_com_task_init) for robot_com_task_init
    main.o(i.main) refers to serial_screen.o(i.serial_screen_init) for serial_screen_init
    main.o(i.main) refers to ops9_task.o(i.OPS9_init) for OPS9_init
    main.o(i.main) refers to auto_screen_task.o(i.auto_screen_task_init) for auto_screen_task_init
    main.o(i.main) refers to freertos.o(i.MX_FREERTOS_Init) for MX_FREERTOS_Init
    main.o(i.main) refers to cmsis_os.o(i.osKernelStart) for osKernelStart
    gpio.o(i.MX_GPIO_Init) refers to stm32f1xx_hal_gpio.o(i.HAL_GPIO_WritePin) for HAL_GPIO_WritePin
    gpio.o(i.MX_GPIO_Init) refers to stm32f1xx_hal_gpio.o(i.HAL_GPIO_Init) for HAL_GPIO_Init
    freertos.o(i.MX_FREERTOS_Init) refers to rt_memcpy_w.o(.text) for __aeabi_memcpy4
    freertos.o(i.MX_FREERTOS_Init) refers to cmsis_os.o(i.osThreadCreate) for osThreadCreate
    freertos.o(i.MX_FREERTOS_Init) refers to freertos.o(.constdata) for .constdata
    freertos.o(i.MX_FREERTOS_Init) refers to freertos.o(.data) for .data
    freertos.o(i.StartDefaultTask) refers to chassis_task.o(i.get_chassis_state) for get_chassis_state
    freertos.o(i.StartDefaultTask) refers to stm32f1xx_hal_gpio.o(i.HAL_GPIO_WritePin) for HAL_GPIO_WritePin
    freertos.o(i.StartDefaultTask) refers to tasks.o(i.vTaskDelay) for vTaskDelay
    freertos.o(i.vApplicationGetIdleTaskMemory) refers to freertos.o(.bss) for .bss
    freertos.o(.constdata) refers to freertos.o(.conststring) for .conststring
[...]
    count_init                               0x200000a4   Data           2  auto_screen_task.o(.data)
    .data                                    0x200000a8   Section       12  average_filter.o(.data)
    .data                                    0x200000b4   Section        2  crc8_crc16.o(.data)
    .data                                    0x200000b6   Section        2  ops9_task.o(.data)
    .bss                                     0x200000b8   Section      596  freertos.o(.bss)
    xIdleTaskTCBBuffer                       0x200000b8   Data          84  freertos.o(.bss)
    xIdleStack                               0x2000010c   Data         512  freertos.o(.bss)
    .bss                                     0x2000030c   Section      428  usart.o(.bss)
    .bss                                     0x200004b8   Section      240  tasks.o(.bss)
    pxReadyTasksLists                        0x200004b8   Data         140  tasks.o(.bss)
    xDelayedTaskList1                        0x20000544   Data          20  tasks.o(.bss)
    xDelayedTaskList2                        0x20000558   Data          20  tasks.o(.bss)
    xPendingReadyList                        0x2000056c   Data          20  tasks.o(.bss)
    xTasksWaitingTermination                 0x20000580   Data          20  tasks.o(.bss)
    xSuspendedTaskList                       0x20000594   Data          20  tasks.o(.bss)
    .bss                                     0x200005a8   Section     3072  heap_4.o(.bss)
    ucHeap                                   0x200005a8   Data        3072  heap_4.o(.bss)
    .bss                                     0x200011a8   Section      324  chassis_task.o(.bss)
    .bss                                     0x200012ec   Section      257  uart_receive.o(.bss)
    .bss                                     0x200013ed   Section       50  serial_screen.o(.bss)
    .bss                                     0x20001420   Section      960  motor_control.o(.bss)
    .bss                                     0x200017e0   Section    16268  auto_task.o(.bss)
    .bss                                     0x2000576c   Section      102  robot_communication.o(.bss)
    .bss                                     0x200057d4   Section      136  auto_screen_task.o(.bss)
    .bss                                     0x2000585c   Section     1824  average_filter.o(.bss)
    .bss                                     0x20005f7c   Section       16  emm_v5.o(.bss)
    .bss                                     0x20005f8c   Section       28  ops9_task.o(.bss)
    .bss                                     0x20005fa8   Section       96  libspace.o(.bss)
    HEAP                                     0x20006008   Section      512  startup_stm32f103xe.o(HEAP)
    Heap_Mem                                 0x20006008   Data         512  startup_stm32f103xe.o(HEAP)
    STACK                                    0x20006208   Section     1024  startup_stm32f103xe.o(STACK)
    Stack_Mem                                0x20006208   Data        1024  startup_stm32f103xe.o(STACK)
    __initial_sp                             0x20006608   Data           0  startup_stm32f103xe.o(STACK)

    Global Symbols

    Symbol Name                              Value     Ov Type        Size  Object(Section)

    BuildAttributes$$THM_ISAv4$P$D$K$B$S$PE$A:L22UL41UL21$X:L11$S22US41US21$IEEE1$IW$USESV6$~STKCKD$USESV7$~SHL$OTIME$ROPI$IEEEX$EBA8$UX$STANDARDLIB$REQ8$PRES8$EABIv2 0x00000000   Number         0  anon$$obj.o ABSOLUTE
    __ARM_use_no_argv                        0x00000000   Number         0  main.o ABSOLUTE
    __ARM_exceptions_init                     - Undefined Weak Reference
    __alloca_initialize                       - Undefined Weak Reference
    __arm_fini_                               - Undefined Weak Reference
    __arm_preinit_                            - Undefined Weak Reference
    __cpp_initialize__aeabi_                  - Undefined Weak Reference
    __cxa_finalize                            - Undefined Weak Reference
    __rt_locale                               - Undefined Weak Reference
    __sigvec_lookup                           - Undefined Weak Reference
    _atexit_init                              - Undefined Weak Reference
    _call_atexit_fns                          - Undefined Weak Reference
    _clock_init                               - Undefined Weak Reference
    _fp_trap_init                             - Undefined Weak Reference
    _fp_trap_shutdown                         - Undefined Weak Reference
    _get_lc_collate                           - Undefined Weak Reference
    _get_lc_ctype                             - Undefined Weak Reference
    _get_lc_monetary                          - Undefined Weak Reference
    _get_lc_numeric                           - Undefined Weak Reference
    _get_lc_time                              - Undefined Weak Reference
    _getenv_init                              - Undefined Weak Reference
    _handle_redirection                       - Undefined Weak Reference
    _init_alloc                               - Undefined Weak Reference
    _init_user_alloc                          - Undefined Weak Reference
    _initio                                   - Undefined Weak Reference
    _rand_init                                - Undefined Weak Reference
    _signal_finish                            - Undefined Weak Reference
    _signal_init                              - Undefined Weak Reference
    _terminate_alloc                          - Undefined Weak Reference
    _terminate_user_alloc                     - Undefined Weak Reference
    _terminateio                              - Undefined Weak Reference
    __Vectors_Size                           0x00000130   Number         0  startup_stm32f103xe.o ABSOLUTE
    __Vectors                                0x08000000   Data           4  startup_stm32f103xe.o(RESET)
    __Vectors_End                            0x08000130   Data           0  startup_stm32f103xe.o(RESET)
    __main                                   0x08000131   Thumb Code     8  __main.o(!!!main)
    __scatterload                            0x08000139   Thumb Code     0  __scatter.o(!!!scatter)
    __scatterload_rt2                        0x08000139   Thumb Code    44  __scatter.o(!!!scatter)
    __scatterload_rt2_thumb_only             0x08000139   Thumb Code     0  __scatter.o(!!!scatter)
    __scatterload_null                       0x08000147   Thumb Code     0  __scatter.o(!!!scatter)
    __scatterload_copy                       0x0800016d   Thumb Code    26  __scatter_copy.o(!!handler_copy)
    __scatterload_zeroinit                   0x08000189   Thumb Code    28  __scatter_zi.o(!!handler_zi)
    __rt_lib_init                            0x080001a5   Thumb Code     0  libinit.o(.ARM.Collect$$libinit$$00000000)
    __rt_lib_init_alloca_1                   0x080001a7   Thumb Code     0  libinit2.o(.ARM.Collect$$libinit$$0000002E)
    __rt_lib_init_argv_1                     0x080001a7   Thumb Code     0  libinit2.o(.ARM.Collect$$libinit$$0000002C)
    __rt_lib_init_atexit_1                   0x080001a7   Thumb Code     0  libinit2.o(.ARM.Collect$$libinit$$0000001B)
    __rt_lib_init_clock_1                    0x080001a7   Thumb Code     0  libinit2.o(.ARM.Collect$$libinit$$00000021)
    __rt_lib_init_cpp_1                      0x080001a7   Thumb Code     0  libinit2.o(.ARM.Collect$$libinit$$00000032)
    __rt_lib_init_exceptions_1               0x080001a7   Thumb Code     0  libinit2.o(.ARM.Collect$$libinit$$00000030)
    __rt_lib_init_fp_1                       0x080001a7   Thumb Code     0  libinit2.o(.ARM.Collect$$libinit$$00000002)
    __rt_lib_init_fp_trap_1                  0x080001a7   Thumb Code     0  libinit2.o(.ARM.Collect$$libinit$$0000001F)
    __rt_lib_init_getenv_1                   0x080001a7   Thumb Code     0  libinit2.o(.ARM.Collect$$libinit$$00000023)
    __rt_lib_init_heap_1                     0x080001a7   Thumb Code     0  libinit2.o(.ARM.Collect$$libinit$$0000000A)
    __rt_lib_init_lc_collate_1               0x080001a7   Thumb Code     0  libinit2.o(.ARM.Collect$$libinit$$00000011)
    __rt_lib_init_lc_ctype_1                 0x080001a7   Thumb Code     0  libinit2.o(.ARM.Collect$$libinit$$00000013)
    __rt_lib_init_lc_monetary_1              0x080001a7   Thumb Code     0  libinit2.o(.ARM.Collect$$libinit$$00000015)
    __rt_lib_init_lc_numeric_1               0x080001a7   Thumb Code     0  libinit2.o(.ARM.Collect$$libinit$$00000017)
    __rt_lib_init_lc_time_1                  0x080001a7   Thumb Code     0  libinit2.o(.ARM.Collect$$libinit$$00000019)
    __rt_lib_init_preinit_1                  0x080001a7   Thumb Code     0  libinit2.o(.ARM.Collect$$libinit$$00000004)
    __rt_lib_init_rand_1                     0x080001a7   Thumb Code     0  libinit2.o(.ARM.Collect$$libinit$$0000000E)
    __rt_lib_init_return                     0x080001a7   Thumb Code     0  libinit2.o(.ARM.Collect$$libinit$$00000033)
    __rt_lib_init_signal_1                   0x080001a7   Thumb Code     0  libinit2.o(.ARM.Collect$$libinit$$0000001D)
    __rt_lib_init_stdio_1                    0x080001a7   Thumb Code     0  libinit2.o(.ARM.Collect$$libinit$$00000025)
    __rt_lib_init_user_alloc_1               0x080001a7   Thumb Code     0  libinit2.o(.ARM.Collect$$libinit$$0000000C)
    __rt_lib_shutdown                        0x080001a9   Thumb Code     0  libshutdown.o(.ARM.Collect$$libshutdown$$00000000)
    __rt_lib_shutdown_cpp_1                  0x080001ab   Thumb Code     0  libshutdown2.o(.ARM.Collect$$libshutdown$$00000004)
    __rt_lib_shutdown_fini_1                 0x080001ab   Thumb Code     0  libshutdown2.o(.ARM.Collect$$libshutdown$$00000002)
    __rt_lib_shutdown_fp_trap_1              0x080001ab   Thumb Code     0  libshutdown2.o(.ARM.Collect$$libshutdown$$00000009)
    __rt_lib_shutdown_heap_1                 0x080001ab   Thumb Code     0  libshutdown2.o(.ARM.Collect$$libshutdown$$00000011)
    __rt_lib_shutdown_return                 0x080001ab   Thumb Code     0  libshutdown2.o(.ARM.Collect$$libshutdown$$00000012)
    __rt_lib_shutdown_signal_1               0x080001ab   Thumb Code     0  libshutdown2.o(.ARM.Collect$$libshutdown$$0000000C)
    __rt_lib_shutdown_stdio_1                0x080001ab   Thumb Code     0  libshutdown2.o(.ARM.Collect$$libshutdown$$00000006)
    __rt_lib_shutdown_user_alloc_1           0x080001ab   Thumb Code     0  libshutdown2.o(.ARM.Collect$$libshutdown$$0000000E)
    __rt_entry                               0x080001ad   Thumb Code     0  __rtentry.o(.ARM.Collect$$rtentry$$00000000)
    __rt_entry_presh_1                       0x080001ad   Thumb Code     0  __rtentry2.o(.ARM.Collect$$rtentry$$00000002)
    __rt_entry_sh                            0x080001ad   Thumb Code     0  __rtentry4.o(.ARM.Collect$$rtentry$$00000004)
    __rt_entry_li                            0x080001b3   Thumb Code     0  __rtentry2.o(.ARM.Collect$$rtentry$$0000000A)
    __rt_entry_postsh_1                      0x080001b3   Thumb Code     0  __rtentry2.o(.ARM.Collect$$rtentry$$00000009)
    __rt_entry_main                          0x080001b7   Thumb Code     0  __rtentry2.o(.ARM.Collect$$rtentry$$0000000D)
    __rt_entry_postli_1                      0x080001b7   Thumb Code     0  __rtentry2.o(.ARM.Collect$$rtentry$$0000000C)
    __rt_exit                                0x080001bf   Thumb Code     0  rtexit.o(.ARM.Collect$$rtexit$$00000000)
    __rt_exit_ls                             0x080001c1   Thumb Code     0  rtexit2.o(.ARM.Collect$$rtexit$$00000003)
    __rt_exit_prels_1                        0x080001c1   Thumb Code     0  rtexit2.o(.ARM.Collect$$rtexit$$00000002)
    __rt_exit_exit                           0x080001c5   Thumb Code     0  rtexit2.o(.ARM.Collect$$rtexit$$00000004)
    SVC_Handler                              0x080001cd   Thumb Code    32  port.o(.emb_text)
    __asm___6_port_c_39a90d8d__prvStartFirstTask 0x080001f1   Thumb Code    28  port.o(.emb_text)
    PendSV_Handler                           0x08000211   Thumb Code    72  port.o(.emb_text)
    vPortGetIPSR                             0x0800025d   Thumb Code     6  port.o(.emb_text)
    Reset_Handler                            0x08000265   Thumb Code     8  startup_stm32f103xe.o(.text)
    ADC1_2_IRQHandler                        0x0800027f   Thumb Code     0  startup_stm32f103xe.o(.text)
    ADC3_IRQHandler                          0x0800027f   Thumb Code     0  startup_stm32f103xe.o(.text)
    CAN1_RX1_IRQHandler                      0x0800027f   Thumb Code     0  startup_stm32f103xe.o(.text)
    CAN1_SCE_IRQHandler                      0x0800027f   Thumb Code     0  startup_stm32f103xe.o(.text)
    DMA1_Channel1_IRQHandler                 0x0800027f   Thumb Code     0  startup_stm32f103xe.o(.text)
    DMA1_Channel2_IRQHandler                 0x0800027f   Thumb Code     0  startup_stm32f103xe.o(.text)
    DMA1_Channel3_IRQHandler                 0x0800027f   Thumb Code     0  startup_stm32f103xe.o(.text)
    DMA1_Channel4_IRQHandler                 0x0800027f   Thumb Code     0  startup_stm32f103xe.o(.text)
    DMA1_Channel5_IRQHandler                 0x0800027f   Thumb Code     0  startup_stm32f103xe.o(.text)
    DMA1_Channel7_IRQHandler                 0x0800027f   Thumb Code     0  startup_stm32f103xe.o(.text)
    DMA2_Channel1_IRQHandler                 0x0800027f   Thumb Code     0  startup_stm32f103xe.o(.text)
    DMA2_Channel2_IRQHandler                 0x0800027f   Thumb Code     0  startup_stm32f103xe.o(.text)
    DMA2_Channel3_IRQHandler                 0x0800027f   Thumb Code     0  startup_stm32f103xe.o(.text)
    DMA2_Channel4_5_IRQHandler               0x0800027f   Thumb Code     0  startup_stm32f103xe.o(.text)
    EXTI0_IRQHandler                         0x0800027f   Thumb Code     0  startup_stm32f103xe.o(.text)
    EXTI15_10_IRQHandler                     0x0800027f   Thumb Code     0  startup_stm32f103xe.o(.text)
    EXTI1_IRQHandler                         0x0800027f   Thumb Code     0  startup_stm32f103xe.o(.text)
    EXTI2_IRQHandler                         0x0800027f   Thumb Code     0  startup_stm32f103xe.o(.text)
    EXTI3_IRQHandler                         0x0800027f   Thumb Code     0  startup_stm32f103xe.o(.text)
    EXTI4_IRQHandler                         0x0800027f   Thumb Code     0  startup_stm32f103xe.o(.text)
    EXTI9_5_IRQHandler                       0x0800027f   Thumb Code     0  startup_stm32f103xe.o(.text)
    FLASH_IRQHandler                         0x0800027f   Thumb Code     0  startup_stm32f103xe.o(.text)
    FSMC_IRQHandler                          0x0800027f   Thumb Code     0  startup_stm32f103xe.o(.text)
    I2C1_ER_IRQHandler                       0x0800027f   Thumb Code     0  startup_stm32f103xe.o(.text)
    I2C1_EV_IRQHandler                       0x0800027f   Thumb Code     0  startup_stm32f103xe.o(.text)
    I2C2_ER_IRQHandler                       0x0800027f   Thumb Code     0  startup_stm32f103xe.o(.text)
    I2C2_EV_IRQHandler                       0x0800027f   Thumb Code     0  startup_stm32f103xe.o(.text)
    PVD_IRQHandler                           0x0800027f   Thumb Code     0  startup_stm32f103xe.o(.text)
    RCC_IRQHandler                           0x0800027f   Thumb Code     0  startup_stm32f103xe.o(.text)
    RTC_Alarm_IRQHandler                     0x0800027f   Thumb Code     0  startup_stm32f103xe.o(.text)
    RTC_IRQHandler                           0x0800027f   Thumb Code     0  startup_stm32f103xe.o(.text)
    SDIO_IRQHandler                          0x0800027f   Thumb Code     0  startup_stm32f103xe.o(.text)
    SPI1_IRQHandler                          0x0800027f   Thumb Code     0  startup_stm32f103xe.o(.text)
    SPI2_IRQHandler                          0x0800027f   Thumb Code     0  startup_stm32f103xe.o(.text)
    SPI3_IRQHandler                          0x0800027f   Thumb Code     0  startup_stm32f103xe.o(.text)
    TAMPER_IRQHandler                        0x0800027f   Thumb Code     0  startup_stm32f103xe.o(.text)
    TIM1_BRK_IRQHandler                      0x0800027f   Thumb Code     0  startup_stm32f103xe.o(.text)
    TIM1_CC_IRQHandler                       0x0800027f   Thumb Code     0  startup_stm32f103xe.o(.text)
    TIM1_TRG_COM_IRQHandler                  0x0800027f   Thumb Code     0  startup_stm32f103xe.o(.text)
    TIM1_UP_IRQHandler                       0x0800027f   Thumb Code     0  startup_stm32f103xe.o(.text)
    TIM2_IRQHandler                          0x0800027f   Thumb Code     0  startup_stm32f103xe.o(.text)
    TIM3_IRQHandler                          0x0800027f   Thumb Code     0  startup_stm32f103xe.o(.text)
    TIM4_IRQHandler                          0x0800027f   Thumb Code     0  startup_stm32f103xe.o(.text)
    TIM5_IRQHandler                          0x0800027f   Thumb Code     0  startup_stm32f103xe.o(.text)
    TIM6_IRQHandler                          0x0800027f   Thumb Code     0  startup_stm32f103xe.o(.text)
    TIM7_IRQHandler                          0x0800027f   Thumb Code     0  startup_stm32f103xe.o(.text)
    TIM8_BRK_IRQHandler                      0x0800027f   Thumb Code     0  startup_stm32f103xe.o(.text)
    TIM8_CC_IRQHandler                       0x0800027f   Thumb Code     0  startup_stm32f103xe.o(.text)
    TIM8_TRG_COM_IRQHandler                  0x0800027f   Thumb Code     0  startup_stm32f103xe.o(.text)
    TIM8_UP_IRQHandler                       0x0800027f   Thumb Code     0  startup_stm32f103xe.o(.text)
    USBWakeUp_IRQHandler                     0x0800027f   Thumb Code     0  startup_stm32f103xe.o(.text)
    USB_HP_CAN1_TX_IRQHandler                0x0800027f   Thumb Code     0  startup_stm32f103xe.o(.text)
    USB_LP_CAN1_RX0_IRQHandler               0x0800027f   Thumb Code     0  startup_stm32f103xe.o(.text)
    WWDG_IRQHandler                          0x0800027f   Thumb Code     0  startup_stm32f103xe.o(.text)
    __user_initial_stackheap                 0x08000281   Thumb Code     0  startup_stm32f103xe.o(.text)
    __aeabi_memcpy                           0x080002a5   Thumb Code     0  rt_memcpy_v6.o(.text)
    __rt_memcpy                              0x080002a5   Thumb Code   138  rt_memcpy_v6.o(.text)
    _memcpy_lastbytes                        0x0800030b   Thumb Code     0  rt_memcpy_v6.o(.text)
    __aeabi_memcpy4                          0x0800032f   Thumb Code     0  rt_memcpy_w.o(.text)
    __aeabi_memcpy8                          0x0800032f   Thumb Code     0  rt_memcpy_w.o(.text)
    __rt_memcpy_w                            0x0800032f   Thumb Code   100  rt_memcpy_w.o(.text)
    _memcpy_lastbytes_aligned                0x08000377   Thumb Code     0  rt_memcpy_w.o(.text)
    __aeabi_memclr                           0x08000393   Thumb Code     0  rt_memclr.o(.text)
    __rt_memclr                              0x08000393   Thumb Code    68  rt_memclr.o(.text)
    _memset                                  0x08000397   Thumb Code     0  rt_memclr.o(.text)
    __aeabi_memclr4                          0x080003d7   Thumb Code     0  rt_memclr_w.o(.text)
    __aeabi_memclr8                          0x080003d7   Thumb Code     0  rt_memclr_w.o(.text)
    __rt_memclr_w                            0x080003d7   Thumb Code    78  rt_memclr_w.o(.text)
    _memset_w                                0x080003db   Thumb Code     0  rt_memclr_w.o(.text)
    __use_two_region_memory                  0x08000425   Thumb Code     2  heapauxi.o(.text)
    __rt_heap_escrow$2region                 0x08000427   Thumb Code     2  heapauxi.o(.text)
    __rt_heap_expand$2region                 0x08000429   Thumb Code     2  heapauxi.o(.text)
    __read_errno                             0x0800042b   Thumb Code    10  _rserrno.o(.text)
    __set_errno                              0x08000435   Thumb Code    12  _rserrno.o(.text)
    __aeabi_errno_addr                       0x08000441   Thumb Code     8  rt_errno_addr_intlibspace.o(.text)
    __errno$intlibspace                      0x08000441   Thumb Code     0  rt_errno_addr_intlibspace.o(.text)
    __rt_errno_addr$intlibspace              0x08000441   Thumb Code     0  rt_errno_addr_intlibspace.o(.text)
    __user_libspace                          0x08000449   Thumb Code     8  libspace.o(.text)
    __user_perproc_libspace                  0x08000449   Thumb Code     0  libspace.o(.text)
    __user_perthread_libspace                0x08000449   Thumb Code     0  libspace.o(.text)
    __user_setup_stackheap                   0x08000451   Thumb Code    74  sys_stackheap_outer.o(.text)
    exit                                     0x0800049b   Thumb Code    18  exit.o(.text)
    _sys_exit                                0x080004ad   Thumb Code     8  sys_exit.o(.text)
    __I$use$semihosting                      0x080004b9   Thumb Code     0  use_no_semi.o(.text)
    __use_no_semihosting_swi                 0x080004b9   Thumb Code     2  use_no_semi.o(.text)
    __semihosting_library_function           0x080004bb   Thumb Code     0  indicate_semi.o(.text)
    Auto_task                                0x080004bd   Thumb Code    82  auto_task.o(i.Auto_task)
    BusFault_Handler                         0x0800051d   Thumb Code     2  stm32f1xx_it.o(i.BusFault_Handler)
    Chassis_task                             0x08000521   Thumb Code   454  chassis_task.o(i.Chassis_task)
    DMA1_Channel6_IRQHandler                 0x08000711   Thumb Code     6  stm32f1xx_it.o(i.DMA1_Channel6_IRQHandler)
    DebugMon_Handler                         0x08000747   Thumb Code     2  stm32f1xx_it.o(i.DebugMon_Handler)
    Emm_V5_Modify_Ctrl_Mode                  0x08000749   Thumb Code    60  emm_v5.o(i.Emm_V5_Modify_Ctrl_Mode)
    Emm_V5_Read_Sys_Params                   0x0800078d   Thumb Code   154  emm_v5.o(i.Emm_V5_Read_Sys_Params)
    Emm_V5_Reset_CurPos_To_Zero              0x08000831   Thumb Code    52  emm_v5.o(i.Emm_V5_Reset_CurPos_To_Zero)
    Emm_V5_Stop_Now                          0x0800086d   Thumb Code    60  emm_v5.o(i.Emm_V5_Stop_Now)
    Emm_V5_Vel_Control                       0x080008b1   Thumb Code    70  emm_v5.o(i.Emm_V5_Vel_Control)
    Error_Handler                            0x08000901   Thumb Code     4  main.o(i.Error_Handler)
    HAL_DMA_Abort                            0x08000905   Thumb Code    70  stm32f1xx_hal_dma.o(i.HAL_DMA_Abort)
    HAL_DMA_Abort_IT                         0x0800094d   Thumb Code   296  stm32f1xx_hal_dma.o(i.HAL_DMA_Abort_IT)
    HAL_DMA_IRQHandler                       0x08000a7d   Thumb Code   552  stm32f1xx_hal_dma.o(i.HAL_DMA_IRQHandler)
    HAL_DMA_Init                             0x08000cc5   Thumb Code   112  stm32f1xx_hal_dma.o(i.HAL_DMA_Init)
    HAL_DMA_Start_IT                         0x08000d41   Thumb Code   112  stm32f1xx_hal_dma.o(i.HAL_DMA_Start_IT)
    HAL_Delay                                0x08000db1   Thumb Code    32  stm32f1xx_hal.o(i.HAL_Delay)
    HAL_GPIO_Init                            0x08000dd5   Thumb Code   462  stm32f1xx_hal_gpio.o(i.HAL_GPIO_Init)
    HAL_GPIO_WritePin                        0x08000fcd   Thumb Code    10  stm32f1xx_hal_gpio.o(i.HAL_GPIO_WritePin)
    HAL_GetTick                              0x08000fd9   Thumb Code     6  stm32f1xx_hal.o(i.HAL_GetTick)
    HAL_IncTick                              0x08000fe5   Thumb Code    12  stm32f1xx_hal.o(i.HAL_IncTick)
    HAL_Init                                 0x08000ff5   Thumb Code    32  stm32f1xx_hal.o(i.HAL_Init)
    HAL_InitTick                             0x08001019   Thumb Code    54  stm32f1xx_hal.o(i.HAL_InitTick)
    HAL_MspInit                              0x08001059   Thumb Code    62  stm32f1xx_hal_msp.o(i.HAL_MspInit)
    HAL_NVIC_EnableIRQ                       0x080010a1   Thumb Code    26  stm32f1xx_hal_cortex.o(i.HAL_NVIC_EnableIRQ)
    HAL_NVIC_SetPriority                     0x080010bd   Thumb Code    60  stm32f1xx_hal_cortex.o(i.HAL_NVIC_SetPriority)
    HAL_NVIC_SetPriorityGrouping             0x080010fd   Thumb Code    26  stm32f1xx_hal_cortex.o(i.HAL_NVIC_SetPriorityGrouping)
    HAL_RCC_ClockConfig                      0x08001121   Thumb Code   280  stm32f1xx_hal_rcc.o(i.HAL_RCC_ClockConfig)
    HAL_RCC_GetPCLK1Freq                     0x0800124d   Thumb Code    20  stm32f1xx_hal_rcc.o(i.HAL_RCC_GetPCLK1Freq)
    HAL_RCC_GetPCLK2Freq                     0x0800126d   Thumb Code    20  stm32f1xx_hal_rcc.o(i.HAL_RCC_GetPCLK2Freq)
    HAL_RCC_GetSysClockFreq                  0x0800128d   Thumb Code    58  stm32f1xx_hal_rcc.o(i.HAL_RCC_GetSysClockFreq)
    HAL_RCC_OscConfig                        0x080012d9   Thumb Code   778  stm32f1xx_hal_rcc.o(i.HAL_RCC_OscConfig)
    HAL_SYSTICK_Config                       0x080015f9   Thumb Code    40  stm32f1xx_hal_cortex.o(i.HAL_SYSTICK_Config)
    HAL_UARTEx_ReceiveToIdle_DMA             0x08001621   Thumb Code    74  stm32f1xx_hal_uart.o(i.HAL_UARTEx_ReceiveToIdle_DMA)
    HAL_UARTEx_RxEventCallback               0x0800166d   Thumb Code    48  ops9_task.o(i.HAL_UARTEx_RxEventCallback)
    HAL_UART_ErrorCallback                   0x080016a9   Thumb Code     2  stm32f1xx_hal_uart.o(i.HAL_UART_ErrorCallback)
    HAL_UART_IRQHandler                      0x080016ad   Thumb Code   616  stm32f1xx_hal_uart.o(i.HAL_UART_IRQHandler)
    HAL_UART_Init                            0x08001919   Thumb Code   100  stm32f1xx_hal_uart.o(i.HAL_UART_Init)
    HAL_UART_MspInit                         0x0800197d   Thumb Code   524  usart.o(i.HAL_UART_MspInit)
    HAL_UART_Receive_IT                      0x08001bb9   Thumb Code    28  stm32f1xx_hal_uart.o(i.HAL_UART_Receive_IT)
    HAL_UART_RxCpltCallback                  0x08001bd5   Thumb Code   110  uart_receive.o(i.HAL_UART_RxCpltCallback)
    HAL_UART_RxHalfCpltCallback              0x08001c61   Thumb Code     2  stm32f1xx_hal_uart.o(i.HAL_UART_RxHalfCpltCallback)
    HAL_UART_Transmit                        0x08001c63   Thumb Code   160  stm32f1xx_hal_uart.o(i.HAL_UART_Transmit)
    HAL_UART_Transmit_IT                     0x08001d03   Thumb Code    50  stm32f1xx_hal_uart.o(i.HAL_UART_Transmit_IT)
    HAL_UART_TxCpltCallback                  0x08001d35   Thumb Code     2  stm32f1xx_hal_uart.o(i.HAL_UART_TxCpltCallback)
    HardFault_Handler                        0x08001d37   Thumb Code     2  stm32f1xx_it.o(i.HardFault_Handler)
    MX_DMA_Init                              0x08001d39   Thumb Code    40  dma.o(i.MX_DMA_Init)
    MX_FREERTOS_Init                         0x08001d65   Thumb Code    96  freertos.o(i.MX_FREERTOS_Init)
    MX_GPIO_Init                             0x08001dcd   Thumb Code   170  gpio.o(i.MX_GPIO_Init)
    MX_UART4_Init                            0x08001e85   Thumb Code    48  usart.o(i.MX_UART4_Init)
    MX_UART5_Init                            0x08001ebd   Thumb Code    48  usart.o(i.MX_UART5_Init)
    MX_USART1_UART_Init                      0x08001ef5   Thumb Code    48  usart.o(i.MX_USART1_UART_Init)
    MX_USART2_UART_Init                      0x08001f2d   Thumb Code    48  usart.o(i.MX_USART2_UART_Init)
    MX_USART3_UART_Init                      0x08001f65   Thumb Code    48  usart.o(i.MX_USART3_UART_Init)
    MemManage_Handler                        0x08001f9d   Thumb Code     2  stm32f1xx_it.o(i.MemManage_Handler)
    Motor_Data_Get                           0x08001fa1   Thumb Code    42  motor_control.o(i.Motor_Data_Get)
    Motor_Task                               0x08001fd1   Thumb Code   154  motor_control.o(i.Motor_Task)
    Motor_UART_Init                          0x08002075   Thumb Code    22  uart_receive.o(i.Motor_UART_Init)
    NMI_Handler                              0x08002095   Thumb Code     2  stm32f1xx_it.o(i.NMI_Handler)
    OPS9_init                                0x08002099   Thumb Code    70  ops9_task.o(i.OPS9_init)
    PID_calc                                 0x080020ed   Thumb Code   280  pid.o(i.PID_calc)
    PID_init                                 0x08002205   Thumb Code    56  pid.o(i.PID_init)
    Robot_Communication_Callback             0x0800223d   Thumb Code   110  robot_communication.o(i.Robot_Communication_Callback)
    Serial_Screen_Communication_Callback     0x080022b9   Thumb Code   162  serial_screen.o(i.Serial_Screen_Communication_Callback)
    StartDefaultTask                         0x08002369   Thumb Code    56  freertos.o(i.StartDefaultTask)
    SysTick_Handler                          0x080023a9   Thumb Code    24  stm32f1xx_it.o(i.SysTick_Handler)
    SystemClock_Config                       0x080023c1   Thumb Code    94  main.o(i.SystemClock_Config)
    SystemInit                               0x0800241f   Thumb Code     2  system_stm32f1xx.o(i.SystemInit)
    Trapezoidal_deceleration_algorithm       0x08002421   Thumb Code   436  average_filter.o(i.Trapezoidal_deceleration_algorithm)
    UART4_IRQHandler                         0x080025dd   Thumb Code     6  stm32f1xx_it.o(i.UART4_IRQHandler)
    UART5_IRQHandler                         0x080025e9   Thumb Code     6  stm32f1xx_it.o(i.UART5_IRQHandler)
    UART_Start_Receive_DMA                   0x080028d9   Thumb Code   130  stm32f1xx_hal_uart.o(i.UART_Start_Receive_DMA)
    UART_Start_Receive_IT                    0x08002969   Thumb Code    54  stm32f1xx_hal_uart.o(i.UART_Start_Receive_IT)
    USART1_IRQHandler                        0x08002a11   Thumb Code     6  stm32f1xx_it.o(i.USART1_IRQHandler)
    USART2_IRQHandler                        0x08002a1d   Thumb Code     6  stm32f1xx_it.o(i.USART2_IRQHandler)
    USART3_IRQHandler                        0x08002a29   Thumb Code     6  stm32f1xx_it.o(i.USART3_IRQHandler)
    UsageFault_Handler                       0x08002a35   Thumb Code     2  stm32f1xx_it.o(i.UsageFault_Handler)
    __ARM_fpclassify                         0x08002a37   Thumb Code    40  fpclassify.o(i.__ARM_fpclassify)
    __ieee754_rem_pio2                       0x08002a81   Thumb Code   828  rred.o(i.__ieee754_rem_pio2)
    __kernel_cos                             0x08002e09   Thumb Code   230  cos_i.o(i.__kernel_cos)
    __kernel_poly                            0x08002f05   Thumb Code   170  poly.o(i.__kernel_poly)
    __kernel_sin                             0x08002fb1   Thumb Code   224  sin_i.o(i.__kernel_sin)
    __mathlib_dbl_divzero                    0x0800309d   Thumb Code    12  dunder.o(i.__mathlib_dbl_divzero)
    __mathlib_dbl_infnan                     0x080030ad   Thumb Code     6  dunder.o(i.__mathlib_dbl_infnan)
    __mathlib_dbl_infnan2                    0x080030b3   Thumb Code     4  dunder.o(i.__mathlib_dbl_infnan2)
    __mathlib_dbl_invalid                    0x080030b7   Thumb Code    12  dunder.o(i.__mathlib_dbl_invalid)
    __mathlib_dbl_overflow                   0x080030c3   Thumb Code    14  dunder.o(i.__mathlib_dbl_overflow)
    __mathlib_dbl_underflow                  0x080030d1   Thumb Code    10  dunder.o(i.__mathlib_dbl_underflow)
    auto_count                               0x080030e1   Thumb Code    12  auto_task.o(i.auto_count)
    auto_count_order                         0x080030ed   Thumb Code    20  auto_task.o(i.auto_count_order)
    auto_screen_task_init                    0x08003129   Thumb Code    94  auto_screen_task.o(i.auto_screen_task_init)
    chassis_get_auto_task_pos                0x080032a9   Thumb Code    64  chassis_task.o(i.chassis_get_auto_task_pos)
    chassis_move_forward_decomposition       0x080032e9   Thumb Code   108  chassis_task.o(i.chassis_move_forward_decomposition)
    chassis_normal_move_get_line             0x08003359   Thumb Code    40  chassis_task.o(i.chassis_normal_move_get_line)
    chassis_position_move_task               0x08003381   Thumb Code   192  chassis_task.o(i.chassis_position_move_task)
    chassis_rate_send                        0x08003441   Thumb Code    34  motor_control.o(i.chassis_rate_send)
    cos                                      0x08003469   Thumb Code   148  cos.o(i.cos)
    get_CRC16_check_sum                      0x08003505   Thumb Code    38  crc8_crc16.o(i.get_CRC16_check_sum)
    get_CRC8_check_sum                       0x08003531   Thumb Code    24  crc8_crc16.o(i.get_CRC8_check_sum)
    get_auto_screen_task_chassis_pos         0x0800354d   Thumb Code    34  auto_screen_task.o(i.get_auto_screen_task_chassis_pos)
    get_auto_task_cali                       0x08003575   Thumb Code    28  auto_task.o(i.get_auto_task_cali)
    get_car_id                               0x08003599   Thumb Code    22  auto_screen_task.o(i.get_car_id)
    get_chassis_move_set_para                0x080035b5   Thumb Code    48  chassis_task.o(i.get_chassis_move_set_para)
    get_chassis_para_point                   0x080035ed   Thumb Code     4  chassis_task.o(i.get_chassis_para_point)
    get_chassis_state                        0x080035f5   Thumb Code    40  chassis_task.o(i.get_chassis_state)
    get_ops9_data_point                      0x08003621   Thumb Code     4  ops9_task.o(i.get_ops9_data_point)
    limit_Data                               0x08003629   Thumb Code    34  limit.o(i.limit_Data)
    main                                     0x0800364b   Thumb Code    62  main.o(i.main)
    motor_data_flash                         0x08003695   Thumb Code    38  motor_control.o(i.motor_data_flash)
    motor_position_read                      0x080036c1   Thumb Code    76  motor_control.o(i.motor_position_read)
    motor_rate_total_control                 0x08003719   Thumb Code    68  motor_control.o(i.motor_rate_total_control)
    motor_vel_read                           0x08003765   Thumb Code    56  motor_control.o(i.motor_vel_read)
    osKernelStart                            0x080037ad   Thumb Code    10  cmsis_os.o(i.osKernelStart)
    osThreadCreate                           0x080037b7   Thumb Code    84  cmsis_os.o(i.osThreadCreate)
    pow                                      0x0800380d   Thumb Code  2512  pow.o(i.pow)
    pvPortMalloc                             0x08004531   Thumb Code   216  heap_4.o(i.pvPortMalloc)
    pxPortInitialiseStack                    0x0800460d   Thumb Code    32  port.o(i.pxPortInitialiseStack)
    robot_com_task_init                      0x08004631   Thumb Code    30  robot_communication.o(i.robot_com_task_init)
    serial_screen_init                       0x0800465d   Thumb Code    64  serial_screen.o(i.serial_screen_init)
    sin                                      0x080046a9   Thumb Code   150  sin.o(i.sin)
    sqrt                                     0x08004749   Thumb Code    76  sqrt.o(i.sqrt)
    uxListRemove                             0x08004795   Thumb Code    38  list.o(i.uxListRemove)
    vApplicationGetIdleTaskMemory            0x080047bd   Thumb Code    16  freertos.o(i.vApplicationGetIdleTaskMemory)
    vListInitialise                          0x080047d1   Thumb Code    22  list.o(i.vListInitialise)
    vListInitialiseItem                      0x080047e7   Thumb Code     6  list.o(i.vListInitialiseItem)
    vListInsert                              0x080047ed   Thumb Code    48  list.o(i.vListInsert)
    vListInsertEnd                           0x0800481d   Thumb Code    24  list.o(i.vListInsertEnd)
    vPortEnterCritical                       0x08004835   Thumb Code    54  port.o(i.vPortEnterCritical)
    vPortExitCritical                        0x08004875   Thumb Code    34  port.o(i.vPortExitCritical)
    vPortFree                                0x0800489d   Thumb Code    94  heap_4.o(i.vPortFree)
    vPortSetupTimerInterrupt                 0x08004901   Thumb Code    32  port.o(i.vPortSetupTimerInterrupt)
    vTaskDelay                               0x08004925   Thumb Code    66  tasks.o(i.vTaskDelay)
    vTaskStartScheduler                      0x08004971   Thumb Code    90  tasks.o(i.vTaskStartScheduler)
    vTaskSuspendAll                          0x080049dd   Thumb Code    10  tasks.o(i.vTaskSuspendAll)
    vTaskSwitchContext                       0x080049ed   Thumb Code    82  tasks.o(i.vTaskSwitchContext)
    verify_CRC16_check_sum                   0x08004a49   Thumb Code    54  crc8_crc16.o(i.verify_CRC16_check_sum)
    verify_CRC8_check_sum                    0x08004a85   Thumb Code    38  crc8_crc16.o(i.verify_CRC8_check_sum)
    xPortStartScheduler                      0x08004aad   Thumb Code   154  port.o(i.xPortStartScheduler)
    xPortSysTickHandler                      0x08004b55   Thumb Code    38  port.o(i.xPortSysTickHandler)
    xTaskCreate                              0x08004b81   Thumb Code    90  tasks.o(i.xTaskCreate)
    xTaskCreateStatic                        0x08004bdb   Thumb Code    86  tasks.o(i.xTaskCreateStatic)
    xTaskGetSchedulerState                   0x08004c31   Thumb Code    22  tasks.o(i.xTaskGetSchedulerState)
    xTaskIncrementTick                       0x08004c4d   Thumb Code   194  tasks.o(i.xTaskIncrementTick)
    xTaskResumeAll                           0x08004d19   Thumb Code   182  tasks.o(i.xTaskResumeAll)
    __aeabi_d2f                              0x08004ddd   Thumb Code     0  d2f.o(x$fpl$d2f)
    _d2f                                     0x08004ddd   Thumb Code    98  d2f.o(x$fpl$d2f)
    __aeabi_dadd                             0x08004e41   Thumb Code     0  daddsub_clz.o(x$fpl$dadd)
    _dadd                                    0x08004e41   Thumb Code   332  daddsub_clz.o(x$fpl$dadd)
    __fpl_dcheck_NaN1                        0x08004f91   Thumb Code    10  dcheck1.o(x$fpl$dcheck1)
    __fpl_dcmp_Inf                           0x08004fa1   Thumb Code    24  dcmpi.o(x$fpl$dcmpinf)
    __aeabi_ddiv                             0x08004fb9   Thumb Code     0  ddiv.o(x$fpl$ddiv)
    _ddiv                                    0x08004fb9   Thumb Code   552  ddiv.o(x$fpl$ddiv)
    __aeabi_d2iz                             0x08005269   Thumb Code     0  dfix.o(x$fpl$dfix)
    _dfix                                    0x08005269   Thumb Code    94  dfix.o(x$fpl$dfix)
    __aeabi_i2d                              0x080052c7   Thumb Code     0  dflt_clz.o(x$fpl$dflt)
    _dflt                                    0x080052c7   Thumb Code    46  dflt_clz.o(x$fpl$dflt)
    __aeabi_ui2d                             0x080052f5   Thumb Code     0  dflt_clz.o(x$fpl$dfltu)
    _dfltu                                   0x080052f5   Thumb Code    38  dflt_clz.o(x$fpl$dfltu)
    __aeabi_cdcmple                          0x0800531d   Thumb Code     0  dleqf.o(x$fpl$dleqf)
    _dcmple                                  0x0800531d   Thumb Code   120  dleqf.o(x$fpl$dleqf)
    __fpl_dcmple_InfNaN                      0x0800537f   Thumb Code     0  dleqf.o(x$fpl$dleqf)
    __aeabi_dmul                             0x08005395   Thumb Code     0  dmul.o(x$fpl$dmul)
    _dmul                                    0x08005395   Thumb Code   332  dmul.o(x$fpl$dmul)
    __fpl_dnaninf                            0x080054e9   Thumb Code   156  dnaninf.o(x$fpl$dnaninf)
    __fpl_dretinf                            0x08005585   Thumb Code    12  dretinf.o(x$fpl$dretinf)
    __aeabi_cdrcmple                         0x08005591   Thumb Code     0  drleqf.o(x$fpl$drleqf)
    _drcmple                                 0x08005591   Thumb Code   108  drleqf.o(x$fpl$drleqf)
    __aeabi_drsub                            0x080055fd   Thumb Code     0  daddsub_clz.o(x$fpl$drsb)
    _drsb                                    0x080055fd   Thumb Code    22  daddsub_clz.o(x$fpl$drsb)
    _dsqrt                                   0x08005615   Thumb Code   456  dsqrt_noumaal.o(x$fpl$dsqrt)
    __aeabi_dsub                             0x080057e1   Thumb Code     0  daddsub_clz.o(x$fpl$dsub)
    _dsub                                    0x080057e1   Thumb Code   464  daddsub_clz.o(x$fpl$dsub)
    __aeabi_f2d                              0x080059b5   Thumb Code     0  f2d.o(x$fpl$f2d)
    _f2d                                     0x080059b5   Thumb Code    86  f2d.o(x$fpl$f2d)
    __aeabi_fadd                             0x08005a0d   Thumb Code     0  faddsub_clz.o(x$fpl$fadd)
    _fadd                                    0x08005a0d   Thumb Code   196  faddsub_clz.o(x$fpl$fadd)
    __fpl_fcheck_NaN1                        0x08005ad1   Thumb Code     6  fcheck1.o(x$fpl$fcheck1)
    __fpl_fcmp_Inf                           0x08005add   Thumb Code    24  fcmpi.o(x$fpl$fcmpinf)
    __aeabi_fdiv                             0x08005af5   Thumb Code     0  fdiv.o(x$fpl$fdiv)
    _fdiv                                    0x08005af5   Thumb Code   384  fdiv.o(x$fpl$fdiv)
    __aeabi_cfcmpeq                          0x08005c79   Thumb Code     0  feqf.o(x$fpl$feqf)
    _fcmpeq                                  0x08005c79   Thumb Code   104  feqf.o(x$fpl$feqf)
    __aeabi_f2uiz                            0x08005ce1   Thumb Code     0  ffixu.o(x$fpl$ffixu)
    _ffixu                                   0x08005ce1   Thumb Code    62  ffixu.o(x$fpl$ffixu)
    __aeabi_i2f                              0x08005d21   Thumb Code     0  fflt_clz.o(x$fpl$fflt)
    _fflt                                    0x08005d21   Thumb Code    48  fflt_clz.o(x$fpl$fflt)
    __aeabi_ui2f                             0x08005d51   Thumb Code     0  fflt_clz.o(x$fpl$ffltu)
    _ffltu                                   0x08005d51   Thumb Code    38  fflt_clz.o(x$fpl$ffltu)
    __aeabi_cfcmple                          0x08005d79   Thumb Code     0  fleqf.o(x$fpl$fleqf)
    _fcmple                                  0x08005d79   Thumb Code   104  fleqf.o(x$fpl$fleqf)
    __fpl_fcmple_InfNaN                      0x08005dcb   Thumb Code     0  fleqf.o(x$fpl$fleqf)
    __aeabi_fmul                             0x08005de1   Thumb Code     0  fmul.o(x$fpl$fmul)
    _fmul                                    0x08005de1   Thumb Code   258  fmul.o(x$fpl$fmul)
    __fpl_fnaninf                            0x08005ee3   Thumb Code   140  fnaninf.o(x$fpl$fnaninf)
    __fpl_fretinf                            0x08005f6f   Thumb Code    10  fretinf.o(x$fpl$fretinf)
    __aeabi_cfrcmple                         0x08005f79   Thumb Code     0  frleqf.o(x$fpl$frleqf)
    _frcmple                                 0x08005f79   Thumb Code    98  frleqf.o(x$fpl$frleqf)
    __aeabi_frsub                            0x08005fdb   Thumb Code     0  faddsub_clz.o(x$fpl$frsb)
    _frsb                                    0x08005fdb   Thumb Code    20  faddsub_clz.o(x$fpl$frsb)
    __aeabi_fsub                             0x08005ff1   Thumb Code     0  faddsub_clz.o(x$fpl$fsub)
    _fsub                                    0x08005ff1   Thumb Code   234  faddsub_clz.o(x$fpl$fsub)
    __fpl_return_NaN                         0x080060db   Thumb Code   100  retnan.o(x$fpl$retnan)
    __ARM_scalbn                             0x0800613f   Thumb Code    92  scalbn.o(x$fpl$scalbn)
    __ARM_scalbnf                            0x0800619b   Thumb Code    76  scalbnf.o(x$fpl$scalbnf)
    __fpl_cmpreturn                          0x080061e7   Thumb Code    48  trapv.o(x$fpl$trapveneer)
    __I$use$fp                               0x08006216   Number         0  usenofp.o(x$fpl$usenofp)
    AHBPrescTable                            0x0800629a   Data          16  system_stm32f1xx.o(.constdata)
    APBPrescTable                            0x080062aa   Data           8  system_stm32f1xx.o(.constdata)
    CRC8_table                               0x080062cc   Data         256  crc8_crc16.o(.constdata)
    wCRC_table                               0x080063cc   Data         512  crc8_crc16.o(.constdata)
    __mathlib_zero                           0x08006688   Data           8  qnan.o(.constdata)
    Region$$Table$$Base                      0x080067b0   Number         0  anon$$obj.o(Region$$Table)
    Region$$Table$$Limit                     0x080067d0   Number         0  anon$$obj.o(Region$$Table)
    defaultTaskHandle                        0x20000000   Data           4  freertos.o(.data)
    motorTaskHandle                          0x20000004   Data           4  freertos.o(.data)
    chassisTaskHandle                        0x20000008   Data           4  freertos.o(.data)
    autoTaskHandle                           0x2000000c   Data           4  freertos.o(.data)
    uwTickFreq                               0x20000010   Data           1  stm32f1xx_hal.o(.data)
    uwTickPrio                               0x20000014   Data           4  stm32f1xx_hal.o(.data)
    uwTick                                   0x20000018   Data           4  stm32f1xx_hal.o(.data)
    SystemCoreClock                          0x2000001c   Data           4  system_stm32f1xx.o(.data)
    pxCurrentTCB                             0x20000020   Data           4  tasks.o(.data)
    motor_receive_temp                       0x2000008a   Data           1  uart_receive.o(.data)
    motor_receive_cnt                        0x2000008b   Data           1  uart_receive.o(.data)
    serial_screen_receive_buffer             0x2000008c   Data           1  serial_screen.o(.data)
    serial_screen_data_cnt                   0x2000008d   Data           1  serial_screen.o(.data)
    serial_screen_receive_state              0x2000008e   Data           1  serial_screen.o(.data)
    car_id                                   0x2000008f   Data           3  serial_screen.o(.data)
    move                                     0x20000094   Data           8  serial_screen.o(.data)
    motor_init_flag                          0x2000009c   Data           1  motor_control.o(.data)
    robot_com_receive_buffer                 0x200000a0   Data           1  robot_communication.o(.data)
    robot_com_data_cnt                       0x200000a1   Data           1  robot_communication.o(.data)
    robot_com_receive_state                  0x200000a2   Data           1  robot_communication.o(.data)
    len_total                                0x200000a8   Data           4  average_filter.o(.data)
    len                                      0x200000ac   Data           4  average_filter.o(.data)
    acc_dis                                  0x200000b0   Data           4  average_filter.o(.data)
    CRC16_INIT                               0x200000b4   Data           2  crc8_crc16.o(.data)
    ops9_transmit_data                       0x200000b6   Data           2  ops9_task.o(.data)
    huart4                                   0x2000030c   Data          72  usart.o(.bss)
    huart5                                   0x20000354   Data          72  usart.o(.bss)
    huart1                                   0x2000039c   Data          72  usart.o(.bss)
    huart2                                   0x200003e4   Data          72  usart.o(.bss)
    huart3                                   0x2000042c   Data          72  usart.o(.bss)
    hdma_usart2_rx                           0x20000474   Data          68  usart.o(.bss)
    chassis_para                             0x200011a8   Data         324  chassis_task.o(.bss)
    uart_data                                0x200012ec   Data         129  uart_receive.o(.bss)
    motor_receive_data                       0x2000136d   Data         128  uart_receive.o(.bss)
    serial_screen                            0x200013ed   Data          50  serial_screen.o(.bss)
    motor_para                               0x20001420   Data         960  motor_control.o(.bss)
    auto_task_para                           0x200017e0   Data       16268  auto_task.o(.bss)
    robot_communication                      0x2000576c   Data         102  robot_communication.o(.bss)
    auto_screen_para                         0x200057d4   Data         136  auto_screen_task.o(.bss)
    data                                     0x2000585c   Data        1800  average_filter.o(.bss)
    last_target_pos                          0x20005f64   Data          12  average_filter.o(.bss)
    last_target_pos_temp                     0x20005f70   Data          12  average_filter.o(.bss)
    data_send                                0x20005f7c   Data          16  emm_v5.o(.bss)
    ops9_para                                0x20005f8c   Data          14  ops9_task.o(.bss)
    ops9_receive_data                        0x20005f9a   Data          14  ops9_task.o(.bss)
    __libspace_start                         0x20005fa8   Data          96  libspace.o(.bss)
    __temporary_stack_top$libspace           0x20006008   Data           0  libspace.o(.bss)



==============================================================================

Memory Map of the image

  Image Entry point : 0x08000131

  Load Region LR_IROM1 (Base: 0x08000000, Size: 0x00006888, Max: 0x00080000, ABSOLUTE)

    Execution Region ER_IROM1 (Exec base: 0x08000000, Load base: 0x08000000, Size: 0x000067d0, Max: 0x00080000, ABSOLUTE)

    Exec Addr    Load Addr    Size         Type   Attr      Idx    E Section Name        Object

    0x08000000   0x08000000   0x00000130   Data   RO            3    RESET               startup_stm32f103xe.o
    0x08000130   0x08000130   0x00000008   Code   RO         4288  * !!!main             c_w.l(__main.o)
    0x08000138   0x08000138   0x00000034   Code   RO         4606    !!!scatter          c_w.l(__scatter.o)
    0x0800016c   0x0800016c   0x0000001a   Code   RO         4608    !!handler_copy      c_w.l(__scatter_copy.o)
    0x08000186   0x08000186   0x00000002   PAD
    0x08000188   0x08000188   0x0000001c   Code   RO         4610    !!handler_zi        c_w.l(__scatter_zi.o)
    0x080001a4   0x080001a4   0x00000002   Code   RO         4475    .ARM.Collect$$libinit$$00000000  c_w.l(libinit.o)
    0x080001a6   0x080001a6   0x00000000   Code   RO         4481    .ARM.Collect$$libinit$$00000002  c_w.l(libinit2.o)
    0x080001a6   0x080001a6   0x00000000   Code   RO         4483    .ARM.Collect$$libinit$$00000004  c_w.l(libinit2.o)
    0x080001a6   0x080001a6   0x00000000   Code   RO         4486    .ARM.Collect$$libinit$$0000000A  c_w.l(libinit2.o)
    0x080001a6   0x080001a6   0x00000000   Code   RO         4488    .ARM.Collect$$libinit$$0000000C  c_w.l(libinit2.o)
    0x080001a6   0x080001a6   0x00000000   Code   RO         4490    .ARM.Collect$$libinit$$0000000E  c_w.l(libinit2.o)
    0x080001a6   0x080001a6   0x00000000   Code   RO         4493    .ARM.Collect$$libinit$$00000011  c_w.l(libinit2.o)
    0x080001a6   0x080001a6   0x00000000   Code   RO         4495    .ARM.Collect$$libinit$$00000013  c_w.l(libinit2.o)
    0x080001a6   0x080001a6   0x00000000   Code   RO         4497    .ARM.Collect$$libinit$$00000015  c_w.l(libinit2.o)
    0x080001a6   0x080001a6   0x00000000   Code   RO         4499    .ARM.Collect$$libinit$$00000017  c_w.l(libinit2.o)
    0x080001a6   0x080001a6   0x00000000   Code   RO         4501    .ARM.Collect$$libinit$$00000019  c_w.l(libinit2.o)
    0x080001a6   0x080001a6   0x00000000   Code   RO         4503    .ARM.Collect$$libinit$$0000001B  c_w.l(libinit2.o)
    0x080001a6   0x080001a6   0x00000000   Code   RO         4505    .ARM.Collect$$libinit$$0000001D  c_w.l(libinit2.o)
    0x080001a6   0x080001a6   0x00000000   Code   RO         4507    .ARM.Collect$$libinit$$0000001F  c_w.l(libinit2.o)
    0x080001a6   0x080001a6   0x00000000   Code   RO         4509    .ARM.Collect$$libinit$$00000021  c_w.l(libinit2.o)
    0x080001a6   0x080001a6   0x00000000   Code   RO         4511    .ARM.Collect$$libinit$$00000023  c_w.l(libinit2.o)
    0x080001a6   0x080001a6   0x00000000   Code   RO         4513    .ARM.Collect$$libinit$$00000025  c_w.l(libinit2.o)
    0x080001a6   0x080001a6   0x00000000   Code   RO         4517    .ARM.Collect$$libinit$$0000002C  c_w.l(libinit2.o)
    0x080001a6   0x080001a6   0x00000000   Code   RO         4519    .ARM.Collect$$libinit$$0000002E  c_w.l(libinit2.o)
    0x080001a6   0x080001a6   0x00000000   Code   RO         4521    .ARM.Collect$$libinit$$00000030  c_w.l(libinit2.o)
    0x080001a6   0x080001a6   0x00000000   Code   RO         4523    .ARM.Collect$$libinit$$00000032  c_w.l(libinit2.o)
    0x080001a6   0x080001a6   0x00000002   Code   RO         4524    .ARM.Collect$$libinit$$00000033  c_w.l(libinit2.o)
    0x080001a8   0x080001a8   0x00000002   Code   RO         4544    .ARM.Collect$$libshutdown$$00000000  c_w.l(libshutdown.o)
    0x080001aa   0x080001aa   0x00000000   Code   RO         4557    .ARM.Collect$$libshutdown$$00000002  c_w.l(libshutdown2.o)
    0x080001aa   0x080001aa   0x00000000   Code   RO         4559    .ARM.Collect$$libshutdown$$00000004  c_w.l(libshutdown2.o)
    0x080001aa   0x080001aa   0x00000000   Code   RO         4561    .ARM.Collect$$libshutdown$$00000006  c_w.l(libshutdown2.o)
    0x080001aa   0x080001aa   0x00000000   Code   RO         4564    .ARM.Collect$$libshutdown$$00000009  c_w.l(libshutdown2.o)
    0x080001aa   0x080001aa   0x00000000   Code   RO         4567    .ARM.Collect$$libshutdown$$0000000C  c_w.l(libshutdown2.o)
    0x080001aa   0x080001aa   0x00000000   Code   RO         4569    .ARM.Collect$$libshutdown$$0000000E  c_w.l(libshutdown2.o)
    0x080001aa   0x080001aa   0x00000000   Code   RO         4572    .ARM.Collect$$libshutdown$$00000011  c_w.l(libshutdown2.o)
    0x080001aa   0x080001aa   0x00000002   Code   RO         4573    .ARM.Collect$$libshutdown$$00000012  c_w.l(libshutdown2.o)
    0x080001ac   0x080001ac   0x00000000   Code   RO         4370    .ARM.Collect$$rtentry$$00000000  c_w.l(__rtentry.o)
    0x080001ac   0x080001ac   0x00000000   Code   RO         4436    .ARM.Collect$$rtentry$$00000002  c_w.l(__rtentry2.o)
    0x080001ac   0x080001ac   0x00000006   Code   RO         4448    .ARM.Collect$$rtentry$$00000004  c_w.l(__rtentry4.o)
    0x080001b2   0x080001b2   0x00000000   Code   RO         4438    .ARM.Collect$$rtentry$$00000009  c_w.l(__rtentry2.o)
    0x080001b2   0x080001b2   0x00000004   Code   RO         4439    .ARM.Collect$$rtentry$$0000000A  c_w.l(__rtentry2.o)
    0x080001b6   0x080001b6   0x00000000   Code   RO         4441    .ARM.Collect$$rtentry$$0000000C  c_w.l(__rtentry2.o)
    0x080001b6   0x080001b6   0x00000008   Code   RO         4442    .ARM.Collect$$rtentry$$0000000D  c_w.l(__rtentry2.o)
    0x080001be   0x080001be   0x00000002   Code   RO         4478    .ARM.Collect$$rtexit$$00000000  c_w.l(rtexit.o)
    0x080001c0   0x080001c0   0x00000000   Code   RO         4526    .ARM.Collect$$rtexit$$00000002  c_w.l(rtexit2.o)
    0x080001c0   0x080001c0   0x00000004   Code   RO         4527    .ARM.Collect$$rtexit$$00000003  c_w.l(rtexit2.o)
    0x080001c4   0x080001c4   0x00000006   Code   RO         4528    .ARM.Collect$$rtexit$$00000004  c_w.l(rtexit2.o)
    0x080001ca   0x080001ca   0x00000002   PAD
    0x080001cc   0x080001cc   0x00000096   Code   RO         3227    .emb_text           port.o
    0x08000262   0x08000262   0x00000002   PAD
    0x08000264   0x08000264   0x00000040   Code   RO            4    .text               startup_stm32f103xe.o
    0x080002a4   0x080002a4   0x0000008a   Code   RO         4276    .text               c_w.l(rt_memcpy_v6.o)
    0x0800032e   0x0800032e   0x00000064   Code   RO         4278    .text               c_w.l(rt_memcpy_w.o)
    0x08000392   0x08000392   0x00000044   Code   RO         4282    .text               c_w.l(rt_memclr.o)
    0x080003d6   0x080003d6   0x0000004e   Code   RO         4284    .text               c_w.l(rt_memclr_w.o)
    0x08000424   0x08000424   0x00000006   Code   RO         4286    .text               c_w.l(heapauxi.o)
    0x0800042a   0x0800042a   0x00000016   Code   RO         4371    .text               c_w.l(_rserrno.o)
    0x08000440   0x08000440   0x00000008   Code   RO         4453    .text               c_w.l(rt_errno_addr_intlibspace.o)
    0x08000448   0x08000448   0x00000008   Code   RO         4463    .text               c_w.l(libspace.o)
    0x08000450   0x08000450   0x0000004a   Code   RO         4466    .text               c_w.l(sys_stackheap_outer.o)
    0x0800049a   0x0800049a   0x00000012   Code   RO         4468    .text               c_w.l(exit.o)
    0x080004ac   0x080004ac   0x0000000c   Code   RO         4536    .text               c_w.l(sys_exit.o)
    0x080004b8   0x080004b8   0x00000002   Code   RO         4547    .text               c_w.l(use_no_semi.o)
    0x080004ba   0x080004ba   0x00000000   Code   RO         4549    .text               c_w.l(indicate_semi.o)
    0x080004ba   0x080004ba   0x00000002   PAD
    0x080004bc   0x080004bc   0x00000060   Code   RO         3695    i.Auto_task         auto_task.o
    0x0800051c   0x0800051c   0x00000002   Code   RO          436    i.BusFault_Handler  stm32f1xx_it.o
    0x0800051e   0x0800051e   0x00000002   PAD
    0x08000520   0x08000520   0x000001f0   Code   RO         3307    i.Chassis_task      chassis_task.o
    0x08000710   0x08000710   0x0000000c   Code   RO          437    i.DMA1_Channel6_IRQHandler  stm32f1xx_it.o
    0x0800071c   0x0800071c   0x0000002a   Code   RO          976    i.DMA_SetConfig     stm32f1xx_hal_dma.o
    0x08000746   0x08000746   0x00000002   Code   RO          438    i.DebugMon_Handler  stm32f1xx_it.o
    0x08000748   0x08000748   0x00000044   Code   RO         4131    i.Emm_V5_Modify_Ctrl_Mode  emm_v5.o
    0x0800078c   0x0800078c   0x000000a4   Code   RO         4137    i.Emm_V5_Read_Sys_Params  emm_v5.o
    0x08000830   0x08000830   0x0000003c   Code   RO         4139    i.Emm_V5_Reset_CurPos_To_Zero  emm_v5.o
    0x0800086c   0x0800086c   0x00000044   Code   RO         4140    i.Emm_V5_Stop_Now   emm_v5.o
    0x080008b0   0x080008b0   0x00000050   Code   RO         4142    i.Emm_V5_Vel_Control  emm_v5.o
    0x08000900   0x08000900   0x00000004   Code   RO           13    i.Error_Handler     main.o
    0x08000904   0x08000904   0x00000046   Code   RO          977    i.HAL_DMA_Abort     stm32f1xx_hal_dma.o
    0x0800094a   0x0800094a   0x00000002   PAD
    0x0800094c   0x0800094c   0x00000130   Code   RO          978    i.HAL_DMA_Abort_IT  stm32f1xx_hal_dma.o
    0x08000a7c   0x08000a7c   0x00000248   Code   RO          982    i.HAL_DMA_IRQHandler  stm32f1xx_hal_dma.o
    0x08000cc4   0x08000cc4   0x0000007c   Code   RO          983    i.HAL_DMA_Init      stm32f1xx_hal_dma.o
    0x08000d40   0x08000d40   0x00000070   Code   RO          987    i.HAL_DMA_Start_IT  stm32f1xx_hal_dma.o
    0x08000db0   0x08000db0   0x00000024   Code   RO          603    i.HAL_Delay         stm32f1xx_hal.o
    0x08000dd4   0x08000dd4   0x000001f8   Code   RO          913    i.HAL_GPIO_Init     stm32f1xx_hal_gpio.o
    0x08000fcc   0x08000fcc   0x0000000a   Code   RO          917    i.HAL_GPIO_WritePin  stm32f1xx_hal_gpio.o
    0x08000fd6   0x08000fd6   0x00000002   PAD
    0x08000fd8   0x08000fd8   0x0000000c   Code   RO          607    i.HAL_GetTick       stm32f1xx_hal.o
    0x08000fe4   0x08000fe4   0x00000010   Code   RO          613    i.HAL_IncTick       stm32f1xx_hal.o
    0x08000ff4   0x08000ff4   0x00000024   Code   RO          614    i.HAL_Init          stm32f1xx_hal.o
    0x08001018   0x08001018   0x00000040   Code   RO          615    i.HAL_InitTick      stm32f1xx_hal.o
    0x08001058   0x08001058   0x00000048   Code   RO          536    i.HAL_MspInit       stm32f1xx_hal_msp.o
    0x080010a0   0x080010a0   0x0000001a   Code   RO         1073    i.HAL_NVIC_EnableIRQ  stm32f1xx_hal_cortex.o
    0x080010ba   0x080010ba   0x00000002   PAD
    0x080010bc   0x080010bc   0x00000040   Code   RO         1079    i.HAL_NVIC_SetPriority  stm32f1xx_hal_cortex.o
    0x080010fc   0x080010fc   0x00000024   Code   RO         1080    i.HAL_NVIC_SetPriorityGrouping  stm32f1xx_hal_cortex.o
    0x08001120   0x08001120   0x0000012c   Code   RO          771    i.HAL_RCC_ClockConfig  stm32f1xx_hal_rcc.o
    0x0800124c   0x0800124c   0x00000020   Code   RO          778    i.HAL_RCC_GetPCLK1Freq  stm32f1xx_hal_rcc.o
    0x0800126c   0x0800126c   0x00000020   Code   RO          779    i.HAL_RCC_GetPCLK2Freq  stm32f1xx_hal_rcc.o
    0x0800128c   0x0800128c   0x0000004c   Code   RO          780    i.HAL_RCC_GetSysClockFreq  stm32f1xx_hal_rcc.o
    0x080012d8   0x080012d8   0x00000320   Code   RO          783    i.HAL_RCC_OscConfig  stm32f1xx_hal_rcc.o
    0x080015f8   0x080015f8   0x00000028   Code   RO         1084    i.HAL_SYSTICK_Config  stm32f1xx_hal_cortex.o
    0x08001620   0x08001620   0x0000004a   Code   RO         1619    i.HAL_UARTEx_ReceiveToIdle_DMA  stm32f1xx_hal_uart.o
    0x0800166a   0x0800166a   0x00000002   PAD
    0x0800166c   0x0800166c   0x0000003c   Code   RO         4232    i.HAL_UARTEx_RxEventCallback  ops9_task.o
    0x080016a8   0x080016a8   0x00000002   Code   RO         1635    i.HAL_UART_ErrorCallback  stm32f1xx_hal_uart.o
    0x080016aa   0x080016aa   0x00000002   PAD
    0x080016ac   0x080016ac   0x0000026c   Code   RO         1638    i.HAL_UART_IRQHandler  stm32f1xx_hal_uart.o
    0x08001918   0x08001918   0x00000064   Code   RO         1639    i.HAL_UART_Init     stm32f1xx_hal_uart.o
    0x0800197c   0x0800197c   0x0000023c   Code   RO          371    i.HAL_UART_MspInit  usart.o
    0x08001bb8   0x08001bb8   0x0000001c   Code   RO         1644    i.HAL_UART_Receive_IT  stm32f1xx_hal_uart.o
    0x08001bd4   0x08001bd4   0x0000008c   Code   RO         3519    i.HAL_UART_RxCpltCallback  uart_receive.o
    0x08001c60   0x08001c60   0x00000002   Code   RO         1646    i.HAL_UART_RxHalfCpltCallback  stm32f1xx_hal_uart.o
    0x08001c62   0x08001c62   0x000000a0   Code   RO         1647    i.HAL_UART_Transmit  stm32f1xx_hal_uart.o
    0x08001d02   0x08001d02   0x00000032   Code   RO         1649    i.HAL_UART_Transmit_IT  stm32f1xx_hal_uart.o
    0x08001d34   0x08001d34   0x00000002   Code   RO         1650    i.HAL_UART_TxCpltCallback  stm32f1xx_hal_uart.o
    0x08001d36   0x08001d36   0x00000002   Code   RO          439    i.HardFault_Handler  stm32f1xx_it.o
    0x08001d38   0x08001d38   0x0000002c   Code   RO          346    i.MX_DMA_Init       dma.o
    0x08001d64   0x08001d64   0x00000068   Code   RO          289    i.MX_FREERTOS_Init  freertos.o
    0x08001dcc   0x08001dcc   0x000000b8   Code   RO          265    i.MX_GPIO_Init      gpio.o
    0x08001e84   0x08001e84   0x00000038   Code   RO          372    i.MX_UART4_Init     usart.o
    0x08001ebc   0x08001ebc   0x00000038   Code   RO          373    i.MX_UART5_Init     usart.o
    0x08001ef4   0x08001ef4   0x00000038   Code   RO          374    i.MX_USART1_UART_Init  usart.o
    0x08001f2c   0x08001f2c   0x00000038   Code   RO          375    i.MX_USART2_UART_Init  usart.o
    0x08001f64   0x08001f64   0x00000038   Code   RO          376    i.MX_USART3_UART_Init  usart.o
    0x08001f9c   0x08001f9c   0x00000002   Code   RO          440    i.MemManage_Handler  stm32f1xx_it.o
    0x08001f9e   0x08001f9e   0x00000002   PAD
    0x08001fa0   0x08001fa0   0x00000030   Code   RO         3615    i.Motor_Data_Get    motor_control.o
    0x08001fd0   0x08001fd0   0x000000a4   Code   RO         3616    i.Motor_Task        motor_control.o
    0x08002074   0x08002074   0x00000020   Code   RO         3520    i.Motor_UART_Init   uart_receive.o
    0x08002094   0x08002094   0x00000002   Code   RO          441    i.NMI_Handler       stm32f1xx_it.o
    0x08002096   0x08002096   0x00000002   PAD
    0x08002098   0x08002098   0x00000054   Code   RO         4233    i.OPS9_init         ops9_task.o
    0x080020ec   0x080020ec   0x00000118   Code   RO         4046    i.PID_calc          pid.o
    0x08002204   0x08002204   0x00000038   Code   RO         4048    i.PID_init          pid.o
    0x0800223c   0x0800223c   0x0000007c   Code   RO         3773    i.Robot_Communication_Callback  robot_communication.o
    0x080022b8   0x080022b8   0x000000b0   Code   RO         3568    i.Serial_Screen_Communication_Callback  serial_screen.o
    0x08002368   0x08002368   0x00000040   Code   RO          290    i.StartDefaultTask  freertos.o
    0x080023a8   0x080023a8   0x00000018   Code   RO          442    i.SysTick_Handler   stm32f1xx_it.o
    0x080023c0   0x080023c0   0x0000005e   Code   RO           14    i.SystemClock_Config  main.o
    0x0800241e   0x0800241e   0x00000002   Code   RO         1973    i.SystemInit        system_stm32f1xx.o
    0x08002420   0x08002420   0x000001bc   Code   RO         3880    i.Trapezoidal_deceleration_algorithm  average_filter.o
    0x080025dc   0x080025dc   0x0000000c   Code   RO          443    i.UART4_IRQHandler  stm32f1xx_it.o
    0x080025e8   0x080025e8   0x0000000c   Code   RO          444    i.UART5_IRQHandler  stm32f1xx_it.o
    0x080025f4   0x080025f4   0x00000010   Code   RO         1652    i.UART_DMAAbortOnError  stm32f1xx_hal_uart.o
    0x08002604   0x08002604   0x0000004a   Code   RO         1653    i.UART_DMAError     stm32f1xx_hal_uart.o
    0x0800264e   0x0800264e   0x00000086   Code   RO         1654    i.UART_DMAReceiveCplt  stm32f1xx_hal_uart.o
    0x080026d4   0x080026d4   0x0000001e   Code   RO         1656    i.UART_DMARxHalfCplt  stm32f1xx_hal_uart.o
    0x080026f2   0x080026f2   0x0000004e   Code   RO         1662    i.UART_EndRxTransfer  stm32f1xx_hal_uart.o
    0x08002740   0x08002740   0x0000001c   Code   RO         1663    i.UART_EndTxTransfer  stm32f1xx_hal_uart.o
    0x0800275c   0x0800275c   0x000000c2   Code   RO         1664    i.UART_Receive_IT   stm32f1xx_hal_uart.o
    0x0800281e   0x0800281e   0x00000002   PAD
    0x08002820   0x08002820   0x000000b8   Code   RO         1665    i.UART_SetConfig    stm32f1xx_hal_uart.o
    0x080028d8   0x080028d8   0x00000090   Code   RO         1666    i.UART_Start_Receive_DMA  stm32f1xx_hal_uart.o
    0x08002968   0x08002968   0x00000036   Code   RO         1667    i.UART_Start_Receive_IT  stm32f1xx_hal_uart.o
    0x0800299e   0x0800299e   0x00000072   Code   RO         1668    i.UART_WaitOnFlagUntilTimeout  stm32f1xx_hal_uart.o
    0x08002a10   0x08002a10   0x0000000c   Code   RO          445    i.USART1_IRQHandler  stm32f1xx_it.o
    0x08002a1c   0x08002a1c   0x0000000c   Code   RO          446    i.USART2_IRQHandler  stm32f1xx_it.o
    0x08002a28   0x08002a28   0x0000000c   Code   RO          447    i.USART3_IRQHandler  stm32f1xx_it.o
    0x08002a34   0x08002a34   0x00000002   Code   RO          448    i.UsageFault_Handler  stm32f1xx_it.o
    0x08002a36   0x08002a36   0x00000028   Code   RO         4419    i.__ARM_fpclassify  m_ws.l(fpclassify.o)
    0x08002a5e   0x08002a5e   0x00000020   Code   RO         1086    i.__NVIC_SetPriority  stm32f1xx_hal_cortex.o
    0x08002a7e   0x08002a7e   0x00000002   PAD
    0x08002a80   0x08002a80   0x00000388   Code   RO         4424    i.__ieee754_rem_pio2  m_ws.l(rred.o)
    0x08002e08   0x08002e08   0x000000fc   Code   RO         4402    i.__kernel_cos      m_ws.l(cos_i.o)
    0x08002f04   0x08002f04   0x000000aa   Code   RO         4421    i.__kernel_poly     m_ws.l(poly.o)
    0x08002fae   0x08002fae   0x00000002   PAD
    0x08002fb0   0x08002fb0   0x000000ec   Code   RO         4429    i.__kernel_sin      m_ws.l(sin_i.o)
    0x0800309c   0x0800309c   0x00000010   Code   RO         4405    i.__mathlib_dbl_divzero  m_ws.l(dunder.o)
    0x080030ac   0x080030ac   0x00000006   Code   RO         4406    i.__mathlib_dbl_infnan  m_ws.l(dunder.o)
    0x080030b2   0x080030b2   0x00000004   Code   RO         4407    i.__mathlib_dbl_infnan2  m_ws.l(dunder.o)
    0x080030b6   0x080030b6   0x0000000c   Code   RO         4408    i.__mathlib_dbl_invalid  m_ws.l(dunder.o)
    0x080030c2   0x080030c2   0x0000000e   Code   RO         4409    i.__mathlib_dbl_overflow  m_ws.l(dunder.o)
    0x080030d0   0x080030d0   0x00000010   Code   RO         4411    i.__mathlib_dbl_underflow  m_ws.l(dunder.o)
    0x080030e0   0x080030e0   0x0000000c   Code   RO         3696    i.auto_count        auto_task.o
    0x080030ec   0x080030ec   0x00000014   Code   RO         3697    i.auto_count_order  auto_task.o
    0x08003100   0x08003100   0x00000028   Code   RO         3835    i.auto_screen_task_chassis_move_action  auto_screen_task.o
    0x08003128   0x08003128   0x0000006c   Code   RO         3836    i.auto_screen_task_init  auto_screen_task.o
    0x08003194   0x08003194   0x00000114   Code   RO         3698    i.auto_task_set_control  auto_task.o
    0x080032a8   0x080032a8   0x00000040   Code   RO         3308    i.chassis_get_auto_task_pos  chassis_task.o
    0x080032e8   0x080032e8   0x00000070   Code   RO         3310    i.chassis_move_forward_decomposition  chassis_task.o
    0x08003358   0x08003358   0x00000028   Code   RO         3311    i.chassis_normal_move_get_line  chassis_task.o
    0x08003380   0x08003380   0x000000c0   Code   RO         3312    i.chassis_position_move_task  chassis_task.o
    0x08003440   0x08003440   0x00000028   Code   RO         3617    i.chassis_rate_send  motor_control.o
    0x08003468   0x08003468   0x0000009c   Code   RO         4337    i.cos               m_ws.l(cos.o)
    0x08003504   0x08003504   0x0000002c   Code   RO         3966    i.get_CRC16_check_sum  crc8_crc16.o
    0x08003530   0x08003530   0x0000001c   Code   RO         3967    i.get_CRC8_check_sum  crc8_crc16.o
    0x0800354c   0x0800354c   0x00000028   Code   RO         3837    i.get_auto_screen_task_chassis_pos  auto_screen_task.o
    0x08003574   0x08003574   0x00000024   Code   RO         3699    i.get_auto_task_cali  auto_task.o
    0x08003598   0x08003598   0x0000001c   Code   RO         3838    i.get_car_id        auto_screen_task.o
    0x080035b4   0x080035b4   0x00000038   Code   RO         3314    i.get_chassis_move_set_para  chassis_task.o
    0x080035ec   0x080035ec   0x00000008   Code   RO         3315    i.get_chassis_para_point  chassis_task.o
    0x080035f4   0x080035f4   0x0000002c   Code   RO         3316    i.get_chassis_state  chassis_task.o
    0x08003620   0x08003620   0x00000008   Code   RO         4234    i.get_ops9_data_point  ops9_task.o
    0x08003628   0x08003628   0x00000022   Code   RO         4022    i.limit_Data        limit.o
    0x0800364a   0x0800364a   0x0000003e   Code   RO           15    i.main              main.o
    0x08003688   0x08003688   0x0000000c   Code   RO         2793    i.makeFreeRtosPriority  cmsis_os.o
    0x08003694   0x08003694   0x0000002c   Code   RO         3619    i.motor_data_flash  motor_control.o
    0x080036c0   0x080036c0   0x00000058   Code   RO         3620    i.motor_position_read  motor_control.o
    0x08003718   0x08003718   0x0000004c   Code   RO         3621    i.motor_rate_total_control  motor_control.o
    0x08003764   0x08003764   0x00000048   Code   RO         3622    i.motor_vel_read    motor_control.o
    0x080037ac   0x080037ac   0x0000000a   Code   RO         2798    i.osKernelStart     cmsis_os.o
    0x080037b6   0x080037b6   0x00000054   Code   RO         2832    i.osThreadCreate    cmsis_os.o
    0x0800380a   0x0800380a   0x00000002   PAD
    0x0800380c   0x0800380c   0x000009d8   Code   RO         4345    i.pow               m_ws.l(pow.o)
    0x080041e4   0x080041e4   0x00000070   Code   RO         2475    i.prvAddCurrentTaskToDelayedList  tasks.o
    0x08004254   0x08004254   0x000000d0   Code   RO         2476    i.prvAddNewTaskToReadyList  tasks.o
    0x08004324   0x08004324   0x00000034   Code   RO         2477    i.prvDeleteTCB      tasks.o
    0x08004358   0x08004358   0x0000004c   Code   RO         3160    i.prvHeapInit       heap_4.o
    0x080043a4   0x080043a4   0x00000060   Code   RO         2478    i.prvIdleTask       tasks.o
    0x08004404   0x08004404   0x00000098   Code   RO         2479    i.prvInitialiseNewTask  tasks.o
    0x0800449c   0x0800449c   0x0000004c   Code   RO         3161    i.prvInsertBlockIntoFreeList  heap_4.o
    0x080044e8   0x080044e8   0x00000020   Code   RO         2480    i.prvResetNextTaskUnblockTime  tasks.o
    0x08004508   0x08004508   0x00000028   Code   RO         3228    i.prvTaskExitError  port.o
    0x08004530   0x08004530   0x000000dc   Code   RO         3162    i.pvPortMalloc      heap_4.o
    0x0800460c   0x0800460c   0x00000024   Code   RO         3229    i.pxPortInitialiseStack  port.o
    0x08004630   0x08004630   0x0000002c   Code   RO         3776    i.robot_com_task_init  robot_communication.o
    0x0800465c   0x0800465c   0x0000004c   Code   RO         3569    i.serial_screen_init  serial_screen.o
    0x080046a8   0x080046a8   0x000000a0   Code   RO         4355    i.sin               m_ws.l(sin.o)
    0x08004748   0x08004748   0x0000004c   Code   RO         4363    i.sqrt              m_ws.l(sqrt.o)
    0x08004794   0x08004794   0x00000026   Code   RO         2111    i.uxListRemove      list.o
    0x080047ba   0x080047ba   0x00000002   PAD
    0x080047bc   0x080047bc   0x00000014   Code   RO          291    i.vApplicationGetIdleTaskMemory  freertos.o
    0x080047d0   0x080047d0   0x00000016   Code   RO         2112    i.vListInitialise   list.o
    0x080047e6   0x080047e6   0x00000006   Code   RO         2113    i.vListInitialiseItem  list.o
    0x080047ec   0x080047ec   0x00000030   Code   RO         2114    i.vListInsert       list.o
    0x0800481c   0x0800481c   0x00000018   Code   RO         2115    i.vListInsertEnd    list.o
    0x08004834   0x08004834   0x00000040   Code   RO         3231    i.vPortEnterCritical  port.o
    0x08004874   0x08004874   0x00000028   Code   RO         3232    i.vPortExitCritical  port.o
    0x0800489c   0x0800489c   0x00000064   Code   RO         3163    i.vPortFree         heap_4.o
    0x08004900   0x08004900   0x00000024   Code   RO         3233    i.vPortSetupTimerInterrupt  port.o
    0x08004924   0x08004924   0x0000004c   Code   RO         2489    i.vTaskDelay        tasks.o
    0x08004970   0x08004970   0x0000006c   Code   RO         2502    i.vTaskStartScheduler  tasks.o
    0x080049dc   0x080049dc   0x00000010   Code   RO         2504    i.vTaskSuspendAll   tasks.o
    0x080049ec   0x080049ec   0x0000005c   Code   RO         2505    i.vTaskSwitchContext  tasks.o
    0x08004a48   0x08004a48   0x0000003c   Code   RO         3968    i.verify_CRC16_check_sum  crc8_crc16.o
    0x08004a84   0x08004a84   0x00000026   Code   RO         3969    i.verify_CRC8_check_sum  crc8_crc16.o
    0x08004aaa   0x08004aaa   0x00000002   PAD
    0x08004aac   0x08004aac   0x000000a8   Code   RO         3235    i.xPortStartScheduler  port.o
    0x08004b54   0x08004b54   0x0000002c   Code   RO         3236    i.xPortSysTickHandler  port.o
    0x08004b80   0x08004b80   0x0000005a   Code   RO         2508    i.xTaskCreate       tasks.o
    0x08004bda   0x08004bda   0x00000056   Code   RO         2509    i.xTaskCreateStatic  tasks.o
    0x08004c30   0x08004c30   0x0000001c   Code   RO         2513    i.xTaskGetSchedulerState  tasks.o
    0x08004c4c   0x08004c4c   0x000000cc   Code   RO         2516    i.xTaskIncrementTick  tasks.o
    0x08004d18   0x08004d18   0x000000c4   Code   RO         2522    i.xTaskResumeAll    tasks.o
    0x08004ddc   0x08004ddc   0x00000062   Code   RO         4290    x$fpl$d2f           fz_ws.l(d2f.o)
    0x08004e3e   0x08004e3e   0x00000002   PAD
    0x08004e40   0x08004e40   0x00000150   Code   RO         4292    x$fpl$dadd          fz_ws.l(daddsub_clz.o)
    0x08004f90   0x08004f90   0x00000010   Code   RO         4373    x$fpl$dcheck1       fz_ws.l(dcheck1.o)
    0x08004fa0   0x08004fa0   0x00000018   Code   RO         4455    x$fpl$dcmpinf       fz_ws.l(dcmpi.o)
    0x08004fb8   0x08004fb8   0x000002b0   Code   RO         4299    x$fpl$ddiv          fz_ws.l(ddiv.o)
    0x08005268   0x08005268   0x0000005e   Code   RO         4457    x$fpl$dfix          fz_ws.l(dfix.o)
    0x080052c6   0x080052c6   0x0000002e   Code   RO         4376    x$fpl$dflt          fz_ws.l(dflt_clz.o)
    0x080052f4   0x080052f4   0x00000026   Code   RO         4375    x$fpl$dfltu         fz_ws.l(dflt_clz.o)
    0x0800531a   0x0800531a   0x00000002   PAD
    0x0800531c   0x0800531c   0x00000078   Code   RO         4381    x$fpl$dleqf         fz_ws.l(dleqf.o)
    0x08005394   0x08005394   0x00000154   Code   RO         4383    x$fpl$dmul          fz_ws.l(dmul.o)
    0x080054e8   0x080054e8   0x0000009c   Code   RO         4385    x$fpl$dnaninf       fz_ws.l(dnaninf.o)
    0x08005584   0x08005584   0x0000000c   Code   RO         4387    x$fpl$dretinf       fz_ws.l(dretinf.o)
    0x08005590   0x08005590   0x0000006c   Code   RO         4389    x$fpl$drleqf        fz_ws.l(drleqf.o)
    0x080055fc   0x080055fc   0x00000016   Code   RO         4293    x$fpl$drsb          fz_ws.l(daddsub_clz.o)
    0x08005612   0x08005612   0x00000002   PAD
    0x08005614   0x08005614   0x000001cc   Code   RO         4391    x$fpl$dsqrt         fz_ws.l(dsqrt_noumaal.o)
    0x080057e0   0x080057e0   0x000001d4   Code   RO         4294    x$fpl$dsub          fz_ws.l(daddsub_clz.o)
    0x080059b4   0x080059b4   0x00000056   Code   RO         4302    x$fpl$f2d           fz_ws.l(f2d.o)
    0x08005a0a   0x08005a0a   0x00000002   PAD
    0x08005a0c   0x08005a0c   0x000000c4   Code   RO         4304    x$fpl$fadd          fz_ws.l(faddsub_clz.o)
    0x08005ad0   0x08005ad0   0x0000000c   Code   RO         4393    x$fpl$fcheck1       fz_ws.l(fcheck1.o)
    0x08005adc   0x08005adc   0x00000018   Code   RO         4395    x$fpl$fcmpinf       fz_ws.l(fcmpi.o)
    0x08005af4   0x08005af4   0x00000184   Code   RO         4311    x$fpl$fdiv          fz_ws.l(fdiv.o)
    0x08005c78   0x08005c78   0x00000068   Code   RO         4314    x$fpl$feqf          fz_ws.l(feqf.o)
    0x08005ce0   0x08005ce0   0x0000003e   Code   RO         4316    x$fpl$ffixu         fz_ws.l(ffixu.o)
    0x08005d1e   0x08005d1e   0x00000002   PAD
    0x08005d20   0x08005d20   0x00000030   Code   RO         4321    x$fpl$fflt          fz_ws.l(fflt_clz.o)
    0x08005d50   0x08005d50   0x00000026   Code   RO         4320    x$fpl$ffltu         fz_ws.l(fflt_clz.o)
    0x08005d76   0x08005d76   0x00000002   PAD
    0x08005d78   0x08005d78   0x00000068   Code   RO         4326    x$fpl$fleqf         fz_ws.l(fleqf.o)
    0x08005de0   0x08005de0   0x00000102   Code   RO         4328    x$fpl$fmul          fz_ws.l(fmul.o)
    0x08005ee2   0x08005ee2   0x0000008c   Code   RO         4397    x$fpl$fnaninf       fz_ws.l(fnaninf.o)
    0x08005f6e   0x08005f6e   0x0000000a   Code   RO         4399    x$fpl$fretinf       fz_ws.l(fretinf.o)
    0x08005f78   0x08005f78   0x00000062   Code   RO         4330    x$fpl$frleqf        fz_ws.l(frleqf.o)
    0x08005fda   0x08005fda   0x00000014   Code   RO         4305    x$fpl$frsb          fz_ws.l(faddsub_clz.o)
    0x08005fee   0x08005fee   0x00000002   PAD
    0x08005ff0   0x08005ff0   0x000000ea   Code   RO         4306    x$fpl$fsub          fz_ws.l(faddsub_clz.o)
    0x080060da   0x080060da   0x00000064   Code   RO         4461    x$fpl$retnan        fz_ws.l(retnan.o)
    0x0800613e   0x0800613e   0x0000005c   Code   RO         4332    x$fpl$scalbn        fz_ws.l(scalbn.o)
    0x0800619a   0x0800619a   0x0000004c   Code   RO         4334    x$fpl$scalbnf       fz_ws.l(scalbnf.o)
    0x080061e6   0x080061e6   0x00000030   Code   RO         4476    x$fpl$trapveneer    fz_ws.l(trapv.o)
    0x08006216   0x08006216   0x00000000   Code   RO         4401    x$fpl$usenofp       fz_ws.l(usenofp.o)
    0x08006216   0x08006216   0x00000002   PAD
    0x08006218   0x08006218   0x00000070   Data   RO          293    .constdata          freertos.o
    0x08006288   0x08006288   0x00000012   Data   RO          784    .constdata          stm32f1xx_hal_rcc.o
    0x0800629a   0x0800629a   0x00000010   Data   RO         1974    .constdata          system_stm32f1xx.o
    0x080062aa   0x080062aa   0x00000008   Data   RO         1975    .constdata          system_stm32f1xx.o
    0x080062b2   0x080062b2   0x00000002   PAD
    0x080062b4   0x080062b4   0x00000018   Data   RO         3319    .constdata          chassis_task.o
    0x080062cc   0x080062cc   0x00000300   Data   RO         3971    .constdata          crc8_crc16.o
    0x080065cc   0x080065cc   0x00000004   PAD
    0x080065d0   0x080065d0   0x00000088   Data   RO         4346    .constdata          m_ws.l(pow.o)
    0x08006658   0x08006658   0x00000030   Data   RO         4403    .constdata          m_ws.l(cos_i.o)
    0x08006688   0x08006688   0x00000008   Data   RO         4423    .constdata          m_ws.l(qnan.o)
    0x08006690   0x08006690   0x000000c8   Data   RO         4426    .constdata          m_ws.l(rred.o)
    0x08006758   0x08006758   0x00000028   Data   RO         4430    .constdata          m_ws.l(sin_i.o)
    0x08006780   0x08006780   0x00000030   Data   RO          294    .conststring        freertos.o
    0x080067b0   0x080067b0   0x00000020   Data   RO         4604    Region$$Table       anon$$obj.o


    Execution Region RW_IRAM1 (Exec base: 0x20000000, Load base: 0x080067d0, Size: 0x00006608, Max: 0x00010000, ABSOLUTE)

    Exec Addr    Load Addr    Size         Type   Attr      Idx    E Section Name        Object

    0x20000000   0x080067d0   0x00000010   Data   RW          295    .data               freertos.o
    0x20000010   0x080067e0   0x0000000c   Data   RW          621    .data               stm32f1xx_hal.o
    0x2000001c   0x080067ec   0x00000004   Data   RW         1976    .data               system_stm32f1xx.o
    0x20000020   0x080067f0   0x0000003c   Data   RW         2525    .data               tasks.o
    0x2000005c   0x0800682c   0x00000020   Data   RW         3169    .data               heap_4.o
    0x2000007c   0x0800684c   0x0000000c   Data   RW         3237    .data               port.o
    0x20000088   0x08006858   0x00000002   Data   RW         3320    .data               chassis_task.o
    0x2000008a   0x0800685a   0x00000002   Data   RW         3523    .data               uart_receive.o
    0x2000008c   0x0800685c   0x00000010   Data   RW         3572    .data               serial_screen.o
    0x2000009c   0x0800686c   0x00000002   Data   RW         3624    .data               motor_control.o
    0x2000009e   0x0800686e   0x00000002   Data   RW         3705    .data               auto_task.o
    0x200000a0   0x08006870   0x00000003   Data   RW         3779    .data               robot_communication.o
    0x200000a3   0x08006873   0x00000001   PAD
    0x200000a4   0x08006874   0x00000002   Data   RW         3840    .data               auto_screen_task.o
    0x200000a6   0x08006876   0x00000002   PAD
    0x200000a8   0x08006878   0x0000000c   Data   RW         3884    .data               average_filter.o
    0x200000b4   0x08006884   0x00000002   Data   RW         3972    .data               crc8_crc16.o
    0x200000b6   0x08006886   0x00000002   Data   RW         4236    .data               ops9_task.o
    0x200000b8        -       0x00000254   Zero   RW          292    .bss                freertos.o
    0x2000030c        -       0x000001ac   Zero   RW          377    .bss                usart.o
    0x200004b8        -       0x000000f0   Zero   RW         2524    .bss                tasks.o
    0x200005a8        -       0x00000c00   Zero   RW         3168    .bss                heap_4.o
    0x200011a8        -       0x00000144   Zero   RW         3318    .bss                chassis_task.o
    0x200012ec        -       0x00000101   Zero   RW         3521    .bss                uart_receive.o
    0x200013ed        -       0x00000032   Zero   RW         3571    .bss                serial_screen.o
    0x2000141f   0x08006888   0x00000001   PAD
    0x20001420        -       0x000003c0   Zero   RW         3623    .bss                motor_control.o
    0x200017e0        -       0x00003f8c   Zero   RW         3703    .bss                auto_task.o
    0x2000576c        -       0x00000066   Zero   RW         3778    .bss                robot_communication.o
    0x200057d2   0x08006888   0x00000002   PAD
    0x200057d4        -       0x00000088   Zero   RW         3839    .bss                auto_screen_task.o
    0x2000585c        -       0x00000720   Zero   RW         3883    .bss                average_filter.o
    0x20005f7c        -       0x00000010   Zero   RW         4143    .bss                emm_v5.o
    0x20005f8c        -       0x0000001c   Zero   RW         4235    .bss                ops9_task.o
    0x20005fa8        -       0x00000060   Zero   RW         4464    .bss                c_w.l(libspace.o)
    0x20006008        -       0x00000200   Zero   RW            2    HEAP                startup_stm32f103xe.o
    0x20006208        -       0x00000400   Zero   RW            1    STACK               startup_stm32f103xe.o


==============================================================================

Image component sizes


      Code (inc. data)   RO Data    RW Data    ZI Data      Debug   Object Name

       216         34          0          2        136       3315   auto_screen_task.o
       440         40          0          2      16268       6531   auto_task.o
       444          8          0         12       1824       2999   average_filter.o
      1012         62         24          2        324     438160   chassis_task.o
       106          0          0          0          0      22603   cmsis_os.o
       170         16        768          2          0       3419   crc8_crc16.o
        44          4          0          0          0        730   dma.o
       440         62          0          0         16       3956   emm_v5.o
         0          0          0          0          0      17000   event_groups.o
       188         20        160         16        596       7364   freertos.o
       184         14          0          0          0        975   gpio.o
       472         24          0         32       3072       7239   heap_4.o
        34          0          0          0          0        601   limit.o
       138          0          0          0          0       3326   list.o
       160          0          0          0          0     486692   main.o
       532         64          0          2        960       6330   motor_control.o
       152         30          0          2         28       2572   ops9_task.o
       336          0          0          0          0       2314   pid.o
       578         60          0         12          0      10112   port.o
       168         28          0          3        102       1431   robot_communication.o
       252         26          0         16         50       2712   serial_screen.o
        64         26        304          0       1536        796   startup_stm32f103xe.o
       164         28          0         12          0       6401   stm32f1xx_hal.o
       198         14          0          0          0      28871   stm32f1xx_hal_cortex.o
      1236         52          0          0          0       5026   stm32f1xx_hal_dma.o
       514         42          0          0          0       2864   stm32f1xx_hal_gpio.o
        72         10          0          0          0        842   stm32f1xx_hal_msp.o
      1240         84         18          0          0       5040   stm32f1xx_hal_rcc.o
      2088         24          0          0          0      15576   stm32f1xx_hal_uart.o
       108         36          0          0          0       5536   stm32f1xx_it.o
         0          0          0          0          0        404   stream_buffer.o
         2          0         24          4          0       1079   system_stm32f1xx.o
      1548        118          0         60        240      19451   tasks.o
       172         40          0          2        257       3625   uart_receive.o
       852         88          0          0        428       4369   usart.o

    ----------------------------------------------------------------------
     14352       1054       1336        184      25840    1130261   Object Totals
         0          0         32          0          0          0   (incl. Generated)
        28          0          6          3          3          0   (incl. Padding)

    ----------------------------------------------------------------------

      Code (inc. data)   RO Data    RW Data    ZI Data      Debug   Library Member Name

         8          0          0          0          0         68   __main.o
         0          0          0          0          0          0   __rtentry.o
        12          0          0          0          0          0   __rtentry2.o
         6          0          0          0          0          0   __rtentry4.o
        52          8          0          0          0          0   __scatter.o
        26          0          0          0          0          0   __scatter_copy.o
        28          0          0          0          0          0   __scatter_zi.o
        22          0          0          0          0        100   _rserrno.o
        18          0          0          0          0         80   exit.o
         6          0          0          0          0        152   heapauxi.o
         0          0          0          0          0          0   indicate_semi.o
         2          0          0          0          0          0   libinit.o
         2          0          0          0          0          0   libinit2.o
         2          0          0          0          0          0   libshutdown.o
         2          0          0          0          0          0   libshutdown2.o
         8          4          0          0         96         68   libspace.o
         8          4          0          0          0         68   rt_errno_addr_intlibspace.o
        68          0          0          0          0         68   rt_memclr.o
        78          0          0          0          0         80   rt_memclr_w.o
       138          0          0          0          0         68   rt_memcpy_v6.o
       100          0          0          0          0         80   rt_memcpy_w.o
         2          0          0          0          0          0   rtexit.o
        10          0          0          0          0          0   rtexit2.o
        12          4          0          0          0         68   sys_exit.o
        74          0          0          0          0         80   sys_stackheap_outer.o
         2          0          0          0          0         68   use_no_semi.o
        98          4          0          0          0         92   d2f.o
       826         16          0          0          0        348   daddsub_clz.o
        16          4          0          0          0         68   dcheck1.o
        24          0          0          0          0         68   dcmpi.o
       688        140          0          0          0        208   ddiv.o
        94          4          0          0          0         92   dfix.o
        84          0          0          0          0        136   dflt_clz.o
       120          4          0          0          0         92   dleqf.o
       340         12          0          0          0        104   dmul.o
       156          4          0          0          0         92   dnaninf.o
        12          0          0          0          0         68   dretinf.o
       108          0          0          0          0         80   drleqf.o
       460         56          0          0          0        120   dsqrt_noumaal.o
        86          4          0          0          0         84   f2d.o
       450          8          0          0          0        236   faddsub_clz.o
        12          4          0          0          0         68   fcheck1.o
        24          0          0          0          0         68   fcmpi.o
       388         76          0          0          0         96   fdiv.o
       104          4          0          0          0         84   feqf.o
        62          4          0          0          0         84   ffixu.o
        86          0          0          0          0        136   fflt_clz.o
       104          4          0          0          0         84   fleqf.o
       258          4          0          0          0         84   fmul.o
       140          4          0          0          0         84   fnaninf.o
        10          0          0          0          0         68   fretinf.o
        98          0          0          0          0         68   frleqf.o
       100          0          0          0          0         68   retnan.o
        92          0          0          0          0         68   scalbn.o
        76          0          0          0          0         68   scalbnf.o
        48          0          0          0          0         68   trapv.o
         0          0          0          0          0          0   usenofp.o
       156          8          0          0          0        104   cos.o
       252         22         48          0          0        124   cos_i.o
        68         10          0          0          0        408   dunder.o
        40          0          0          0          0         68   fpclassify.o
       170          0          0          0          0         96   poly.o
      2520        190        136          0          0        324   pow.o
         0          0          8          0          0          0   qnan.o
       904         76        200          0          0        140   rred.o
       160         10          0          0          0        108   sin.o
       236         12         40          0          0        128   sin_i.o
        76          0          0          0          0         84   sqrt.o

    ----------------------------------------------------------------------
     10456        704        432          0         96       5716   Library Totals
        24          0          0          0          0          0   (incl. Padding)

    ----------------------------------------------------------------------

      Code (inc. data)   RO Data    RW Data    ZI Data      Debug   Library Name

       686         20          0          0         96       1048   c_w.l
      5164        356          0          0          0       3084   fz_ws.l
      4582        328        432          0          0       1584   m_ws.l

    ----------------------------------------------------------------------
     10456        704        432          0         96       5716   Library Totals

    ----------------------------------------------------------------------

==============================================================================


      Code (inc. data)   RO Data    RW Data    ZI Data      Debug   

     24808       1758       1768        184      25936    1125157   Grand Totals
     24808       1758       1768        184      25936    1125157   ELF Image Totals
     24808       1758       1768        184          0          0   ROM Totals

==============================================================================

    Total RO  Size (Code + RO Data)                26576 (  25.95kB)
    Total RW  Size (RW Data + ZI Data)             26120 (  25.51kB)
    Total ROM Size (Code + RO Data + RW Data)      26760 (  26.13kB)

==============================================================================

