<html>
<body>
<pre>
<h1>µVision Build Log</h1>
<h2>Tool Versions:</h2>
IDE-Version: ¦ÌVision V5.37.0.0
Copyright (C) 2022 ARM Ltd and ARM Germany GmbH. All rights reserved.
License Information: 1 3254130233@qq.com, 1, LIC=D0D7S-LMPGK-9UG4U-SW9ZC-1TV5H-ZD38M
 
Tool Versions:
Toolchain:       MDK-ARM Plus  Version: 5.37.0.0
Toolchain Path:  D:\YingYong\Keil5\ARM\ARMCC\Bin
C Compiler:      Armcc.exe V5.06 update 7 (build 960)
Assembler:       Armasm.exe V5.06 update 7 (build 960)
Linker/Locator:  ArmLink.exe V5.06 update 7 (build 960)
Library Manager: ArmAr.exe V5.06 update 7 (build 960)
Hex Converter:   FromElf.exe V5.06 update 7 (build 960)
CPU DLL:         SARMCM3.DLL V5.37.0.0
Dialog DLL:      DCM.DLL V1.17.5.0
Target DLL:      CMSIS_AGDI.dll V1.33.12.0
Dialog DLL:      TCM.DLL V1.56.1.0
 
<h2>Project:</h2>
D:\STM32\code\ops-9\ops9\example\STM32\MDK-ARM\expresswaycar.uvprojx
Project File Date:  12/02/2024

<h2>Output:</h2>
*** Using Compiler 'V5.06 update 7 (build 960)', folder: 'D:\YingYong\Keil5\ARM\ARMCC\Bin'
Build target 'expresswaycar'
assembling startup_stm32f103xe.s...
compiling gpio.c...
compiling dma.c...
compiling stm32f1xx_hal_gpio_ex.c...
compiling stm32f1xx_hal_rcc_ex.c...
compiling stm32f1xx_hal_msp.c...
compiling stm32f1xx_it.c...
compiling stm32f1xx_hal.c...
compiling usart.c...
compiling stm32f1xx_hal_rcc.c...
compiling freertos.c...
compiling main.c...
../Core/Src/main.c(105): warning:  #223-D: function "auto_screen_task_init" declared implicitly
    auto_screen_task_init();
../Core/Src/main.c: 1 warning, 0 errors
compiling stm32f1xx_hal_cortex.c...
compiling stm32f1xx_hal_pwr.c...
compiling stm32f1xx_hal_flash_ex.c...
compiling stm32f1xx_hal_gpio.c...
compiling croutine.c...
compiling system_stm32f1xx.c...
compiling list.c...
compiling stm32f1xx_hal_tim_ex.c...
compiling event_groups.c...
compiling stm32f1xx_hal_flash.c...
compiling stm32f1xx_hal_dma.c...
compiling stm32f1xx_hal_tim.c...
compiling stm32f1xx_hal_exti.c...
compiling queue.c...
compiling stream_buffer.c...
compiling timers.c...
compiling heap_4.c...
compiling tasks.c...
compiling stm32f1xx_hal_uart.c...
compiling port.c...
compiling cmsis_os.c...
compiling average_filter.c...
compiling limit.c...
compiling pid.c...
compiling CRC8_CRC16.c...
compiling chassis_task.c...
compiling auto_task.c...
..\App\auto_task.c(182): warning:  #177-D: function "auto_task_chassis_move_action"  was declared but never referenced
  static void auto_task_chassis_move_action(fp32 x, fp32 y, fp32 z)
..\App\auto_task.c: 1 warning, 0 errors
compiling motor_control.c...
compiling serial_screen.c...
compiling auto_screen_task.c...
compiling robot_communication.c...
compiling uart_receive.c...
compiling ops9_task.c...
compiling Emm_V5.c...
linking...
Program Size: Code=24808 RO-data=1768 RW-data=184 ZI-data=25936  
FromELF: creating hex file...
"expresswaycar\expresswaycar.axf" - 0 Error(s), 2 Warning(s).

<h2>Software Packages used:</h2>

Package Vendor: ARM
                http://www.keil.com/pack/ARM.CMSIS.5.9.0.pack
                ARM.CMSIS.5.9.0
                CMSIS (Common Microcontroller Software Interface Standard)
   * Component: CORE Version: 5.6.0

Package Vendor: Keil
                http://www.keil.com/pack/Keil.STM32F1xx_DFP.2.3.0.pack
                Keil.STM32F1xx_DFP.2.3.0
                STMicroelectronics STM32F1 Series Device Support, Drivers and Examples

<h2>Collection of Component include folders:</h2>
  ./RTE/_expresswaycar
  D:/YingYong/Keil5/Pack/ARM/CMSIS/5.9.0/CMSIS/Core/Include
  D:/YingYong/Keil5/Pack/Keil/STM32F1xx_DFP/2.3.0/Device/Include

<h2>Collection of Component Files used:</h2>

   * Component: ARM::CMSIS:CORE:5.6.0
      Include file:  CMSIS/Core/Include/tz_context.h
Build Time Elapsed:  00:00:18
</pre>
</body>
</html>
