Component: ARM Compiler 5.06 update 7 (build 960) Tool: armlink [4d3601]

==============================================================================

Section Cross References

    startup_stm32f103xb.o(STACK) refers (Special) to heapauxi.o(.text) for __use_two_region_memory
    startup_stm32f103xb.o(HEAP) refers (Special) to heapauxi.o(.text) for __use_two_region_memory
    startup_stm32f103xb.o(RESET) refers (Special) to heapauxi.o(.text) for __use_two_region_memory
    startup_stm32f103xb.o(RESET) refers to startup_stm32f103xb.o(STACK) for __initial_sp
    startup_stm32f103xb.o(RESET) refers to startup_stm32f103xb.o(.text) for Reset_Handler
    startup_stm32f103xb.o(RESET) refers to stm32f1xx_it.o(i.NMI_Handler) for NMI_Handler
    startup_stm32f103xb.o(RESET) refers to stm32f1xx_it.o(i.HardFault_Handler) for HardFault_Handler
    startup_stm32f103xb.o(RESET) refers to stm32f1xx_it.o(i.MemManage_Handler) for MemManage_Handler
    startup_stm32f103xb.o(RESET) refers to stm32f1xx_it.o(i.BusFault_Handler) for BusFault_Handler
    startup_stm32f103xb.o(RESET) refers to stm32f1xx_it.o(i.UsageFault_Handler) for UsageFault_Handler
    startup_stm32f103xb.o(RESET) refers to stm32f1xx_it.o(i.SVC_Handler) for SVC_Handler
    startup_stm32f103xb.o(RESET) refers to stm32f1xx_it.o(i.DebugMon_Handler) for DebugMon_Handler
    startup_stm32f103xb.o(RESET) refers to stm32f1xx_it.o(i.PendSV_Handler) for PendSV_Handler
    startup_stm32f103xb.o(RESET) refers to stm32f1xx_it.o(i.SysTick_Handler) for SysTick_Handler
    startup_stm32f103xb.o(RESET) refers to stm32f1xx_it.o(i.DMA1_Channel5_IRQHandler) for DMA1_Channel5_IRQHandler
    startup_stm32f103xb.o(RESET) refers to stm32f1xx_it.o(i.TIM1_BRK_IRQHandler) for TIM1_BRK_IRQHandler
    startup_stm32f103xb.o(RESET) refers to stm32f1xx_it.o(i.TIM1_UP_IRQHandler) for TIM1_UP_IRQHandler
    startup_stm32f103xb.o(RESET) refers to stm32f1xx_it.o(i.TIM1_TRG_COM_IRQHandler) for TIM1_TRG_COM_IRQHandler
    startup_stm32f103xb.o(RESET) refers to stm32f1xx_it.o(i.TIM1_CC_IRQHandler) for TIM1_CC_IRQHandler
    startup_stm32f103xb.o(RESET) refers to stm32f1xx_it.o(i.TIM3_IRQHandler) for TIM3_IRQHandler
    startup_stm32f103xb.o(RESET) refers to stm32f1xx_it.o(i.I2C1_EV_IRQHandler) for I2C1_EV_IRQHandler
    startup_stm32f103xb.o(RESET) refers to stm32f1xx_it.o(i.I2C1_ER_IRQHandler) for I2C1_ER_IRQHandler
    startup_stm32f103xb.o(RESET) refers to imu.o(i.USART1_IRQHandler) for USART1_IRQHandler
    startup_stm32f103xb.o(RESET) refers to stm32f1xx_it.o(i.USART2_IRQHandler) for USART2_IRQHandler
    startup_stm32f103xb.o(.text) refers (Special) to heapauxi.o(.text) for __use_two_region_memory
    startup_stm32f103xb.o(.text) refers to system_stm32f1xx.o(i.SystemInit) for SystemInit
    startup_stm32f103xb.o(.text) refers to __main.o(!!!main) for __main
    startup_stm32f103xb.o(.text) refers to startup_stm32f103xb.o(HEAP) for Heap_Mem
    startup_stm32f103xb.o(.text) refers to startup_stm32f103xb.o(STACK) for Stack_Mem
    main.o(i.HAL_UART_RxCpltCallback) refers to robot_com.o(i.Robot_com_call_back) for Robot_com_call_back
    main.o(i.SystemClock_Config) refers to rt_memclr_w.o(.text) for __aeabi_memclr4
    main.o(i.SystemClock_Config) refers to stm32f1xx_hal_rcc.o(i.HAL_RCC_OscConfig) for HAL_RCC_OscConfig
    main.o(i.SystemClock_Config) refers to stm32f1xx_hal_rcc.o(i.HAL_RCC_ClockConfig) for HAL_RCC_ClockConfig
    main.o(i.main) refers to stm32f1xx_hal.o(i.HAL_Init) for HAL_Init
    main.o(i.main) refers to main.o(i.SystemClock_Config) for SystemClock_Config
    main.o(i.main) refers to gpio.o(i.MX_GPIO_Init) for MX_GPIO_Init
    main.o(i.main) refers to dma.o(i.MX_DMA_Init) for MX_DMA_Init
    main.o(i.main) refers to i2c.o(i.MX_I2C1_Init) for MX_I2C1_Init
    main.o(i.main) refers to tim.o(i.MX_TIM1_Init) for MX_TIM1_Init
    main.o(i.main) refers to tim.o(i.MX_TIM2_Init) for MX_TIM2_Init
    main.o(i.main) refers to usart.o(i.MX_USART1_UART_Init) for MX_USART1_UART_Init
    main.o(i.main) refers to usart.o(i.MX_USART2_UART_Init) for MX_USART2_UART_Init
    main.o(i.main) refers to tim.o(i.MX_TIM3_Init) for MX_TIM3_Init
    main.o(i.main) refers to delay.o(i.delay_init) for delay_init
    main.o(i.main) refers to encoder.o(i.Encoder_init) for Encoder_init
    main.o(i.main) refers to imu.o(i.IMU_init) for IMU_init
    main.o(i.main) refers to robot_com.o(i.Robot_com_init) for Robot_com_init
    main.o(i.main) refers to ops9_control.o(i.Control_init) for Control_init
    main.o(i.main) refers to stm32f1xx_hal_gpio.o(i.HAL_GPIO_TogglePin) for HAL_GPIO_TogglePin
    main.o(i.main) refers to encoder.o(i.Encoder_task) for Encoder_task
    main.o(i.main) refers to robot_com.o(i.Robot_com_send_data) for Robot_com_send_data
    main.o(i.main) refers to ops9_control.o(i.Control_task) for Control_task
    main.o(i.main) refers to imu.o(i.IMU_check_task) for IMU_check_task
    main.o(i.main) refers to delay.o(i.delay_ms) for delay_ms
[...]
    I2C_Slave_AF                             0x08002805   Thumb Code   138  stm32f1xx_hal_i2c.o(i.I2C_Slave_AF)
    i.I2C_Slave_STOPF                        0x08002894   Section        0  stm32f1xx_hal_i2c.o(i.I2C_Slave_STOPF)
    I2C_Slave_STOPF                          0x08002895   Thumb Code   338  stm32f1xx_hal_i2c.o(i.I2C_Slave_STOPF)
    i.IMU_check_task                         0x080029f0   Section        0  imu.o(i.IMU_check_task)
    i.IMU_dma_init                           0x08002a04   Section        0  imu.o(i.IMU_dma_init)
    i.IMU_init                               0x08002a18   Section        0  imu.o(i.IMU_init)
    i.IMU_zero_angle                         0x08002a28   Section        0  imu.o(i.IMU_zero_angle)
    i.MX_DMA_Init                            0x08002a6c   Section        0  dma.o(i.MX_DMA_Init)
    i.MX_GPIO_Init                           0x08002a98   Section        0  gpio.o(i.MX_GPIO_Init)
    i.MX_I2C1_Init                           0x08002b5c   Section        0  i2c.o(i.MX_I2C1_Init)
    i.MX_TIM1_Init                           0x08002b9c   Section        0  tim.o(i.MX_TIM1_Init)
    i.MX_TIM2_Init                           0x08002c08   Section        0  tim.o(i.MX_TIM2_Init)
    i.MX_TIM3_Init                           0x08002c70   Section        0  tim.o(i.MX_TIM3_Init)
    i.MX_USART1_UART_Init                    0x08002cd4   Section        0  usart.o(i.MX_USART1_UART_Init)
    i.MX_USART2_UART_Init                    0x08002d0c   Section        0  usart.o(i.MX_USART2_UART_Init)
    i.MemManage_Handler                      0x08002d44   Section        0  stm32f1xx_it.o(i.MemManage_Handler)
    i.NMI_Handler                            0x08002d46   Section        0  stm32f1xx_it.o(i.NMI_Handler)
    i.PendSV_Handler                         0x08002d48   Section        0  stm32f1xx_it.o(i.PendSV_Handler)
    i.Robot_com_call_back                    0x08002d4c   Section        0  robot_com.o(i.Robot_com_call_back)
    i.Robot_com_feed_back                    0x08002dac   Section        0  robot_com.o(i.Robot_com_feed_back)
    i.Robot_com_init                         0x08002de4   Section        0  robot_com.o(i.Robot_com_init)
    i.Robot_com_send_data                    0x08002e10   Section        0  robot_com.o(i.Robot_com_send_data)
    i.SVC_Handler                            0x08002e2c   Section        0  stm32f1xx_it.o(i.SVC_Handler)
    i.SysTick_Handler                        0x08002e2e   Section        0  stm32f1xx_it.o(i.SysTick_Handler)
    i.SystemClock_Config                     0x08002e32   Section        0  main.o(i.SystemClock_Config)
    i.SystemInit                             0x08002e90   Section        0  system_stm32f1xx.o(i.SystemInit)
    i.TIM1_BRK_IRQHandler                    0x08002e94   Section        0  stm32f1xx_it.o(i.TIM1_BRK_IRQHandler)
    i.TIM1_CC_IRQHandler                     0x08002ea0   Section        0  stm32f1xx_it.o(i.TIM1_CC_IRQHandler)
    i.TIM1_TRG_COM_IRQHandler                0x08002eac   Section        0  stm32f1xx_it.o(i.TIM1_TRG_COM_IRQHandler)
    i.TIM1_UP_IRQHandler                     0x08002eb8   Section        0  stm32f1xx_it.o(i.TIM1_UP_IRQHandler)
    i.TIM3_IRQHandler                        0x08002ec4   Section        0  stm32f1xx_it.o(i.TIM3_IRQHandler)
    i.TIM_Base_SetConfig                     0x08002ed0   Section        0  stm32f1xx_hal_tim.o(i.TIM_Base_SetConfig)
    i.TIM_CCxChannelCmd                      0x08002f48   Section        0  stm32f1xx_hal_tim.o(i.TIM_CCxChannelCmd)
    i.TIM_ETR_SetConfig                      0x08002f62   Section        0  stm32f1xx_hal_tim.o(i.TIM_ETR_SetConfig)
    i.TIM_ITRx_SetConfig                     0x08002f76   Section        0  stm32f1xx_hal_tim.o(i.TIM_ITRx_SetConfig)
    TIM_ITRx_SetConfig                       0x08002f77   Thumb Code    16  stm32f1xx_hal_tim.o(i.TIM_ITRx_SetConfig)
    i.TIM_SlaveTimer_SetConfig               0x08002f86   Section        0  stm32f1xx_hal_tim.o(i.TIM_SlaveTimer_SetConfig)
    TIM_SlaveTimer_SetConfig                 0x08002f87   Thumb Code   140  stm32f1xx_hal_tim.o(i.TIM_SlaveTimer_SetConfig)
    i.TIM_TI1_ConfigInputStage               0x08003012   Section        0  stm32f1xx_hal_tim.o(i.TIM_TI1_ConfigInputStage)
    TIM_TI1_ConfigInputStage                 0x08003013   Thumb Code    34  stm32f1xx_hal_tim.o(i.TIM_TI1_ConfigInputStage)
    i.TIM_TI2_ConfigInputStage               0x08003034   Section        0  stm32f1xx_hal_tim.o(i.TIM_TI2_ConfigInputStage)
    TIM_TI2_ConfigInputStage                 0x08003035   Thumb Code    36  stm32f1xx_hal_tim.o(i.TIM_TI2_ConfigInputStage)
    i.UART_DMAAbortOnError                   0x08003058   Section        0  stm32f1xx_hal_uart.o(i.UART_DMAAbortOnError)
    UART_DMAAbortOnError                     0x08003059   Thumb Code    16  stm32f1xx_hal_uart.o(i.UART_DMAAbortOnError)
    i.UART_DMAError                          0x08003068   Section        0  stm32f1xx_hal_uart.o(i.UART_DMAError)
    UART_DMAError                            0x08003069   Thumb Code    74  stm32f1xx_hal_uart.o(i.UART_DMAError)
    i.UART_DMAReceiveCplt                    0x080030b2   Section        0  stm32f1xx_hal_uart.o(i.UART_DMAReceiveCplt)
    UART_DMAReceiveCplt                      0x080030b3   Thumb Code   134  stm32f1xx_hal_uart.o(i.UART_DMAReceiveCplt)
    i.UART_DMARxHalfCplt                     0x08003138   Section        0  stm32f1xx_hal_uart.o(i.UART_DMARxHalfCplt)
    UART_DMARxHalfCplt                       0x08003139   Thumb Code    30  stm32f1xx_hal_uart.o(i.UART_DMARxHalfCplt)
    i.UART_EndRxTransfer                     0x08003156   Section        0  stm32f1xx_hal_uart.o(i.UART_EndRxTransfer)
    UART_EndRxTransfer                       0x08003157   Thumb Code    78  stm32f1xx_hal_uart.o(i.UART_EndRxTransfer)
    i.UART_EndTxTransfer                     0x080031a4   Section        0  stm32f1xx_hal_uart.o(i.UART_EndTxTransfer)
    UART_EndTxTransfer                       0x080031a5   Thumb Code    28  stm32f1xx_hal_uart.o(i.UART_EndTxTransfer)
    i.UART_Receive_IT                        0x080031c0   Section        0  stm32f1xx_hal_uart.o(i.UART_Receive_IT)
    UART_Receive_IT                          0x080031c1   Thumb Code   194  stm32f1xx_hal_uart.o(i.UART_Receive_IT)
    i.UART_SetConfig                         0x08003284   Section        0  stm32f1xx_hal_uart.o(i.UART_SetConfig)
    UART_SetConfig                           0x08003285   Thumb Code   178  stm32f1xx_hal_uart.o(i.UART_SetConfig)
    i.UART_Start_Receive_DMA                 0x0800333c   Section        0  stm32f1xx_hal_uart.o(i.UART_Start_Receive_DMA)
    i.UART_Start_Receive_IT                  0x080033cc   Section        0  stm32f1xx_hal_uart.o(i.UART_Start_Receive_IT)
    i.UART_WaitOnFlagUntilTimeout            0x08003402   Section        0  stm32f1xx_hal_uart.o(i.UART_WaitOnFlagUntilTimeout)
    UART_WaitOnFlagUntilTimeout              0x08003403   Thumb Code   114  stm32f1xx_hal_uart.o(i.UART_WaitOnFlagUntilTimeout)
    i.USART1_IRQHandler                      0x08003474   Section        0  imu.o(i.USART1_IRQHandler)
    i.USART2_IRQHandler                      0x08003494   Section        0  stm32f1xx_it.o(i.USART2_IRQHandler)
    i.UsageFault_Handler                     0x080034a0   Section        0  stm32f1xx_it.o(i.UsageFault_Handler)
    i.__ARM_fpclassify                       0x080034a2   Section        0  fpclassify.o(i.__ARM_fpclassify)
    i.__NVIC_SetPriority                     0x080034ca   Section        0  stm32f1xx_hal_cortex.o(i.__NVIC_SetPriority)
    __NVIC_SetPriority                       0x080034cb   Thumb Code    32  stm32f1xx_hal_cortex.o(i.__NVIC_SetPriority)
    i.__ieee754_rem_pio2                     0x080034ec   Section        0  rred.o(i.__ieee754_rem_pio2)
    i.__kernel_cos                           0x08003874   Section        0  cos_i.o(i.__kernel_cos)
    i.__kernel_poly                          0x08003970   Section        0  poly.o(i.__kernel_poly)
    i.__kernel_sin                           0x08003a1c   Section        0  sin_i.o(i.__kernel_sin)
    i.__mathlib_dbl_infnan                   0x08003b08   Section        0  dunder.o(i.__mathlib_dbl_infnan)
    i.__mathlib_dbl_invalid                  0x08003b0e   Section        0  dunder.o(i.__mathlib_dbl_invalid)
    i.__mathlib_dbl_underflow                0x08003b1c   Section        0  dunder.o(i.__mathlib_dbl_underflow)
    i.append_CRC8_check_sum                  0x08003b2c   Section        0  crc8_crc16.o(i.append_CRC8_check_sum)
    i.control_loop                           0x08003b48   Section        0  ops9_control.o(i.control_loop)
    control_loop                             0x08003b49   Thumb Code   220  ops9_control.o(i.control_loop)
    i.cos                                    0x08003c28   Section        0  cos.o(i.cos)
    i.delay_init                             0x08003cc4   Section        0  delay.o(i.delay_init)
    i.delay_ms                               0x08003cfc   Section        0  delay.o(i.delay_ms)
    i.feed_back                              0x08003d30   Section        0  ops9_control.o(i.feed_back)
    feed_back                                0x08003d31   Thumb Code    98  ops9_control.o(i.feed_back)
    i.get_CRC8_check_sum                     0x08003d9c   Section        0  crc8_crc16.o(i.get_CRC8_check_sum)
    i.get_control_para_point                 0x08003db8   Section        0  ops9_control.o(i.get_control_para_point)
    i.get_encoder_para_point                 0x08003dc0   Section        0  encoder.o(i.get_encoder_para_point)
    i.get_imu_para_point                     0x08003dcc   Section        0  imu.o(i.get_imu_para_point)
    i.get_ops_cmd_data                       0x08003dd4   Section        0  robot_com.o(i.get_ops_cmd_data)
    i.main                                   0x08003de0   Section        0  main.o(i.main)
    i.sin                                    0x08003e98   Section        0  sin.o(i.sin)
    i.yaw_add_count                          0x08003f38   Section        0  ops9_control.o(i.yaw_add_count)
    x$fpl$d2f                                0x08003f84   Section       98  d2f.o(x$fpl$d2f)
    x$fpl$dadd                               0x08003fe8   Section      336  daddsub_clz.o(x$fpl$dadd)
    _dadd1                                   0x08003ff9   Thumb Code     0  daddsub_clz.o(x$fpl$dadd)
    x$fpl$dcheck1                            0x08004138   Section       16  dcheck1.o(x$fpl$dcheck1)
    x$fpl$ddiv                               0x08004148   Section      688  ddiv.o(x$fpl$ddiv)
    ddiv_entry                               0x0800414f   Thumb Code     0  ddiv.o(x$fpl$ddiv)
    x$fpl$dfix                               0x080043f8   Section       94  dfix.o(x$fpl$dfix)
    x$fpl$dflt                               0x08004456   Section       46  dflt_clz.o(x$fpl$dflt)
    x$fpl$dfltu                              0x08004484   Section       38  dflt_clz.o(x$fpl$dfltu)
    x$fpl$dmul                               0x080044ac   Section      340  dmul.o(x$fpl$dmul)
    x$fpl$dnaninf                            0x08004600   Section      156  dnaninf.o(x$fpl$dnaninf)
    x$fpl$dretinf                            0x0800469c   Section       12  dretinf.o(x$fpl$dretinf)
    x$fpl$drsb                               0x080046a8   Section       22  daddsub_clz.o(x$fpl$drsb)
    x$fpl$dsub                               0x080046c0   Section      468  daddsub_clz.o(x$fpl$dsub)
    _dsub1                                   0x080046d1   Thumb Code     0  daddsub_clz.o(x$fpl$dsub)
    x$fpl$f2d                                0x08004894   Section       86  f2d.o(x$fpl$f2d)
    x$fpl$fadd                               0x080048ec   Section      196  faddsub_clz.o(x$fpl$fadd)
    _fadd1                                   0x080048fb   Thumb Code     0  faddsub_clz.o(x$fpl$fadd)
    x$fpl$fcheck1                            0x080049b0   Section       12  fcheck1.o(x$fpl$fcheck1)
    x$fpl$fdiv                               0x080049bc   Section      388  fdiv.o(x$fpl$fdiv)
    _fdiv1                                   0x080049bd   Thumb Code     0  fdiv.o(x$fpl$fdiv)
    x$fpl$fflt                               0x08004b40   Section       48  fflt_clz.o(x$fpl$fflt)
    x$fpl$fmul                               0x08004b70   Section      258  fmul.o(x$fpl$fmul)
    x$fpl$fnaninf                            0x08004c72   Section      140  fnaninf.o(x$fpl$fnaninf)
    x$fpl$fretinf                            0x08004cfe   Section       10  fretinf.o(x$fpl$fretinf)
    x$fpl$fsub                               0x08004d08   Section      234  faddsub_clz.o(x$fpl$fsub)
    _fsub1                                   0x08004d17   Thumb Code     0  faddsub_clz.o(x$fpl$fsub)
    x$fpl$retnan                             0x08004df2   Section      100  retnan.o(x$fpl$retnan)
    x$fpl$scalbn                             0x08004e56   Section       92  scalbn.o(x$fpl$scalbn)
    x$fpl$scalbnf                            0x08004eb2   Section       76  scalbnf.o(x$fpl$scalbnf)
    x$fpl$trapveneer                         0x08004efe   Section       48  trapv.o(x$fpl$trapveneer)
    .constdata                               0x08004f2e   Section       18  stm32f1xx_hal_rcc.o(.constdata)
    x$fpl$usenofp                            0x08004f2e   Section        0  usenofp.o(x$fpl$usenofp)
    aPredivFactorTable                       0x08004f2e   Data           2  stm32f1xx_hal_rcc.o(.constdata)
    aPLLMULFactorTable                       0x08004f30   Data          16  stm32f1xx_hal_rcc.o(.constdata)
    .constdata                               0x08004f40   Section       16  system_stm32f1xx.o(.constdata)
    .constdata                               0x08004f50   Section        8  system_stm32f1xx.o(.constdata)
    .constdata                               0x08004f58   Section      768  crc8_crc16.o(.constdata)
    .constdata                               0x08005258   Section       48  cos_i.o(.constdata)
    C                                        0x08005258   Data          48  cos_i.o(.constdata)
    .constdata                               0x08005288   Section      200  rred.o(.constdata)
    pio2s                                    0x08005288   Data          48  rred.o(.constdata)
    twooverpi                                0x080052b8   Data         152  rred.o(.constdata)
    .constdata                               0x08005350   Section       40  sin_i.o(.constdata)
    S                                        0x08005350   Data          40  sin_i.o(.constdata)
    .data                                    0x20000000   Section        8  main.o(.data)
    led_delay                                0x20000004   Data           4  main.o(.data)
    .data                                    0x20000008   Section       12  stm32f1xx_hal.o(.data)
    .data                                    0x20000014   Section        4  system_stm32f1xx.o(.data)
    .data                                    0x20000018   Section        8  imu.o(.data)
    .data                                    0x20000020   Section       16  ops9_control.o(.data)
    yaw_last                                 0x20000024   Data           4  ops9_control.o(.data)
    yaw_add                                  0x20000028   Data           4  ops9_control.o(.data)
    .data                                    0x20000030   Section        6  robot_com.o(.data)
    .data                                    0x20000036   Section        4  delay.o(.data)
    fac_us                                   0x20000036   Data           1  delay.o(.data)
    fac_ms                                   0x20000038   Data           2  delay.o(.data)
    .bss                                     0x2000003c   Section       84  i2c.o(.bss)
    .bss                                     0x20000090   Section      216  tim.o(.bss)
    .bss                                     0x20000168   Section      212  usart.o(.bss)
    .bss                                     0x2000023c   Section       32  encoder.o(.bss)
    .bss                                     0x2000025c   Section       22  imu.o(.bss)
    .bss                                     0x20000274   Section       68  ops9_control.o(.bss)
    .bss                                     0x200002b8   Section       38  robot_com.o(.bss)
    .bss                                     0x200002e0   Section       96  libspace.o(.bss)
    HEAP                                     0x20000340   Section      512  startup_stm32f103xb.o(HEAP)
    Heap_Mem                                 0x20000340   Data         512  startup_stm32f103xb.o(HEAP)
    STACK                                    0x20000540   Section     1024  startup_stm32f103xb.o(STACK)
    Stack_Mem                                0x20000540   Data        1024  startup_stm32f103xb.o(STACK)
    __initial_sp                             0x20000940   Data           0  startup_stm32f103xb.o(STACK)

    Global Symbols

    Symbol Name                              Value     Ov Type        Size  Object(Section)

    BuildAttributes$$THM_ISAv4$P$D$K$B$S$PE$A:L22UL41UL21$X:L11$S22US41US21$IEEE1$IW$USESV6$~STKCKD$USESV7$~SHL$OTIME$ROPI$IEEEX$EBA8$UX$STANDARDLIB$REQ8$PRES8$EABIv2 0x00000000   Number         0  anon$$obj.o ABSOLUTE
    __ARM_use_no_argv                        0x00000000   Number         0  main.o ABSOLUTE
    __ARM_exceptions_init                     - Undefined Weak Reference
    __alloca_initialize                       - Undefined Weak Reference
    __arm_fini_                               - Undefined Weak Reference
    __arm_preinit_                            - Undefined Weak Reference
    __cpp_initialize__aeabi_                  - Undefined Weak Reference
    __cxa_finalize                            - Undefined Weak Reference
    __rt_locale                               - Undefined Weak Reference
    __sigvec_lookup                           - Undefined Weak Reference
    _atexit_init                              - Undefined Weak Reference
    _call_atexit_fns                          - Undefined Weak Reference
    _clock_init                               - Undefined Weak Reference
    _fp_trap_init                             - Undefined Weak Reference
    _fp_trap_shutdown                         - Undefined Weak Reference
    _get_lc_collate                           - Undefined Weak Reference
    _get_lc_ctype                             - Undefined Weak Reference
    _get_lc_monetary                          - Undefined Weak Reference
    _get_lc_numeric                           - Undefined Weak Reference
    _get_lc_time                              - Undefined Weak Reference
    _getenv_init                              - Undefined Weak Reference
    _handle_redirection                       - Undefined Weak Reference
    _init_alloc                               - Undefined Weak Reference
    _init_user_alloc                          - Undefined Weak Reference
    _initio                                   - Undefined Weak Reference
    _rand_init                                - Undefined Weak Reference
    _signal_finish                            - Undefined Weak Reference
    _signal_init                              - Undefined Weak Reference
    _terminate_alloc                          - Undefined Weak Reference
    _terminate_user_alloc                     - Undefined Weak Reference
    _terminateio                              - Undefined Weak Reference
    __Vectors_Size                           0x000000ec   Number         0  startup_stm32f103xb.o ABSOLUTE
    __Vectors                                0x08000000   Data           4  startup_stm32f103xb.o(RESET)
    __Vectors_End                            0x080000ec   Data           0  startup_stm32f103xb.o(RESET)
    __main                                   0x080000ed   Thumb Code     8  __main.o(!!!main)
    __scatterload                            0x080000f5   Thumb Code     0  __scatter.o(!!!scatter)
    __scatterload_rt2                        0x080000f5   Thumb Code    44  __scatter.o(!!!scatter)
    __scatterload_rt2_thumb_only             0x080000f5   Thumb Code     0  __scatter.o(!!!scatter)
    __scatterload_null                       0x08000103   Thumb Code     0  __scatter.o(!!!scatter)
    __scatterload_copy                       0x08000129   Thumb Code    26  __scatter_copy.o(!!handler_copy)
    __scatterload_zeroinit                   0x08000145   Thumb Code    28  __scatter_zi.o(!!handler_zi)
    __rt_lib_init                            0x08000161   Thumb Code     0  libinit.o(.ARM.Collect$$libinit$$00000000)
    __rt_lib_init_alloca_1                   0x08000163   Thumb Code     0  libinit2.o(.ARM.Collect$$libinit$$0000002E)
    __rt_lib_init_argv_1                     0x08000163   Thumb Code     0  libinit2.o(.ARM.Collect$$libinit$$0000002C)
    __rt_lib_init_atexit_1                   0x08000163   Thumb Code     0  libinit2.o(.ARM.Collect$$libinit$$0000001B)
    __rt_lib_init_clock_1                    0x08000163   Thumb Code     0  libinit2.o(.ARM.Collect$$libinit$$00000021)
    __rt_lib_init_cpp_1                      0x08000163   Thumb Code     0  libinit2.o(.ARM.Collect$$libinit$$00000032)
    __rt_lib_init_exceptions_1               0x08000163   Thumb Code     0  libinit2.o(.ARM.Collect$$libinit$$00000030)
    __rt_lib_init_fp_1                       0x08000163   Thumb Code     0  libinit2.o(.ARM.Collect$$libinit$$00000002)
    __rt_lib_init_fp_trap_1                  0x08000163   Thumb Code     0  libinit2.o(.ARM.Collect$$libinit$$0000001F)
    __rt_lib_init_getenv_1                   0x08000163   Thumb Code     0  libinit2.o(.ARM.Collect$$libinit$$00000023)
    __rt_lib_init_heap_1                     0x08000163   Thumb Code     0  libinit2.o(.ARM.Collect$$libinit$$0000000A)
    __rt_lib_init_lc_collate_1               0x08000163   Thumb Code     0  libinit2.o(.ARM.Collect$$libinit$$00000011)
    __rt_lib_init_lc_ctype_1                 0x08000163   Thumb Code     0  libinit2.o(.ARM.Collect$$libinit$$00000013)
    __rt_lib_init_lc_monetary_1              0x08000163   Thumb Code     0  libinit2.o(.ARM.Collect$$libinit$$00000015)
    __rt_lib_init_lc_numeric_1               0x08000163   Thumb Code     0  libinit2.o(.ARM.Collect$$libinit$$00000017)
    __rt_lib_init_lc_time_1                  0x08000163   Thumb Code     0  libinit2.o(.ARM.Collect$$libinit$$00000019)
    __rt_lib_init_preinit_1                  0x08000163   Thumb Code     0  libinit2.o(.ARM.Collect$$libinit$$00000004)
    __rt_lib_init_rand_1                     0x08000163   Thumb Code     0  libinit2.o(.ARM.Collect$$libinit$$0000000E)
    __rt_lib_init_return                     0x08000163   Thumb Code     0  libinit2.o(.ARM.Collect$$libinit$$00000033)
    __rt_lib_init_signal_1                   0x08000163   Thumb Code     0  libinit2.o(.ARM.Collect$$libinit$$0000001D)
    __rt_lib_init_stdio_1                    0x08000163   Thumb Code     0  libinit2.o(.ARM.Collect$$libinit$$00000025)
    __rt_lib_init_user_alloc_1               0x08000163   Thumb Code     0  libinit2.o(.ARM.Collect$$libinit$$0000000C)
    __rt_lib_shutdown                        0x08000165   Thumb Code     0  libshutdown.o(.ARM.Collect$$libshutdown$$00000000)
    __rt_lib_shutdown_cpp_1                  0x08000167   Thumb Code     0  libshutdown2.o(.ARM.Collect$$libshutdown$$00000004)
    __rt_lib_shutdown_fini_1                 0x08000167   Thumb Code     0  libshutdown2.o(.ARM.Collect$$libshutdown$$00000002)
    __rt_lib_shutdown_fp_trap_1              0x08000167   Thumb Code     0  libshutdown2.o(.ARM.Collect$$libshutdown$$00000009)
    __rt_lib_shutdown_heap_1                 0x08000167   Thumb Code     0  libshutdown2.o(.ARM.Collect$$libshutdown$$00000011)
    __rt_lib_shutdown_return                 0x08000167   Thumb Code     0  libshutdown2.o(.ARM.Collect$$libshutdown$$00000012)
    __rt_lib_shutdown_signal_1               0x08000167   Thumb Code     0  libshutdown2.o(.ARM.Collect$$libshutdown$$0000000C)
    __rt_lib_shutdown_stdio_1                0x08000167   Thumb Code     0  libshutdown2.o(.ARM.Collect$$libshutdown$$00000006)
    __rt_lib_shutdown_user_alloc_1           0x08000167   Thumb Code     0  libshutdown2.o(.ARM.Collect$$libshutdown$$0000000E)
    __rt_entry                               0x08000169   Thumb Code     0  __rtentry.o(.ARM.Collect$$rtentry$$00000000)
    __rt_entry_presh_1                       0x08000169   Thumb Code     0  __rtentry2.o(.ARM.Collect$$rtentry$$00000002)
    __rt_entry_sh                            0x08000169   Thumb Code     0  __rtentry4.o(.ARM.Collect$$rtentry$$00000004)
    __rt_entry_li                            0x0800016f   Thumb Code     0  __rtentry2.o(.ARM.Collect$$rtentry$$0000000A)
    __rt_entry_postsh_1                      0x0800016f   Thumb Code     0  __rtentry2.o(.ARM.Collect$$rtentry$$00000009)
    __rt_entry_main                          0x08000173   Thumb Code     0  __rtentry2.o(.ARM.Collect$$rtentry$$0000000D)
    __rt_entry_postli_1                      0x08000173   Thumb Code     0  __rtentry2.o(.ARM.Collect$$rtentry$$0000000C)
    __rt_exit                                0x0800017b   Thumb Code     0  rtexit.o(.ARM.Collect$$rtexit$$00000000)
    __rt_exit_ls                             0x0800017d   Thumb Code     0  rtexit2.o(.ARM.Collect$$rtexit$$00000003)
    __rt_exit_prels_1                        0x0800017d   Thumb Code     0  rtexit2.o(.ARM.Collect$$rtexit$$00000002)
    __rt_exit_exit                           0x08000181   Thumb Code     0  rtexit2.o(.ARM.Collect$$rtexit$$00000004)
    Reset_Handler                            0x08000189   Thumb Code     8  startup_stm32f103xb.o(.text)
    ADC1_2_IRQHandler                        0x080001a3   Thumb Code     0  startup_stm32f103xb.o(.text)
    CAN1_RX1_IRQHandler                      0x080001a3   Thumb Code     0  startup_stm32f103xb.o(.text)
    CAN1_SCE_IRQHandler                      0x080001a3   Thumb Code     0  startup_stm32f103xb.o(.text)
    DMA1_Channel1_IRQHandler                 0x080001a3   Thumb Code     0  startup_stm32f103xb.o(.text)
    DMA1_Channel2_IRQHandler                 0x080001a3   Thumb Code     0  startup_stm32f103xb.o(.text)
    DMA1_Channel3_IRQHandler                 0x080001a3   Thumb Code     0  startup_stm32f103xb.o(.text)
    DMA1_Channel4_IRQHandler                 0x080001a3   Thumb Code     0  startup_stm32f103xb.o(.text)
    DMA1_Channel6_IRQHandler                 0x080001a3   Thumb Code     0  startup_stm32f103xb.o(.text)
    DMA1_Channel7_IRQHandler                 0x080001a3   Thumb Code     0  startup_stm32f103xb.o(.text)
    EXTI0_IRQHandler                         0x080001a3   Thumb Code     0  startup_stm32f103xb.o(.text)
    EXTI15_10_IRQHandler                     0x080001a3   Thumb Code     0  startup_stm32f103xb.o(.text)
    EXTI1_IRQHandler                         0x080001a3   Thumb Code     0  startup_stm32f103xb.o(.text)
    EXTI2_IRQHandler                         0x080001a3   Thumb Code     0  startup_stm32f103xb.o(.text)
    EXTI3_IRQHandler                         0x080001a3   Thumb Code     0  startup_stm32f103xb.o(.text)
    EXTI4_IRQHandler                         0x080001a3   Thumb Code     0  startup_stm32f103xb.o(.text)
    EXTI9_5_IRQHandler                       0x080001a3   Thumb Code     0  startup_stm32f103xb.o(.text)
    FLASH_IRQHandler                         0x080001a3   Thumb Code     0  startup_stm32f103xb.o(.text)
    I2C2_ER_IRQHandler                       0x080001a3   Thumb Code     0  startup_stm32f103xb.o(.text)
    I2C2_EV_IRQHandler                       0x080001a3   Thumb Code     0  startup_stm32f103xb.o(.text)
    PVD_IRQHandler                           0x080001a3   Thumb Code     0  startup_stm32f103xb.o(.text)
    RCC_IRQHandler                           0x080001a3   Thumb Code     0  startup_stm32f103xb.o(.text)
    RTC_Alarm_IRQHandler                     0x080001a3   Thumb Code     0  startup_stm32f103xb.o(.text)
    RTC_IRQHandler                           0x080001a3   Thumb Code     0  startup_stm32f103xb.o(.text)
    SPI1_IRQHandler                          0x080001a3   Thumb Code     0  startup_stm32f103xb.o(.text)
    SPI2_IRQHandler                          0x080001a3   Thumb Code     0  startup_stm32f103xb.o(.text)
    TAMPER_IRQHandler                        0x080001a3   Thumb Code     0  startup_stm32f103xb.o(.text)
    TIM2_IRQHandler                          0x080001a3   Thumb Code     0  startup_stm32f103xb.o(.text)
    TIM4_IRQHandler                          0x080001a3   Thumb Code     0  startup_stm32f103xb.o(.text)
    USART3_IRQHandler                        0x080001a3   Thumb Code     0  startup_stm32f103xb.o(.text)
    USBWakeUp_IRQHandler                     0x080001a3   Thumb Code     0  startup_stm32f103xb.o(.text)
    USB_HP_CAN1_TX_IRQHandler                0x080001a3   Thumb Code     0  startup_stm32f103xb.o(.text)
    USB_LP_CAN1_RX0_IRQHandler               0x080001a3   Thumb Code     0  startup_stm32f103xb.o(.text)
    WWDG_IRQHandler                          0x080001a3   Thumb Code     0  startup_stm32f103xb.o(.text)
    __user_initial_stackheap                 0x080001a5   Thumb Code     0  startup_stm32f103xb.o(.text)
    __aeabi_memcpy                           0x080001c9   Thumb Code     0  rt_memcpy_v6.o(.text)
    __rt_memcpy                              0x080001c9   Thumb Code   138  rt_memcpy_v6.o(.text)
    _memcpy_lastbytes                        0x0800022f   Thumb Code     0  rt_memcpy_v6.o(.text)
    __aeabi_memclr4                          0x08000253   Thumb Code     0  rt_memclr_w.o(.text)
    __aeabi_memclr8                          0x08000253   Thumb Code     0  rt_memclr_w.o(.text)
    __rt_memclr_w                            0x08000253   Thumb Code    78  rt_memclr_w.o(.text)
    _memset_w                                0x08000257   Thumb Code     0  rt_memclr_w.o(.text)
    __use_two_region_memory                  0x080002a1   Thumb Code     2  heapauxi.o(.text)
    __rt_heap_escrow$2region                 0x080002a3   Thumb Code     2  heapauxi.o(.text)
    __rt_heap_expand$2region                 0x080002a5   Thumb Code     2  heapauxi.o(.text)
    __read_errno                             0x080002a7   Thumb Code    10  _rserrno.o(.text)
    __set_errno                              0x080002b1   Thumb Code    12  _rserrno.o(.text)
    __aeabi_memcpy4                          0x080002bd   Thumb Code     0  rt_memcpy_w.o(.text)
    __aeabi_memcpy8                          0x080002bd   Thumb Code     0  rt_memcpy_w.o(.text)
    __rt_memcpy_w                            0x080002bd   Thumb Code   100  rt_memcpy_w.o(.text)
    _memcpy_lastbytes_aligned                0x08000305   Thumb Code     0  rt_memcpy_w.o(.text)
    __aeabi_errno_addr                       0x08000321   Thumb Code     8  rt_errno_addr_intlibspace.o(.text)
    __errno$intlibspace                      0x08000321   Thumb Code     0  rt_errno_addr_intlibspace.o(.text)
    __rt_errno_addr$intlibspace              0x08000321   Thumb Code     0  rt_errno_addr_intlibspace.o(.text)
    __user_libspace                          0x08000329   Thumb Code     8  libspace.o(.text)
    __user_perproc_libspace                  0x08000329   Thumb Code     0  libspace.o(.text)
    __user_perthread_libspace                0x08000329   Thumb Code     0  libspace.o(.text)
    __user_setup_stackheap                   0x08000331   Thumb Code    74  sys_stackheap_outer.o(.text)
    exit                                     0x0800037b   Thumb Code    18  exit.o(.text)
    _sys_exit                                0x0800038d   Thumb Code     8  sys_exit.o(.text)
    __I$use$semihosting                      0x08000399   Thumb Code     0  use_no_semi.o(.text)
    __use_no_semihosting_swi                 0x08000399   Thumb Code     2  use_no_semi.o(.text)
    BusFault_Handler                         0x0800039b   Thumb Code     2  stm32f1xx_it.o(i.BusFault_Handler)
    __semihosting_library_function           0x0800039b   Thumb Code     0  indicate_semi.o(.text)
    Control_init                             0x0800039d   Thumb Code    42  ops9_control.o(i.Control_init)
    Control_task                             0x080003d5   Thumb Code    18  ops9_control.o(i.Control_task)
    DMA1_Channel5_IRQHandler                 0x080003ed   Thumb Code     6  stm32f1xx_it.o(i.DMA1_Channel5_IRQHandler)
    DebugMon_Handler                         0x08000423   Thumb Code     2  stm32f1xx_it.o(i.DebugMon_Handler)
    Encoder_init                             0x08000425   Thumb Code    22  encoder.o(i.Encoder_init)
    Encoder_task                             0x08000445   Thumb Code   168  encoder.o(i.Encoder_task)
    Error_Handler                            0x08000505   Thumb Code     4  main.o(i.Error_Handler)
    HAL_DMA_Abort                            0x08000509   Thumb Code    70  stm32f1xx_hal_dma.o(i.HAL_DMA_Abort)
    HAL_DMA_Abort_IT                         0x08000551   Thumb Code   148  stm32f1xx_hal_dma.o(i.HAL_DMA_Abort_IT)
    HAL_DMA_GetState                         0x080005e9   Thumb Code     6  stm32f1xx_hal_dma.o(i.HAL_DMA_GetState)
    HAL_DMA_IRQHandler                       0x080005f1   Thumb Code   316  stm32f1xx_hal_dma.o(i.HAL_DMA_IRQHandler)
    HAL_DMA_Init                             0x08000745   Thumb Code    84  stm32f1xx_hal_dma.o(i.HAL_DMA_Init)
    HAL_DMA_Start_IT                         0x080007a1   Thumb Code   112  stm32f1xx_hal_dma.o(i.HAL_DMA_Start_IT)
    HAL_GPIO_Init                            0x08000811   Thumb Code   446  stm32f1xx_hal_gpio.o(i.HAL_GPIO_Init)
    HAL_GPIO_ReadPin                         0x080009f1   Thumb Code    10  stm32f1xx_hal_gpio.o(i.HAL_GPIO_ReadPin)
    HAL_GPIO_TogglePin                       0x080009fb   Thumb Code    16  stm32f1xx_hal_gpio.o(i.HAL_GPIO_TogglePin)
    HAL_GPIO_WritePin                        0x08000a0b   Thumb Code    10  stm32f1xx_hal_gpio.o(i.HAL_GPIO_WritePin)
    HAL_GetTick                              0x08000a15   Thumb Code     6  stm32f1xx_hal.o(i.HAL_GetTick)
    HAL_I2C_AbortCpltCallback                0x08000a21   Thumb Code     2  stm32f1xx_hal_i2c.o(i.HAL_I2C_AbortCpltCallback)
    HAL_I2C_AddrCallback                     0x08000a23   Thumb Code     2  stm32f1xx_hal_i2c.o(i.HAL_I2C_AddrCallback)
    HAL_I2C_ER_IRQHandler                    0x08000a25   Thumb Code   196  stm32f1xx_hal_i2c.o(i.HAL_I2C_ER_IRQHandler)
    HAL_I2C_EV_IRQHandler                    0x08000ae9   Thumb Code   560  stm32f1xx_hal_i2c.o(i.HAL_I2C_EV_IRQHandler)
    HAL_I2C_ErrorCallback                    0x08000d19   Thumb Code     2  stm32f1xx_hal_i2c.o(i.HAL_I2C_ErrorCallback)
    HAL_I2C_Init                             0x08000d1d   Thumb Code   376  stm32f1xx_hal_i2c.o(i.HAL_I2C_Init)
    HAL_I2C_ListenCpltCallback               0x08000ea5   Thumb Code     2  stm32f1xx_hal_i2c.o(i.HAL_I2C_ListenCpltCallback)
    HAL_I2C_MasterRxCpltCallback             0x08000ea7   Thumb Code     2  stm32f1xx_hal_i2c.o(i.HAL_I2C_MasterRxCpltCallback)
    HAL_I2C_MasterTxCpltCallback             0x08000ea9   Thumb Code     2  stm32f1xx_hal_i2c.o(i.HAL_I2C_MasterTxCpltCallback)
    HAL_I2C_MemRxCpltCallback                0x08000eab   Thumb Code     2  stm32f1xx_hal_i2c.o(i.HAL_I2C_MemRxCpltCallback)
    HAL_I2C_MemTxCpltCallback                0x08000ead   Thumb Code     2  stm32f1xx_hal_i2c.o(i.HAL_I2C_MemTxCpltCallback)
    HAL_I2C_MspInit                          0x08000eb1   Thumb Code   128  i2c.o(i.HAL_I2C_MspInit)
    HAL_I2C_SlaveRxCpltCallback              0x08000f41   Thumb Code     2  stm32f1xx_hal_i2c.o(i.HAL_I2C_SlaveRxCpltCallback)
    HAL_I2C_SlaveTxCpltCallback              0x08000f43   Thumb Code     2  stm32f1xx_hal_i2c.o(i.HAL_I2C_SlaveTxCpltCallback)
    HAL_IncTick                              0x08000f45   Thumb Code    12  stm32f1xx_hal.o(i.HAL_IncTick)
    HAL_Init                                 0x08000f55   Thumb Code    32  stm32f1xx_hal.o(i.HAL_Init)
    HAL_InitTick                             0x08000f79   Thumb Code    54  stm32f1xx_hal.o(i.HAL_InitTick)
    HAL_MspInit                              0x08000fb9   Thumb Code    52  stm32f1xx_hal_msp.o(i.HAL_MspInit)
    HAL_NVIC_EnableIRQ                       0x08000ff5   Thumb Code    26  stm32f1xx_hal_cortex.o(i.HAL_NVIC_EnableIRQ)
    HAL_NVIC_SetPriority                     0x08001011   Thumb Code    60  stm32f1xx_hal_cortex.o(i.HAL_NVIC_SetPriority)
    HAL_NVIC_SetPriorityGrouping             0x08001051   Thumb Code    26  stm32f1xx_hal_cortex.o(i.HAL_NVIC_SetPriorityGrouping)
    HAL_RCC_ClockConfig                      0x08001075   Thumb Code   280  stm32f1xx_hal_rcc.o(i.HAL_RCC_ClockConfig)
    HAL_RCC_GetPCLK1Freq                     0x080011a1   Thumb Code    20  stm32f1xx_hal_rcc.o(i.HAL_RCC_GetPCLK1Freq)
    HAL_RCC_GetPCLK2Freq                     0x080011c1   Thumb Code    20  stm32f1xx_hal_rcc.o(i.HAL_RCC_GetPCLK2Freq)
    HAL_RCC_GetSysClockFreq                  0x080011e1   Thumb Code    58  stm32f1xx_hal_rcc.o(i.HAL_RCC_GetSysClockFreq)
    HAL_RCC_OscConfig                        0x0800122d   Thumb Code   778  stm32f1xx_hal_rcc.o(i.HAL_RCC_OscConfig)
    HAL_SYSTICK_CLKSourceConfig              0x0800154d   Thumb Code    24  stm32f1xx_hal_cortex.o(i.HAL_SYSTICK_CLKSourceConfig)
    HAL_SYSTICK_Config                       0x08001565   Thumb Code    40  stm32f1xx_hal_cortex.o(i.HAL_SYSTICK_Config)
    HAL_TIMEx_BreakCallback                  0x0800158d   Thumb Code     2  stm32f1xx_hal_tim_ex.o(i.HAL_TIMEx_BreakCallback)
    HAL_TIMEx_CommutCallback                 0x0800158f   Thumb Code     2  stm32f1xx_hal_tim_ex.o(i.HAL_TIMEx_CommutCallback)
    HAL_TIMEx_MasterConfigSynchronization    0x08001591   Thumb Code    92  stm32f1xx_hal_tim_ex.o(i.HAL_TIMEx_MasterConfigSynchronization)
    HAL_TIM_Base_Init                        0x080015f9   Thumb Code    90  stm32f1xx_hal_tim.o(i.HAL_TIM_Base_Init)
    HAL_TIM_Base_MspInit                     0x08001655   Thumb Code   222  tim.o(i.HAL_TIM_Base_MspInit)
    HAL_TIM_ConfigClockSource                0x08001745   Thumb Code   220  stm32f1xx_hal_tim.o(i.HAL_TIM_ConfigClockSource)
    HAL_TIM_Encoder_Start                    0x08001821   Thumb Code   142  stm32f1xx_hal_tim.o(i.HAL_TIM_Encoder_Start)
    HAL_TIM_IC_CaptureCallback               0x080018af   Thumb Code     2  stm32f1xx_hal_tim.o(i.HAL_TIM_IC_CaptureCallback)
    HAL_TIM_IRQHandler                       0x080018b1   Thumb Code   304  stm32f1xx_hal_tim.o(i.HAL_TIM_IRQHandler)
    HAL_TIM_OC_DelayElapsedCallback          0x080019e1   Thumb Code     2  stm32f1xx_hal_tim.o(i.HAL_TIM_OC_DelayElapsedCallback)
    HAL_TIM_PWM_PulseFinishedCallback        0x080019e3   Thumb Code     2  stm32f1xx_hal_tim.o(i.HAL_TIM_PWM_PulseFinishedCallback)
    HAL_TIM_PeriodElapsedCallback            0x080019e5   Thumb Code     2  stm32f1xx_hal_tim.o(i.HAL_TIM_PeriodElapsedCallback)
    HAL_TIM_SlaveConfigSynchro               0x080019e7   Thumb Code    86  stm32f1xx_hal_tim.o(i.HAL_TIM_SlaveConfigSynchro)
    HAL_TIM_TriggerCallback                  0x08001a3d   Thumb Code     2  stm32f1xx_hal_tim.o(i.HAL_TIM_TriggerCallback)
    HAL_UARTEx_ReceiveToIdle_DMA             0x08001a3f   Thumb Code    74  stm32f1xx_hal_uart.o(i.HAL_UARTEx_ReceiveToIdle_DMA)
    HAL_UARTEx_RxEventCallback               0x08001a89   Thumb Code    80  imu.o(i.HAL_UARTEx_RxEventCallback)
    HAL_UART_ErrorCallback                   0x08001aed   Thumb Code     2  stm32f1xx_hal_uart.o(i.HAL_UART_ErrorCallback)
    HAL_UART_IRQHandler                      0x08001af1   Thumb Code   616  stm32f1xx_hal_uart.o(i.HAL_UART_IRQHandler)
    HAL_UART_Init                            0x08001d5d   Thumb Code   100  stm32f1xx_hal_uart.o(i.HAL_UART_Init)
    HAL_UART_MspInit                         0x08001dc1   Thumb Code   254  usart.o(i.HAL_UART_MspInit)
    HAL_UART_Receive_IT                      0x08001ee1   Thumb Code    28  stm32f1xx_hal_uart.o(i.HAL_UART_Receive_IT)
    HAL_UART_RxCpltCallback                  0x08001efd   Thumb Code    14  main.o(i.HAL_UART_RxCpltCallback)
    HAL_UART_RxHalfCpltCallback              0x08001f11   Thumb Code     2  stm32f1xx_hal_uart.o(i.HAL_UART_RxHalfCpltCallback)
    HAL_UART_Transmit                        0x08001f13   Thumb Code   160  stm32f1xx_hal_uart.o(i.HAL_UART_Transmit)
    HAL_UART_Transmit_IT                     0x08001fb3   Thumb Code    50  stm32f1xx_hal_uart.o(i.HAL_UART_Transmit_IT)
    HAL_UART_TxCpltCallback                  0x08001fe5   Thumb Code     2  stm32f1xx_hal_uart.o(i.HAL_UART_TxCpltCallback)
    HardFault_Handler                        0x08001fe7   Thumb Code     2  stm32f1xx_it.o(i.HardFault_Handler)
    I2C1_ER_IRQHandler                       0x08001fe9   Thumb Code     6  stm32f1xx_it.o(i.I2C1_ER_IRQHandler)
    I2C1_EV_IRQHandler                       0x08001ff5   Thumb Code     6  stm32f1xx_it.o(i.I2C1_EV_IRQHandler)
    IMU_check_task                           0x080029f1   Thumb Code    14  imu.o(i.IMU_check_task)
    IMU_dma_init                             0x08002a05   Thumb Code    10  imu.o(i.IMU_dma_init)
    IMU_init                                 0x08002a19   Thumb Code    14  imu.o(i.IMU_init)
    IMU_zero_angle                           0x08002a29   Thumb Code    50  imu.o(i.IMU_zero_angle)
    MX_DMA_Init                              0x08002a6d   Thumb Code    40  dma.o(i.MX_DMA_Init)
    MX_GPIO_Init                             0x08002a99   Thumb Code   178  gpio.o(i.MX_GPIO_Init)
    MX_I2C1_Init                             0x08002b5d   Thumb Code    50  i2c.o(i.MX_I2C1_Init)
    MX_TIM1_Init                             0x08002b9d   Thumb Code   100  tim.o(i.MX_TIM1_Init)
    MX_TIM2_Init                             0x08002c09   Thumb Code   100  tim.o(i.MX_TIM2_Init)
    MX_TIM3_Init                             0x08002c71   Thumb Code    92  tim.o(i.MX_TIM3_Init)
    MX_USART1_UART_Init                      0x08002cd5   Thumb Code    48  usart.o(i.MX_USART1_UART_Init)
    MX_USART2_UART_Init                      0x08002d0d   Thumb Code    48  usart.o(i.MX_USART2_UART_Init)
    MemManage_Handler                        0x08002d45   Thumb Code     2  stm32f1xx_it.o(i.MemManage_Handler)
    NMI_Handler                              0x08002d47   Thumb Code     2  stm32f1xx_it.o(i.NMI_Handler)
    PendSV_Handler                           0x08002d49   Thumb Code     2  stm32f1xx_it.o(i.PendSV_Handler)
    Robot_com_call_back                      0x08002d4d   Thumb Code    84  robot_com.o(i.Robot_com_call_back)
    Robot_com_feed_back                      0x08002dad   Thumb Code    50  robot_com.o(i.Robot_com_feed_back)
    Robot_com_init                           0x08002de5   Thumb Code    32  robot_com.o(i.Robot_com_init)
    Robot_com_send_data                      0x08002e11   Thumb Code    20  robot_com.o(i.Robot_com_send_data)
    SVC_Handler                              0x08002e2d   Thumb Code     2  stm32f1xx_it.o(i.SVC_Handler)
    SysTick_Handler                          0x08002e2f   Thumb Code     4  stm32f1xx_it.o(i.SysTick_Handler)
    SystemClock_Config                       0x08002e33   Thumb Code    94  main.o(i.SystemClock_Config)
    SystemInit                               0x08002e91   Thumb Code     2  system_stm32f1xx.o(i.SystemInit)
    TIM1_BRK_IRQHandler                      0x08002e95   Thumb Code     6  stm32f1xx_it.o(i.TIM1_BRK_IRQHandler)
    TIM1_CC_IRQHandler                       0x08002ea1   Thumb Code     6  stm32f1xx_it.o(i.TIM1_CC_IRQHandler)
    TIM1_TRG_COM_IRQHandler                  0x08002ead   Thumb Code     6  stm32f1xx_it.o(i.TIM1_TRG_COM_IRQHandler)
    TIM1_UP_IRQHandler                       0x08002eb9   Thumb Code     6  stm32f1xx_it.o(i.TIM1_UP_IRQHandler)
    TIM3_IRQHandler                          0x08002ec5   Thumb Code     6  stm32f1xx_it.o(i.TIM3_IRQHandler)
    TIM_Base_SetConfig                       0x08002ed1   Thumb Code   108  stm32f1xx_hal_tim.o(i.TIM_Base_SetConfig)
    TIM_CCxChannelCmd                        0x08002f49   Thumb Code    26  stm32f1xx_hal_tim.o(i.TIM_CCxChannelCmd)
    TIM_ETR_SetConfig                        0x08002f63   Thumb Code    20  stm32f1xx_hal_tim.o(i.TIM_ETR_SetConfig)
    UART_Start_Receive_DMA                   0x0800333d   Thumb Code   130  stm32f1xx_hal_uart.o(i.UART_Start_Receive_DMA)
    UART_Start_Receive_IT                    0x080033cd   Thumb Code    54  stm32f1xx_hal_uart.o(i.UART_Start_Receive_IT)
    USART1_IRQHandler                        0x08003475   Thumb Code    22  imu.o(i.USART1_IRQHandler)
    USART2_IRQHandler                        0x08003495   Thumb Code     6  stm32f1xx_it.o(i.USART2_IRQHandler)
    UsageFault_Handler                       0x080034a1   Thumb Code     2  stm32f1xx_it.o(i.UsageFault_Handler)
    __ARM_fpclassify                         0x080034a3   Thumb Code    40  fpclassify.o(i.__ARM_fpclassify)
    __ieee754_rem_pio2                       0x080034ed   Thumb Code   828  rred.o(i.__ieee754_rem_pio2)
    __kernel_cos                             0x08003875   Thumb Code   230  cos_i.o(i.__kernel_cos)
    __kernel_poly                            0x08003971   Thumb Code   170  poly.o(i.__kernel_poly)
    __kernel_sin                             0x08003a1d   Thumb Code   224  sin_i.o(i.__kernel_sin)
    __mathlib_dbl_infnan                     0x08003b09   Thumb Code     6  dunder.o(i.__mathlib_dbl_infnan)
    __mathlib_dbl_invalid                    0x08003b0f   Thumb Code    12  dunder.o(i.__mathlib_dbl_invalid)
    __mathlib_dbl_underflow                  0x08003b1d   Thumb Code    10  dunder.o(i.__mathlib_dbl_underflow)
    append_CRC8_check_sum                    0x08003b2d   Thumb Code    28  crc8_crc16.o(i.append_CRC8_check_sum)
    cos                                      0x08003c29   Thumb Code   148  cos.o(i.cos)
    delay_init                               0x08003cc5   Thumb Code    44  delay.o(i.delay_init)
    delay_ms                                 0x08003cfd   Thumb Code    46  delay.o(i.delay_ms)
    get_CRC8_check_sum                       0x08003d9d   Thumb Code    24  crc8_crc16.o(i.get_CRC8_check_sum)
    get_control_para_point                   0x08003db9   Thumb Code     4  ops9_control.o(i.get_control_para_point)
    get_encoder_para_point                   0x08003dc1   Thumb Code     8  encoder.o(i.get_encoder_para_point)
    get_imu_para_point                       0x08003dcd   Thumb Code     4  imu.o(i.get_imu_para_point)
    get_ops_cmd_data                         0x08003dd5   Thumb Code     6  robot_com.o(i.get_ops_cmd_data)
    main                                     0x08003de1   Thumb Code   166  main.o(i.main)
    sin                                      0x08003e99   Thumb Code   150  sin.o(i.sin)
    yaw_add_count                            0x08003f39   Thumb Code    60  ops9_control.o(i.yaw_add_count)
    __aeabi_d2f                              0x08003f85   Thumb Code     0  d2f.o(x$fpl$d2f)
    _d2f                                     0x08003f85   Thumb Code    98  d2f.o(x$fpl$d2f)
    __aeabi_dadd                             0x08003fe9   Thumb Code     0  daddsub_clz.o(x$fpl$dadd)
    _dadd                                    0x08003fe9   Thumb Code   332  daddsub_clz.o(x$fpl$dadd)
    __fpl_dcheck_NaN1                        0x08004139   Thumb Code    10  dcheck1.o(x$fpl$dcheck1)
    __aeabi_ddiv                             0x08004149   Thumb Code     0  ddiv.o(x$fpl$ddiv)
    _ddiv                                    0x08004149   Thumb Code   552  ddiv.o(x$fpl$ddiv)
    __aeabi_d2iz                             0x080043f9   Thumb Code     0  dfix.o(x$fpl$dfix)
    _dfix                                    0x080043f9   Thumb Code    94  dfix.o(x$fpl$dfix)
    __aeabi_i2d                              0x08004457   Thumb Code     0  dflt_clz.o(x$fpl$dflt)
    _dflt                                    0x08004457   Thumb Code    46  dflt_clz.o(x$fpl$dflt)
    __aeabi_ui2d                             0x08004485   Thumb Code     0  dflt_clz.o(x$fpl$dfltu)
    _dfltu                                   0x08004485   Thumb Code    38  dflt_clz.o(x$fpl$dfltu)
    __aeabi_dmul                             0x080044ad   Thumb Code     0  dmul.o(x$fpl$dmul)
    _dmul                                    0x080044ad   Thumb Code   332  dmul.o(x$fpl$dmul)
    __fpl_dnaninf                            0x08004601   Thumb Code   156  dnaninf.o(x$fpl$dnaninf)
    __fpl_dretinf                            0x0800469d   Thumb Code    12  dretinf.o(x$fpl$dretinf)
    __aeabi_drsub                            0x080046a9   Thumb Code     0  daddsub_clz.o(x$fpl$drsb)
    _drsb                                    0x080046a9   Thumb Code    22  daddsub_clz.o(x$fpl$drsb)
    __aeabi_dsub                             0x080046c1   Thumb Code     0  daddsub_clz.o(x$fpl$dsub)
    _dsub                                    0x080046c1   Thumb Code   464  daddsub_clz.o(x$fpl$dsub)
    __aeabi_f2d                              0x08004895   Thumb Code     0  f2d.o(x$fpl$f2d)
    _f2d                                     0x08004895   Thumb Code    86  f2d.o(x$fpl$f2d)
    __aeabi_fadd                             0x080048ed   Thumb Code     0  faddsub_clz.o(x$fpl$fadd)
    _fadd                                    0x080048ed   Thumb Code   196  faddsub_clz.o(x$fpl$fadd)
    __fpl_fcheck_NaN1                        0x080049b1   Thumb Code     6  fcheck1.o(x$fpl$fcheck1)
    __aeabi_fdiv                             0x080049bd   Thumb Code     0  fdiv.o(x$fpl$fdiv)
    _fdiv                                    0x080049bd   Thumb Code   384  fdiv.o(x$fpl$fdiv)
    __aeabi_i2f                              0x08004b41   Thumb Code     0  fflt_clz.o(x$fpl$fflt)
    _fflt                                    0x08004b41   Thumb Code    48  fflt_clz.o(x$fpl$fflt)
    __aeabi_fmul                             0x08004b71   Thumb Code     0  fmul.o(x$fpl$fmul)
    _fmul                                    0x08004b71   Thumb Code   258  fmul.o(x$fpl$fmul)
    __fpl_fnaninf                            0x08004c73   Thumb Code   140  fnaninf.o(x$fpl$fnaninf)
    __fpl_fretinf                            0x08004cff   Thumb Code    10  fretinf.o(x$fpl$fretinf)
    __aeabi_fsub                             0x08004d09   Thumb Code     0  faddsub_clz.o(x$fpl$fsub)
    _fsub                                    0x08004d09   Thumb Code   234  faddsub_clz.o(x$fpl$fsub)
    __fpl_return_NaN                         0x08004df3   Thumb Code   100  retnan.o(x$fpl$retnan)
    __ARM_scalbn                             0x08004e57   Thumb Code    92  scalbn.o(x$fpl$scalbn)
    __ARM_scalbnf                            0x08004eb3   Thumb Code    76  scalbnf.o(x$fpl$scalbnf)
    __fpl_cmpreturn                          0x08004eff   Thumb Code    48  trapv.o(x$fpl$trapveneer)
    __I$use$fp                               0x08004f2e   Number         0  usenofp.o(x$fpl$usenofp)
    AHBPrescTable                            0x08004f40   Data          16  system_stm32f1xx.o(.constdata)
    APBPrescTable                            0x08004f50   Data           8  system_stm32f1xx.o(.constdata)
    CRC8_table                               0x08004f58   Data         256  crc8_crc16.o(.constdata)
    wCRC_table                               0x08005058   Data         512  crc8_crc16.o(.constdata)
    Region$$Table$$Base                      0x08005378   Number         0  anon$$obj.o(Region$$Table)
    Region$$Table$$Limit                     0x08005398   Number         0  anon$$obj.o(Region$$Table)
    ops9_dirt                                0x20000000   Data           1  main.o(.data)
    uwTickFreq                               0x20000008   Data           1  stm32f1xx_hal.o(.data)
    uwTickPrio                               0x2000000c   Data           4  stm32f1xx_hal.o(.data)
    uwTick                                   0x20000010   Data           4  stm32f1xx_hal.o(.data)
    SystemCoreClock                          0x20000014   Data           4  system_stm32f1xx.o(.data)
    IMU_para                                 0x20000018   Data           8  imu.o(.data)
    ops9_direction                           0x20000020   Data           1  ops9_control.o(.data)
    Control_task_time_out                    0x2000002c   Data           4  ops9_control.o(.data)
    robot_com_receive_state                  0x20000030   Data           1  robot_com.o(.data)
    robot_com_receive_buffer                 0x20000031   Data           1  robot_com.o(.data)
    robot_com_receive_count                  0x20000032   Data           2  robot_com.o(.data)
    robot_rx_data                            0x20000034   Data           2  robot_com.o(.data)
    hi2c1                                    0x2000003c   Data          84  i2c.o(.bss)
    htim1                                    0x20000090   Data          72  tim.o(.bss)
    htim2                                    0x200000d8   Data          72  tim.o(.bss)
    htim3                                    0x20000120   Data          72  tim.o(.bss)
    huart1                                   0x20000168   Data          72  usart.o(.bss)
    huart2                                   0x200001b0   Data          72  usart.o(.bss)
    hdma_usart1_rx                           0x200001f8   Data          68  usart.o(.bss)
    encoder_para                             0x2000023c   Data          32  encoder.o(.bss)
    IMU_RX_Data                              0x2000025c   Data          11  imu.o(.bss)
    imu_receive_data                         0x20000267   Data          11  imu.o(.bss)
    control_para                             0x20000274   Data          68  ops9_control.o(.bss)
    robot_com_para                           0x200002b8   Data          24  robot_com.o(.bss)
    robot_tx_data                            0x200002d0   Data          14  robot_com.o(.bss)
    __libspace_start                         0x200002e0   Data          96  libspace.o(.bss)
    __temporary_stack_top$libspace           0x20000340   Data           0  libspace.o(.bss)



==============================================================================

Memory Map of the image

  Image Entry point : 0x080000ed

  Load Region LR_IROM1 (Base: 0x08000000, Size: 0x000053d4, Max: 0x00010000, ABSOLUTE)

    Execution Region ER_IROM1 (Exec base: 0x08000000, Load base: 0x08000000, Size: 0x00005398, Max: 0x00010000, ABSOLUTE)

    Exec Addr    Load Addr    Size         Type   Attr      Idx    E Section Name        Object

    0x08000000   0x08000000   0x000000ec   Data   RO            3    RESET               startup_stm32f103xb.o
    0x080000ec   0x080000ec   0x00000008   Code   RO         3701  * !!!main             c_w.l(__main.o)
    0x080000f4   0x080000f4   0x00000034   Code   RO         3982    !!!scatter          c_w.l(__scatter.o)
    0x08000128   0x08000128   0x0000001a   Code   RO         3984    !!handler_copy      c_w.l(__scatter_copy.o)
    0x08000142   0x08000142   0x00000002   PAD
    0x08000144   0x08000144   0x0000001c   Code   RO         3986    !!handler_zi        c_w.l(__scatter_zi.o)
    0x08000160   0x08000160   0x00000002   Code   RO         3849    .ARM.Collect$$libinit$$00000000  c_w.l(libinit.o)
    0x08000162   0x08000162   0x00000000   Code   RO         3857    .ARM.Collect$$libinit$$00000002  c_w.l(libinit2.o)
    0x08000162   0x08000162   0x00000000   Code   RO         3859    .ARM.Collect$$libinit$$00000004  c_w.l(libinit2.o)
    0x08000162   0x08000162   0x00000000   Code   RO         3862    .ARM.Collect$$libinit$$0000000A  c_w.l(libinit2.o)
    0x08000162   0x08000162   0x00000000   Code   RO         3864    .ARM.Collect$$libinit$$0000000C  c_w.l(libinit2.o)
    0x08000162   0x08000162   0x00000000   Code   RO         3866    .ARM.Collect$$libinit$$0000000E  c_w.l(libinit2.o)
    0x08000162   0x08000162   0x00000000   Code   RO         3869    .ARM.Collect$$libinit$$00000011  c_w.l(libinit2.o)
    0x08000162   0x08000162   0x00000000   Code   RO         3871    .ARM.Collect$$libinit$$00000013  c_w.l(libinit2.o)
    0x08000162   0x08000162   0x00000000   Code   RO         3873    .ARM.Collect$$libinit$$00000015  c_w.l(libinit2.o)
    0x08000162   0x08000162   0x00000000   Code   RO         3875    .ARM.Collect$$libinit$$00000017  c_w.l(libinit2.o)
    0x08000162   0x08000162   0x00000000   Code   RO         3877    .ARM.Collect$$libinit$$00000019  c_w.l(libinit2.o)
    0x08000162   0x08000162   0x00000000   Code   RO         3879    .ARM.Collect$$libinit$$0000001B  c_w.l(libinit2.o)
    0x08000162   0x08000162   0x00000000   Code   RO         3881    .ARM.Collect$$libinit$$0000001D  c_w.l(libinit2.o)
    0x08000162   0x08000162   0x00000000   Code   RO         3883    .ARM.Collect$$libinit$$0000001F  c_w.l(libinit2.o)
    0x08000162   0x08000162   0x00000000   Code   RO         3885    .ARM.Collect$$libinit$$00000021  c_w.l(libinit2.o)
    0x08000162   0x08000162   0x00000000   Code   RO         3887    .ARM.Collect$$libinit$$00000023  c_w.l(libinit2.o)
    0x08000162   0x08000162   0x00000000   Code   RO         3889    .ARM.Collect$$libinit$$00000025  c_w.l(libinit2.o)
    0x08000162   0x08000162   0x00000000   Code   RO         3893    .ARM.Collect$$libinit$$0000002C  c_w.l(libinit2.o)
    0x08000162   0x08000162   0x00000000   Code   RO         3895    .ARM.Collect$$libinit$$0000002E  c_w.l(libinit2.o)
    0x08000162   0x08000162   0x00000000   Code   RO         3897    .ARM.Collect$$libinit$$00000030  c_w.l(libinit2.o)
    0x08000162   0x08000162   0x00000000   Code   RO         3899    .ARM.Collect$$libinit$$00000032  c_w.l(libinit2.o)
    0x08000162   0x08000162   0x00000002   Code   RO         3900    .ARM.Collect$$libinit$$00000033  c_w.l(libinit2.o)
    0x08000164   0x08000164   0x00000002   Code   RO         3920    .ARM.Collect$$libshutdown$$00000000  c_w.l(libshutdown.o)
    0x08000166   0x08000166   0x00000000   Code   RO         3933    .ARM.Collect$$libshutdown$$00000002  c_w.l(libshutdown2.o)
    0x08000166   0x08000166   0x00000000   Code   RO         3935    .ARM.Collect$$libshutdown$$00000004  c_w.l(libshutdown2.o)
    0x08000166   0x08000166   0x00000000   Code   RO         3937    .ARM.Collect$$libshutdown$$00000006  c_w.l(libshutdown2.o)
    0x08000166   0x08000166   0x00000000   Code   RO         3940    .ARM.Collect$$libshutdown$$00000009  c_w.l(libshutdown2.o)
    0x08000166   0x08000166   0x00000000   Code   RO         3943    .ARM.Collect$$libshutdown$$0000000C  c_w.l(libshutdown2.o)
    0x08000166   0x08000166   0x00000000   Code   RO         3945    .ARM.Collect$$libshutdown$$0000000E  c_w.l(libshutdown2.o)
    0x08000166   0x08000166   0x00000000   Code   RO         3948    .ARM.Collect$$libshutdown$$00000011  c_w.l(libshutdown2.o)
    0x08000166   0x08000166   0x00000002   Code   RO         3949    .ARM.Collect$$libshutdown$$00000012  c_w.l(libshutdown2.o)
    0x08000168   0x08000168   0x00000000   Code   RO         3743    .ARM.Collect$$rtentry$$00000000  c_w.l(__rtentry.o)
    0x08000168   0x08000168   0x00000000   Code   RO         3788    .ARM.Collect$$rtentry$$00000002  c_w.l(__rtentry2.o)
    0x08000168   0x08000168   0x00000006   Code   RO         3800    .ARM.Collect$$rtentry$$00000004  c_w.l(__rtentry4.o)
    0x0800016e   0x0800016e   0x00000000   Code   RO         3790    .ARM.Collect$$rtentry$$00000009  c_w.l(__rtentry2.o)
    0x0800016e   0x0800016e   0x00000004   Code   RO         3791    .ARM.Collect$$rtentry$$0000000A  c_w.l(__rtentry2.o)
    0x08000172   0x08000172   0x00000000   Code   RO         3793    .ARM.Collect$$rtentry$$0000000C  c_w.l(__rtentry2.o)
    0x08000172   0x08000172   0x00000008   Code   RO         3794    .ARM.Collect$$rtentry$$0000000D  c_w.l(__rtentry2.o)
    0x0800017a   0x0800017a   0x00000002   Code   RO         3854    .ARM.Collect$$rtexit$$00000000  c_w.l(rtexit.o)
    0x0800017c   0x0800017c   0x00000000   Code   RO         3902    .ARM.Collect$$rtexit$$00000002  c_w.l(rtexit2.o)
    0x0800017c   0x0800017c   0x00000004   Code   RO         3903    .ARM.Collect$$rtexit$$00000003  c_w.l(rtexit2.o)
    0x08000180   0x08000180   0x00000006   Code   RO         3904    .ARM.Collect$$rtexit$$00000004  c_w.l(rtexit2.o)
    0x08000186   0x08000186   0x00000002   PAD
    0x08000188   0x08000188   0x00000040   Code   RO            4    .text               startup_stm32f103xb.o
    0x080001c8   0x080001c8   0x0000008a   Code   RO         3695    .text               c_w.l(rt_memcpy_v6.o)
    0x08000252   0x08000252   0x0000004e   Code   RO         3697    .text               c_w.l(rt_memclr_w.o)
    0x080002a0   0x080002a0   0x00000006   Code   RO         3699    .text               c_w.l(heapauxi.o)
    0x080002a6   0x080002a6   0x00000016   Code   RO         3744    .text               c_w.l(_rserrno.o)
    0x080002bc   0x080002bc   0x00000064   Code   RO         3746    .text               c_w.l(rt_memcpy_w.o)
    0x08000320   0x08000320   0x00000008   Code   RO         3805    .text               c_w.l(rt_errno_addr_intlibspace.o)
    0x08000328   0x08000328   0x00000008   Code   RO         3837    .text               c_w.l(libspace.o)
    0x08000330   0x08000330   0x0000004a   Code   RO         3840    .text               c_w.l(sys_stackheap_outer.o)
    0x0800037a   0x0800037a   0x00000012   Code   RO         3842    .text               c_w.l(exit.o)
    0x0800038c   0x0800038c   0x0000000c   Code   RO         3912    .text               c_w.l(sys_exit.o)
    0x08000398   0x08000398   0x00000002   Code   RO         3923    .text               c_w.l(use_no_semi.o)
    0x0800039a   0x0800039a   0x00000000   Code   RO         3925    .text               c_w.l(indicate_semi.o)
    0x0800039a   0x0800039a   0x00000002   Code   RO          383    i.BusFault_Handler  stm32f1xx_it.o
    0x0800039c   0x0800039c   0x00000038   Code   RO         3474    i.Control_init      ops9_control.o
    0x080003d4   0x080003d4   0x00000018   Code   RO         3475    i.Control_task      ops9_control.o
    0x080003ec   0x080003ec   0x0000000c   Code   RO          384    i.DMA1_Channel5_IRQHandler  stm32f1xx_it.o
    0x080003f8   0x080003f8   0x0000002a   Code   RO         1390    i.DMA_SetConfig     stm32f1xx_hal_dma.o
    0x08000422   0x08000422   0x00000002   Code   RO          385    i.DebugMon_Handler  stm32f1xx_it.o
    0x08000424   0x08000424   0x00000020   Code   RO         3361    i.Encoder_init      encoder.o
    0x08000444   0x08000444   0x000000c0   Code   RO         3362    i.Encoder_task      encoder.o
    0x08000504   0x08000504   0x00000004   Code   RO           13    i.Error_Handler     main.o
    0x08000508   0x08000508   0x00000046   Code   RO         1391    i.HAL_DMA_Abort     stm32f1xx_hal_dma.o
    0x0800054e   0x0800054e   0x00000002   PAD
    0x08000550   0x08000550   0x00000098   Code   RO         1392    i.HAL_DMA_Abort_IT  stm32f1xx_hal_dma.o
    0x080005e8   0x080005e8   0x00000006   Code   RO         1395    i.HAL_DMA_GetState  stm32f1xx_hal_dma.o
    0x080005ee   0x080005ee   0x00000002   PAD
    0x080005f0   0x080005f0   0x00000154   Code   RO         1396    i.HAL_DMA_IRQHandler  stm32f1xx_hal_dma.o
    0x08000744   0x08000744   0x0000005c   Code   RO         1397    i.HAL_DMA_Init      stm32f1xx_hal_dma.o
    0x080007a0   0x080007a0   0x00000070   Code   RO         1401    i.HAL_DMA_Start_IT  stm32f1xx_hal_dma.o
    0x08000810   0x08000810   0x000001e0   Code   RO         1327    i.HAL_GPIO_Init     stm32f1xx_hal_gpio.o
    0x080009f0   0x080009f0   0x0000000a   Code   RO         1329    i.HAL_GPIO_ReadPin  stm32f1xx_hal_gpio.o
    0x080009fa   0x080009fa   0x00000010   Code   RO         1330    i.HAL_GPIO_TogglePin  stm32f1xx_hal_gpio.o
    0x08000a0a   0x08000a0a   0x0000000a   Code   RO         1331    i.HAL_GPIO_WritePin  stm32f1xx_hal_gpio.o
    0x08000a14   0x08000a14   0x0000000c   Code   RO         1021    i.HAL_GetTick       stm32f1xx_hal.o
    0x08000a20   0x08000a20   0x00000002   Code   RO          573    i.HAL_I2C_AbortCpltCallback  stm32f1xx_hal_i2c.o
    0x08000a22   0x08000a22   0x00000002   Code   RO          574    i.HAL_I2C_AddrCallback  stm32f1xx_hal_i2c.o
    0x08000a24   0x08000a24   0x000000c4   Code   RO          577    i.HAL_I2C_ER_IRQHandler  stm32f1xx_hal_i2c.o
    0x08000ae8   0x08000ae8   0x00000230   Code   RO          578    i.HAL_I2C_EV_IRQHandler  stm32f1xx_hal_i2c.o
    0x08000d18   0x08000d18   0x00000002   Code   RO          580    i.HAL_I2C_ErrorCallback  stm32f1xx_hal_i2c.o
    0x08000d1a   0x08000d1a   0x00000002   PAD
    0x08000d1c   0x08000d1c   0x00000188   Code   RO          584    i.HAL_I2C_Init      stm32f1xx_hal_i2c.o
    0x08000ea4   0x08000ea4   0x00000002   Code   RO          586    i.HAL_I2C_ListenCpltCallback  stm32f1xx_hal_i2c.o
    0x08000ea6   0x08000ea6   0x00000002   Code   RO          587    i.HAL_I2C_MasterRxCpltCallback  stm32f1xx_hal_i2c.o
    0x08000ea8   0x08000ea8   0x00000002   Code   RO          588    i.HAL_I2C_MasterTxCpltCallback  stm32f1xx_hal_i2c.o
    0x08000eaa   0x08000eaa   0x00000002   Code   RO          600    i.HAL_I2C_MemRxCpltCallback  stm32f1xx_hal_i2c.o
    0x08000eac   0x08000eac   0x00000002   Code   RO          601    i.HAL_I2C_MemTxCpltCallback  stm32f1xx_hal_i2c.o
    0x08000eae   0x08000eae   0x00000002   PAD
    0x08000eb0   0x08000eb0   0x00000090   Code   RO          240    i.HAL_I2C_MspInit   i2c.o
    0x08000f40   0x08000f40   0x00000002   Code   RO          610    i.HAL_I2C_SlaveRxCpltCallback  stm32f1xx_hal_i2c.o
    0x08000f42   0x08000f42   0x00000002   Code   RO          611    i.HAL_I2C_SlaveTxCpltCallback  stm32f1xx_hal_i2c.o
    0x08000f44   0x08000f44   0x00000010   Code   RO         1027    i.HAL_IncTick       stm32f1xx_hal.o
    0x08000f54   0x08000f54   0x00000024   Code   RO         1028    i.HAL_Init          stm32f1xx_hal.o
    0x08000f78   0x08000f78   0x00000040   Code   RO         1029    i.HAL_InitTick      stm32f1xx_hal.o
    0x08000fb8   0x08000fb8   0x0000003c   Code   RO          513    i.HAL_MspInit       stm32f1xx_hal_msp.o
    0x08000ff4   0x08000ff4   0x0000001a   Code   RO         1487    i.HAL_NVIC_EnableIRQ  stm32f1xx_hal_cortex.o
    0x0800100e   0x0800100e   0x00000002   PAD
    0x08001010   0x08001010   0x00000040   Code   RO         1493    i.HAL_NVIC_SetPriority  stm32f1xx_hal_cortex.o
    0x08001050   0x08001050   0x00000024   Code   RO         1494    i.HAL_NVIC_SetPriorityGrouping  stm32f1xx_hal_cortex.o
    0x08001074   0x08001074   0x0000012c   Code   RO         1185    i.HAL_RCC_ClockConfig  stm32f1xx_hal_rcc.o
    0x080011a0   0x080011a0   0x00000020   Code   RO         1192    i.HAL_RCC_GetPCLK1Freq  stm32f1xx_hal_rcc.o
    0x080011c0   0x080011c0   0x00000020   Code   RO         1193    i.HAL_RCC_GetPCLK2Freq  stm32f1xx_hal_rcc.o
    0x080011e0   0x080011e0   0x0000004c   Code   RO         1194    i.HAL_RCC_GetSysClockFreq  stm32f1xx_hal_rcc.o
    0x0800122c   0x0800122c   0x00000320   Code   RO         1197    i.HAL_RCC_OscConfig  stm32f1xx_hal_rcc.o
    0x0800154c   0x0800154c   0x00000018   Code   RO         1496    i.HAL_SYSTICK_CLKSourceConfig  stm32f1xx_hal_cortex.o
    0x08001564   0x08001564   0x00000028   Code   RO         1498    i.HAL_SYSTICK_Config  stm32f1xx_hal_cortex.o
    0x0800158c   0x0800158c   0x00000002   Code   RO         2693    i.HAL_TIMEx_BreakCallback  stm32f1xx_hal_tim_ex.o
    0x0800158e   0x0800158e   0x00000002   Code   RO         2694    i.HAL_TIMEx_CommutCallback  stm32f1xx_hal_tim_ex.o
    0x08001590   0x08001590   0x00000068   Code   RO         2712    i.HAL_TIMEx_MasterConfigSynchronization  stm32f1xx_hal_tim_ex.o
    0x080015f8   0x080015f8   0x0000005a   Code   RO         1989    i.HAL_TIM_Base_Init  stm32f1xx_hal_tim.o
    0x08001652   0x08001652   0x00000002   PAD
    0x08001654   0x08001654   0x000000f0   Code   RO          282    i.HAL_TIM_Base_MspInit  tim.o
    0x08001744   0x08001744   0x000000dc   Code   RO         1998    i.HAL_TIM_ConfigClockSource  stm32f1xx_hal_tim.o
    0x08001820   0x08001820   0x0000008e   Code   RO         2013    i.HAL_TIM_Encoder_Start  stm32f1xx_hal_tim.o
    0x080018ae   0x080018ae   0x00000002   Code   RO         2023    i.HAL_TIM_IC_CaptureCallback  stm32f1xx_hal_tim.o
    0x080018b0   0x080018b0   0x00000130   Code   RO         2037    i.HAL_TIM_IRQHandler  stm32f1xx_hal_tim.o
    0x080019e0   0x080019e0   0x00000002   Code   RO         2040    i.HAL_TIM_OC_DelayElapsedCallback  stm32f1xx_hal_tim.o
    0x080019e2   0x080019e2   0x00000002   Code   RO         2067    i.HAL_TIM_PWM_PulseFinishedCallback  stm32f1xx_hal_tim.o
    0x080019e4   0x080019e4   0x00000002   Code   RO         2075    i.HAL_TIM_PeriodElapsedCallback  stm32f1xx_hal_tim.o
    0x080019e6   0x080019e6   0x00000056   Code   RO         2078    i.HAL_TIM_SlaveConfigSynchro  stm32f1xx_hal_tim.o
    0x08001a3c   0x08001a3c   0x00000002   Code   RO         2080    i.HAL_TIM_TriggerCallback  stm32f1xx_hal_tim.o
    0x08001a3e   0x08001a3e   0x0000004a   Code   RO         2970    i.HAL_UARTEx_ReceiveToIdle_DMA  stm32f1xx_hal_uart.o
    0x08001a88   0x08001a88   0x00000064   Code   RO         3403    i.HAL_UARTEx_RxEventCallback  imu.o
    0x08001aec   0x08001aec   0x00000002   Code   RO         2986    i.HAL_UART_ErrorCallback  stm32f1xx_hal_uart.o
    0x08001aee   0x08001aee   0x00000002   PAD
    0x08001af0   0x08001af0   0x0000026c   Code   RO         2989    i.HAL_UART_IRQHandler  stm32f1xx_hal_uart.o
    0x08001d5c   0x08001d5c   0x00000064   Code   RO         2990    i.HAL_UART_Init     stm32f1xx_hal_uart.o
    0x08001dc0   0x08001dc0   0x00000120   Code   RO          336    i.HAL_UART_MspInit  usart.o
    0x08001ee0   0x08001ee0   0x0000001c   Code   RO         2995    i.HAL_UART_Receive_IT  stm32f1xx_hal_uart.o
    0x08001efc   0x08001efc   0x00000014   Code   RO           14    i.HAL_UART_RxCpltCallback  main.o
    0x08001f10   0x08001f10   0x00000002   Code   RO         2997    i.HAL_UART_RxHalfCpltCallback  stm32f1xx_hal_uart.o
    0x08001f12   0x08001f12   0x000000a0   Code   RO         2998    i.HAL_UART_Transmit  stm32f1xx_hal_uart.o
    0x08001fb2   0x08001fb2   0x00000032   Code   RO         3000    i.HAL_UART_Transmit_IT  stm32f1xx_hal_uart.o
    0x08001fe4   0x08001fe4   0x00000002   Code   RO         3001    i.HAL_UART_TxCpltCallback  stm32f1xx_hal_uart.o
    0x08001fe6   0x08001fe6   0x00000002   Code   RO          386    i.HardFault_Handler  stm32f1xx_it.o
    0x08001fe8   0x08001fe8   0x0000000c   Code   RO          387    i.I2C1_ER_IRQHandler  stm32f1xx_it.o
    0x08001ff4   0x08001ff4   0x0000000c   Code   RO          388    i.I2C1_EV_IRQHandler  stm32f1xx_it.o
    0x08002000   0x08002000   0x000000bc   Code   RO          622    i.I2C_DMAAbort      stm32f1xx_hal_i2c.o
    0x080020bc   0x080020bc   0x00000010   Code   RO          625    i.I2C_Flush_DR      stm32f1xx_hal_i2c.o
    0x080020cc   0x080020cc   0x00000158   Code   RO          626    i.I2C_ITError       stm32f1xx_hal_i2c.o
    0x08002224   0x08002224   0x000000da   Code   RO          628    i.I2C_MasterReceive_BTF  stm32f1xx_hal_i2c.o
    0x080022fe   0x080022fe   0x00000002   PAD
    0x08002300   0x08002300   0x000000f4   Code   RO          629    i.I2C_MasterReceive_RXNE  stm32f1xx_hal_i2c.o
    0x080023f4   0x080023f4   0x00000082   Code   RO          632    i.I2C_MasterTransmit_BTF  stm32f1xx_hal_i2c.o
    0x08002476   0x08002476   0x00000002   PAD
    0x08002478   0x08002478   0x000000b6   Code   RO          633    i.I2C_MasterTransmit_TXE  stm32f1xx_hal_i2c.o
    0x0800252e   0x0800252e   0x00000002   PAD
    0x08002530   0x08002530   0x00000158   Code   RO          634    i.I2C_Master_ADDR   stm32f1xx_hal_i2c.o
    0x08002688   0x08002688   0x0000008c   Code   RO          635    i.I2C_Master_SB     stm32f1xx_hal_i2c.o
    0x08002714   0x08002714   0x000000a8   Code   RO          636    i.I2C_MemoryTransmit_TXE_BTF  stm32f1xx_hal_i2c.o
    0x080027bc   0x080027bc   0x00000046   Code   RO          639    i.I2C_Slave_ADDR    stm32f1xx_hal_i2c.o
    0x08002802   0x08002802   0x00000002   PAD
    0x08002804   0x08002804   0x00000090   Code   RO          640    i.I2C_Slave_AF      stm32f1xx_hal_i2c.o
    0x08002894   0x08002894   0x0000015c   Code   RO          641    i.I2C_Slave_STOPF   stm32f1xx_hal_i2c.o
    0x080029f0   0x080029f0   0x00000014   Code   RO         3404    i.IMU_check_task    imu.o
    0x08002a04   0x08002a04   0x00000014   Code   RO         3405    i.IMU_dma_init      imu.o
    0x08002a18   0x08002a18   0x0000000e   Code   RO         3406    i.IMU_init          imu.o
    0x08002a26   0x08002a26   0x00000002   PAD
    0x08002a28   0x08002a28   0x00000044   Code   RO         3407    i.IMU_zero_angle    imu.o
    0x08002a6c   0x08002a6c   0x0000002c   Code   RO          215    i.MX_DMA_Init       dma.o
    0x08002a98   0x08002a98   0x000000c4   Code   RO          187    i.MX_GPIO_Init      gpio.o
    0x08002b5c   0x08002b5c   0x00000040   Code   RO          241    i.MX_I2C1_Init      i2c.o
    0x08002b9c   0x08002b9c   0x0000006c   Code   RO          283    i.MX_TIM1_Init      tim.o
    0x08002c08   0x08002c08   0x00000068   Code   RO          284    i.MX_TIM2_Init      tim.o
    0x08002c70   0x08002c70   0x00000064   Code   RO          285    i.MX_TIM3_Init      tim.o
    0x08002cd4   0x08002cd4   0x00000038   Code   RO          337    i.MX_USART1_UART_Init  usart.o
    0x08002d0c   0x08002d0c   0x00000038   Code   RO          338    i.MX_USART2_UART_Init  usart.o
    0x08002d44   0x08002d44   0x00000002   Code   RO          389    i.MemManage_Handler  stm32f1xx_it.o
    0x08002d46   0x08002d46   0x00000002   Code   RO          390    i.NMI_Handler       stm32f1xx_it.o
    0x08002d48   0x08002d48   0x00000002   Code   RO          391    i.PendSV_Handler    stm32f1xx_it.o
    0x08002d4a   0x08002d4a   0x00000002   PAD
    0x08002d4c   0x08002d4c   0x00000060   Code   RO         3537    i.Robot_com_call_back  robot_com.o
    0x08002dac   0x08002dac   0x00000038   Code   RO         3538    i.Robot_com_feed_back  robot_com.o
    0x08002de4   0x08002de4   0x0000002c   Code   RO         3539    i.Robot_com_init    robot_com.o
    0x08002e10   0x08002e10   0x0000001c   Code   RO         3540    i.Robot_com_send_data  robot_com.o
    0x08002e2c   0x08002e2c   0x00000002   Code   RO          392    i.SVC_Handler       stm32f1xx_it.o
    0x08002e2e   0x08002e2e   0x00000004   Code   RO          393    i.SysTick_Handler   stm32f1xx_it.o
    0x08002e32   0x08002e32   0x0000005e   Code   RO           15    i.SystemClock_Config  main.o
    0x08002e90   0x08002e90   0x00000002   Code   RO         3324    i.SystemInit        system_stm32f1xx.o
    0x08002e92   0x08002e92   0x00000002   PAD
    0x08002e94   0x08002e94   0x0000000c   Code   RO          394    i.TIM1_BRK_IRQHandler  stm32f1xx_it.o
    0x08002ea0   0x08002ea0   0x0000000c   Code   RO          395    i.TIM1_CC_IRQHandler  stm32f1xx_it.o
    0x08002eac   0x08002eac   0x0000000c   Code   RO          396    i.TIM1_TRG_COM_IRQHandler  stm32f1xx_it.o
    0x08002eb8   0x08002eb8   0x0000000c   Code   RO          397    i.TIM1_UP_IRQHandler  stm32f1xx_it.o
    0x08002ec4   0x08002ec4   0x0000000c   Code   RO          398    i.TIM3_IRQHandler   stm32f1xx_it.o
    0x08002ed0   0x08002ed0   0x00000078   Code   RO         2082    i.TIM_Base_SetConfig  stm32f1xx_hal_tim.o
    0x08002f48   0x08002f48   0x0000001a   Code   RO         2083    i.TIM_CCxChannelCmd  stm32f1xx_hal_tim.o
    0x08002f62   0x08002f62   0x00000014   Code   RO         2093    i.TIM_ETR_SetConfig  stm32f1xx_hal_tim.o
    0x08002f76   0x08002f76   0x00000010   Code   RO         2094    i.TIM_ITRx_SetConfig  stm32f1xx_hal_tim.o
    0x08002f86   0x08002f86   0x0000008c   Code   RO         2099    i.TIM_SlaveTimer_SetConfig  stm32f1xx_hal_tim.o
    0x08003012   0x08003012   0x00000022   Code   RO         2100    i.TIM_TI1_ConfigInputStage  stm32f1xx_hal_tim.o
    0x08003034   0x08003034   0x00000024   Code   RO         2102    i.TIM_TI2_ConfigInputStage  stm32f1xx_hal_tim.o
    0x08003058   0x08003058   0x00000010   Code   RO         3003    i.UART_DMAAbortOnError  stm32f1xx_hal_uart.o
    0x08003068   0x08003068   0x0000004a   Code   RO         3004    i.UART_DMAError     stm32f1xx_hal_uart.o
    0x080030b2   0x080030b2   0x00000086   Code   RO         3005    i.UART_DMAReceiveCplt  stm32f1xx_hal_uart.o
    0x08003138   0x08003138   0x0000001e   Code   RO         3007    i.UART_DMARxHalfCplt  stm32f1xx_hal_uart.o
    0x08003156   0x08003156   0x0000004e   Code   RO         3013    i.UART_EndRxTransfer  stm32f1xx_hal_uart.o
    0x080031a4   0x080031a4   0x0000001c   Code   RO         3014    i.UART_EndTxTransfer  stm32f1xx_hal_uart.o
    0x080031c0   0x080031c0   0x000000c2   Code   RO         3015    i.UART_Receive_IT   stm32f1xx_hal_uart.o
    0x08003282   0x08003282   0x00000002   PAD
    0x08003284   0x08003284   0x000000b8   Code   RO         3016    i.UART_SetConfig    stm32f1xx_hal_uart.o
    0x0800333c   0x0800333c   0x00000090   Code   RO         3017    i.UART_Start_Receive_DMA  stm32f1xx_hal_uart.o
    0x080033cc   0x080033cc   0x00000036   Code   RO         3018    i.UART_Start_Receive_IT  stm32f1xx_hal_uart.o
    0x08003402   0x08003402   0x00000072   Code   RO         3019    i.UART_WaitOnFlagUntilTimeout  stm32f1xx_hal_uart.o
    0x08003474   0x08003474   0x00000020   Code   RO         3408    i.USART1_IRQHandler  imu.o
    0x08003494   0x08003494   0x0000000c   Code   RO          399    i.USART2_IRQHandler  stm32f1xx_it.o
    0x080034a0   0x080034a0   0x00000002   Code   RO          400    i.UsageFault_Handler  stm32f1xx_it.o
    0x080034a2   0x080034a2   0x00000028   Code   RO         3833    i.__ARM_fpclassify  m_ws.l(fpclassify.o)
    0x080034ca   0x080034ca   0x00000020   Code   RO         1500    i.__NVIC_SetPriority  stm32f1xx_hal_cortex.o
    0x080034ea   0x080034ea   0x00000002   PAD
    0x080034ec   0x080034ec   0x00000388   Code   RO         3776    i.__ieee754_rem_pio2  m_ws.l(rred.o)
    0x08003874   0x08003874   0x000000fc   Code   RO         3759    i.__kernel_cos      m_ws.l(cos_i.o)
    0x08003970   0x08003970   0x000000aa   Code   RO         3835    i.__kernel_poly     m_ws.l(poly.o)
    0x08003a1a   0x08003a1a   0x00000002   PAD
    0x08003a1c   0x08003a1c   0x000000ec   Code   RO         3781    i.__kernel_sin      m_ws.l(sin_i.o)
    0x08003b08   0x08003b08   0x00000006   Code   RO         3763    i.__mathlib_dbl_infnan  m_ws.l(dunder.o)
    0x08003b0e   0x08003b0e   0x0000000c   Code   RO         3765    i.__mathlib_dbl_invalid  m_ws.l(dunder.o)
    0x08003b1a   0x08003b1a   0x00000002   PAD
    0x08003b1c   0x08003b1c   0x00000010   Code   RO         3768    i.__mathlib_dbl_underflow  m_ws.l(dunder.o)
    0x08003b2c   0x08003b2c   0x0000001c   Code   RO         3637    i.append_CRC8_check_sum  crc8_crc16.o
    0x08003b48   0x08003b48   0x000000e0   Code   RO         3476    i.control_loop      ops9_control.o
    0x08003c28   0x08003c28   0x0000009c   Code   RO         3728    i.cos               m_ws.l(cos.o)
    0x08003cc4   0x08003cc4   0x00000038   Code   RO         3595    i.delay_init        delay.o
    0x08003cfc   0x08003cfc   0x00000034   Code   RO         3596    i.delay_ms          delay.o
    0x08003d30   0x08003d30   0x0000006c   Code   RO         3477    i.feed_back         ops9_control.o
    0x08003d9c   0x08003d9c   0x0000001c   Code   RO         3639    i.get_CRC8_check_sum  crc8_crc16.o
    0x08003db8   0x08003db8   0x00000008   Code   RO         3478    i.get_control_para_point  ops9_control.o
    0x08003dc0   0x08003dc0   0x0000000c   Code   RO         3363    i.get_encoder_para_point  encoder.o
    0x08003dcc   0x08003dcc   0x00000008   Code   RO         3409    i.get_imu_para_point  imu.o
    0x08003dd4   0x08003dd4   0x0000000c   Code   RO         3541    i.get_ops_cmd_data  robot_com.o
    0x08003de0   0x08003de0   0x000000b8   Code   RO           16    i.main              main.o
    0x08003e98   0x08003e98   0x000000a0   Code   RO         3736    i.sin               m_ws.l(sin.o)
    0x08003f38   0x08003f38   0x0000004c   Code   RO         3479    i.yaw_add_count     ops9_control.o
    0x08003f84   0x08003f84   0x00000062   Code   RO         3703    x$fpl$d2f           fz_ws.l(d2f.o)
    0x08003fe6   0x08003fe6   0x00000002   PAD
    0x08003fe8   0x08003fe8   0x00000150   Code   RO         3807    x$fpl$dadd          fz_ws.l(daddsub_clz.o)
    0x08004138   0x08004138   0x00000010   Code   RO         3850    x$fpl$dcheck1       fz_ws.l(dcheck1.o)
    0x08004148   0x08004148   0x000002b0   Code   RO         3814    x$fpl$ddiv          fz_ws.l(ddiv.o)
    0x080043f8   0x080043f8   0x0000005e   Code   RO         3817    x$fpl$dfix          fz_ws.l(dfix.o)
    0x08004456   0x08004456   0x0000002e   Code   RO         3822    x$fpl$dflt          fz_ws.l(dflt_clz.o)
    0x08004484   0x08004484   0x00000026   Code   RO         3821    x$fpl$dfltu         fz_ws.l(dflt_clz.o)
    0x080044aa   0x080044aa   0x00000002   PAD
    0x080044ac   0x080044ac   0x00000154   Code   RO         3827    x$fpl$dmul          fz_ws.l(dmul.o)
    0x08004600   0x08004600   0x0000009c   Code   RO         3748    x$fpl$dnaninf       fz_ws.l(dnaninf.o)
    0x0800469c   0x0800469c   0x0000000c   Code   RO         3750    x$fpl$dretinf       fz_ws.l(dretinf.o)
    0x080046a8   0x080046a8   0x00000016   Code   RO         3808    x$fpl$drsb          fz_ws.l(daddsub_clz.o)
    0x080046be   0x080046be   0x00000002   PAD
    0x080046c0   0x080046c0   0x000001d4   Code   RO         3809    x$fpl$dsub          fz_ws.l(daddsub_clz.o)
    0x08004894   0x08004894   0x00000056   Code   RO         3705    x$fpl$f2d           fz_ws.l(f2d.o)
    0x080048ea   0x080048ea   0x00000002   PAD
    0x080048ec   0x080048ec   0x000000c4   Code   RO         3707    x$fpl$fadd          fz_ws.l(faddsub_clz.o)
    0x080049b0   0x080049b0   0x0000000c   Code   RO         3752    x$fpl$fcheck1       fz_ws.l(fcheck1.o)
    0x080049bc   0x080049bc   0x00000184   Code   RO         3714    x$fpl$fdiv          fz_ws.l(fdiv.o)
    0x08004b40   0x08004b40   0x00000030   Code   RO         3718    x$fpl$fflt          fz_ws.l(fflt_clz.o)
    0x08004b70   0x08004b70   0x00000102   Code   RO         3723    x$fpl$fmul          fz_ws.l(fmul.o)
    0x08004c72   0x08004c72   0x0000008c   Code   RO         3754    x$fpl$fnaninf       fz_ws.l(fnaninf.o)
    0x08004cfe   0x08004cfe   0x0000000a   Code   RO         3756    x$fpl$fretinf       fz_ws.l(fretinf.o)
    0x08004d08   0x08004d08   0x000000ea   Code   RO         3709    x$fpl$fsub          fz_ws.l(faddsub_clz.o)
    0x08004df2   0x08004df2   0x00000064   Code   RO         3829    x$fpl$retnan        fz_ws.l(retnan.o)
    0x08004e56   0x08004e56   0x0000005c   Code   RO         3831    x$fpl$scalbn        fz_ws.l(scalbn.o)
    0x08004eb2   0x08004eb2   0x0000004c   Code   RO         3725    x$fpl$scalbnf       fz_ws.l(scalbnf.o)
    0x08004efe   0x08004efe   0x00000030   Code   RO         3852    x$fpl$trapveneer    fz_ws.l(trapv.o)
    0x08004f2e   0x08004f2e   0x00000000   Code   RO         3758    x$fpl$usenofp       fz_ws.l(usenofp.o)
    0x08004f2e   0x08004f2e   0x00000012   Data   RO         1198    .constdata          stm32f1xx_hal_rcc.o
    0x08004f40   0x08004f40   0x00000010   Data   RO         3325    .constdata          system_stm32f1xx.o
    0x08004f50   0x08004f50   0x00000008   Data   RO         3326    .constdata          system_stm32f1xx.o
    0x08004f58   0x08004f58   0x00000300   Data   RO         3643    .constdata          crc8_crc16.o
    0x08005258   0x08005258   0x00000030   Data   RO         3760    .constdata          m_ws.l(cos_i.o)
    0x08005288   0x08005288   0x000000c8   Data   RO         3778    .constdata          m_ws.l(rred.o)
    0x08005350   0x08005350   0x00000028   Data   RO         3782    .constdata          m_ws.l(sin_i.o)
    0x08005378   0x08005378   0x00000020   Data   RO         3980    Region$$Table       anon$$obj.o


    Execution Region RW_IRAM1 (Exec base: 0x20000000, Load base: 0x08005398, Size: 0x00000940, Max: 0x00005000, ABSOLUTE)

    Exec Addr    Load Addr    Size         Type   Attr      Idx    E Section Name        Object

    0x20000000   0x08005398   0x00000008   Data   RW           17    .data               main.o
    0x20000008   0x080053a0   0x0000000c   Data   RW         1035    .data               stm32f1xx_hal.o
    0x20000014   0x080053ac   0x00000004   Data   RW         3327    .data               system_stm32f1xx.o
    0x20000018   0x080053b0   0x00000008   Data   RW         3411    .data               imu.o
    0x20000020   0x080053b8   0x00000010   Data   RW         3481    .data               ops9_control.o
    0x20000030   0x080053c8   0x00000006   Data   RW         3543    .data               robot_com.o
    0x20000036   0x080053ce   0x00000004   Data   RW         3598    .data               delay.o
    0x2000003a   0x080053d2   0x00000002   PAD
    0x2000003c        -       0x00000054   Zero   RW          242    .bss                i2c.o
    0x20000090        -       0x000000d8   Zero   RW          286    .bss                tim.o
    0x20000168        -       0x000000d4   Zero   RW          339    .bss                usart.o
    0x2000023c        -       0x00000020   Zero   RW         3364    .bss                encoder.o
    0x2000025c        -       0x00000016   Zero   RW         3410    .bss                imu.o
    0x20000272   0x080053d2   0x00000002   PAD
    0x20000274        -       0x00000044   Zero   RW         3480    .bss                ops9_control.o
    0x200002b8        -       0x00000026   Zero   RW         3542    .bss                robot_com.o
    0x200002de   0x080053d2   0x00000002   PAD
    0x200002e0        -       0x00000060   Zero   RW         3838    .bss                c_w.l(libspace.o)
    0x20000340        -       0x00000200   Zero   RW            2    HEAP                startup_stm32f103xb.o
    0x20000540        -       0x00000400   Zero   RW            1    STACK               startup_stm32f103xb.o


==============================================================================

Image component sizes


      Code (inc. data)   RO Data    RW Data    ZI Data      Debug   Object Name

        56          4        768          0          0       2086   crc8_crc16.o
       108         18          0          4          0       1120   delay.o
        44          4          0          0          0        714   dma.o
       236         38          0          0         32       2338   encoder.o
       196         18          0          0          0        931   gpio.o
       208         30          0          0         84       1589   i2c.o
       262         68          0          8         22       4425   imu.o
       302         24          0          8          0     461561   main.o
       496         54          0         16         68       4463   ops9_control.o
       236         44          0          6         38       3800   robot_com.o
        64         26        236          0       1536        788   startup_stm32f103xb.o
       128         24          0         12          0       5145   stm32f1xx_hal.o
       222         14          0          0          0      29389   stm32f1xx_hal_cortex.o
       814         36          0          0          0       5369   stm32f1xx_hal_dma.o
       516         34          0          0          0       4012   stm32f1xx_hal_gpio.o
      3704         56          0          0          0      22141   stm32f1xx_hal_i2c.o
        60          8          0          0          0        830   stm32f1xx_hal_msp.o
      1240         84         18          0          0       4980   stm32f1xx_hal_rcc.o
      1244         20          0          0          0      12666   stm32f1xx_hal_tim.o
       108         12          0          0          0       2313   stm32f1xx_hal_tim_ex.o
      2088         24          0          0          0      15388   stm32f1xx_hal_uart.o
       128         54          0          0          0       7419   stm32f1xx_it.o
         2          0         24          4          0       1047   system_stm32f1xx.o
       552         38          0          0        216       3048   tim.o
       400         50          0          0        212       2398   usart.o

    ----------------------------------------------------------------------
     13446        782       1078         60       2212     599960   Object Totals
         0          0         32          0          0          0   (incl. Generated)
        32          0          0          2          4          0   (incl. Padding)

    ----------------------------------------------------------------------

      Code (inc. data)   RO Data    RW Data    ZI Data      Debug   Library Member Name

         8          0          0          0          0         68   __main.o
         0          0          0          0          0          0   __rtentry.o
        12          0          0          0          0          0   __rtentry2.o
         6          0          0          0          0          0   __rtentry4.o
        52          8          0          0          0          0   __scatter.o
        26          0          0          0          0          0   __scatter_copy.o
        28          0          0          0          0          0   __scatter_zi.o
        22          0          0          0          0        100   _rserrno.o
        18          0          0          0          0         80   exit.o
         6          0          0          0          0        152   heapauxi.o
         0          0          0          0          0          0   indicate_semi.o
         2          0          0          0          0          0   libinit.o
         2          0          0          0          0          0   libinit2.o
         2          0          0          0          0          0   libshutdown.o
         2          0          0          0          0          0   libshutdown2.o
         8          4          0          0         96         68   libspace.o
         8          4          0          0          0         68   rt_errno_addr_intlibspace.o
        78          0          0          0          0         80   rt_memclr_w.o
       138          0          0          0          0         68   rt_memcpy_v6.o
       100          0          0          0          0         80   rt_memcpy_w.o
         2          0          0          0          0          0   rtexit.o
        10          0          0          0          0          0   rtexit2.o
        12          4          0          0          0         68   sys_exit.o
        74          0          0          0          0         80   sys_stackheap_outer.o
         2          0          0          0          0         68   use_no_semi.o
        98          4          0          0          0         92   d2f.o
       826         16          0          0          0        348   daddsub_clz.o
        16          4          0          0          0         68   dcheck1.o
       688        140          0          0          0        208   ddiv.o
        94          4          0          0          0         92   dfix.o
        84          0          0          0          0        136   dflt_clz.o
       340         12          0          0          0        104   dmul.o
       156          4          0          0          0         92   dnaninf.o
        12          0          0          0          0         68   dretinf.o
        86          4          0          0          0         84   f2d.o
       430          8          0          0          0        168   faddsub_clz.o
        12          4          0          0          0         68   fcheck1.o
       388         76          0          0          0         96   fdiv.o
        48          0          0          0          0         68   fflt_clz.o
       258          4          0          0          0         84   fmul.o
       140          4          0          0          0         84   fnaninf.o
        10          0          0          0          0         68   fretinf.o
       100          0          0          0          0         68   retnan.o
        92          0          0          0          0         68   scalbn.o
        76          0          0          0          0         68   scalbnf.o
        48          0          0          0          0         68   trapv.o
         0          0          0          0          0          0   usenofp.o
       156          8          0          0          0        104   cos.o
       252         22         48          0          0        124   cos_i.o
        34          6          0          0          0        204   dunder.o
        40          0          0          0          0         68   fpclassify.o
       170          0          0          0          0         96   poly.o
       904         76        200          0          0        140   rred.o
       160         10          0          0          0        108   sin.o
       236         12         40          0          0        128   sin_i.o

    ----------------------------------------------------------------------
      6588        438        288          0         96       4152   Library Totals
        16          0          0          0          0          0   (incl. Padding)

    ----------------------------------------------------------------------

      Code (inc. data)   RO Data    RW Data    ZI Data      Debug   Library Name

       618         20          0          0         96        980   c_w.l
      4002        284          0          0          0       2200   fz_ws.l
      1952        134        288          0          0        972   m_ws.l

    ----------------------------------------------------------------------
      6588        438        288          0         96       4152   Library Totals

    ----------------------------------------------------------------------

==============================================================================


      Code (inc. data)   RO Data    RW Data    ZI Data      Debug   

     20034       1220       1366         60       2308     594280   Grand Totals
     20034       1220       1366         60       2308     594280   ELF Image Totals
     20034       1220       1366         60          0          0   ROM Totals

==============================================================================

    Total RO  Size (Code + RO Data)                21400 (  20.90kB)
    Total RW  Size (RW Data + ZI Data)              2368 (   2.31kB)
    Total ROM Size (Code + RO Data + RW Data)      21460 (  20.96kB)

==============================================================================

